 INFO initializing system contracts protocol_version=29 use_evm_emulator=false zksync_os.zksync_os=false
 INFO Starting executing L1 batch #1
TRACE Fee benchmark for transaction with hash 60e775ebe202d9fefebd0415d6952383c785d251d2d3ac61902681cf78cc14fc
TRACE Gas Limit: 400000000
TRACE Gas spent on computation: 4096066
TRACE Gas spent on pubdata: 2927484
TRACE Pubdata published: 34851
 INFO Starting executing L1 batch #2
TRACE Fee benchmark for transaction with hash 06358716bda4a19f8d1bfb82f01c35b5d297e0327f7f88c720a1f2c4208e450a
TRACE Gas Limit: 200000000
TRACE Gas spent on computation: 720491
TRACE Gas spent on pubdata: 444612
TRACE Pubdata published: 5293
 INFO Starting executing L1 batch #3
TRACE Fee benchmark for transaction with hash 161536358035cb033f5a07669678470d417f952749c9e6bebf1f3bfd7b947e10
TRACE Gas Limit: 30000000
TRACE Gas spent on computation: 124461
TRACE Gas spent on pubdata: 4368
TRACE Pubdata published: 52
 INFO Starting executing L1 batch #4
TRACE Fee benchmark for transaction with hash 4b262f4a23ee588c944c83a9e8b5e9615af5808ed2820a097651b2a9d618c783
TRACE Gas Limit: 30000000
TRACE Gas spent on computation: 124781
TRACE Gas spent on pubdata: 4368
TRACE Pubdata published: 52
 INFO Starting executing L1 batch #5
TRACE Fee benchmark for transaction with hash 64b737f728f81da9255443edb3bfe8ed365954f3dd4b3d74dc9188af7b08a2b9
TRACE Gas Limit: 30000000
TRACE Gas spent on computation: 124781
TRACE Gas spent on pubdata: 4368
TRACE Pubdata published: 52
 INFO Starting executing L1 batch #6
TRACE Fee benchmark for transaction with hash 9579239f5d2370e2e29074b8ddd10bd801d95c95ac52b1291f001544e6455129
TRACE Gas Limit: 30000000
TRACE Gas spent on computation: 124781
TRACE Gas spent on pubdata: 4368
TRACE Pubdata published: 52
 INFO Starting executing L1 batch #7
TRACE Fee benchmark for transaction with hash 57b7bb40ede9c655795bee9d3da2656fe4fbac18b65b799bfa139bc980881eda
TRACE Gas Limit: 30000000
TRACE Gas spent on computation: 124781
TRACE Gas spent on pubdata: 4368
TRACE Pubdata published: 52
 INFO Starting executing L1 batch #8
TRACE Fee benchmark for transaction with hash a8244a8da284c786069056bc2727c753ade54ff21dfc7e554d08c4573774696e
TRACE Gas Limit: 30000000
TRACE Gas spent on computation: 124781
TRACE Gas spent on pubdata: 4368
TRACE Pubdata published: 52
 INFO Starting executing L1 batch #9
TRACE Fee benchmark for transaction with hash 07a6a92247db8d4d7bd52a90c3149bdd74770235d2c83d951fdef209cedca40f
TRACE Gas Limit: 30000000
TRACE Gas spent on computation: 124781
TRACE Gas spent on pubdata: 4368
TRACE Pubdata published: 52
 INFO Starting executing L1 batch #10
TRACE Fee benchmark for transaction with hash 7d8c9aa558fa49fac28f265988e4576f7d4a2d08da603b7b58847b4ef8aa4676
TRACE Gas Limit: 30000000
TRACE Gas spent on computation: 124781
TRACE Gas spent on pubdata: 4368
TRACE Pubdata published: 52
 INFO Starting executing L1 batch #11
TRACE Fee benchmark for transaction with hash d0ade75bb8a2dfc9e1a516fe155886c804efe0b0bfcf123490a37e7c30ead4b7
TRACE Gas Limit: 30000000
TRACE Gas spent on computation: 124781
TRACE Gas spent on pubdata: 4368
TRACE Pubdata published: 52
 INFO Starting executing L1 batch #12
TRACE Fee benchmark for transaction with hash a7bf588b71a15113c39748a0be902c7c484d0b44e618db7aca88965201c83339
TRACE Gas Limit: 30000000
TRACE Gas spent on computation: 476141
TRACE Gas spent on pubdata: 1512
TRACE Pubdata published: 18
 INFO Starting executing L1 batch #13
TRACE Fee benchmark for transaction with hash 7dbd32a0d47cc745960aea67cc80a4623f5463ee6cee5b7787d649d6ba61dbda
TRACE Gas Limit: 30000000
TRACE Gas spent on computation: 477323
TRACE Gas spent on pubdata: 1512
TRACE Pubdata published: 18
 INFO Starting executing L1 batch #14
TRACE Fee benchmark for transaction with hash ecf18a82cd09b0c12e18463ccce8618aff55037e5d2f0c5fab4304079e7a77c2
TRACE Gas Limit: 30000000
TRACE Gas spent on computation: 480395
TRACE Gas spent on pubdata: 1512
TRACE Pubdata published: 18
 INFO Starting executing L1 batch #15
TRACE Fee benchmark for transaction with hash 28b41e993aa76aca67aae46dad9575e36c1bedfe0ff2a3e913d93055d5ff3e8c
TRACE Gas Limit: 30000000
TRACE Gas spent on computation: 480563
TRACE Gas spent on pubdata: 1512
TRACE Pubdata published: 18
 INFO Starting executing L1 batch #16
TRACE Fee benchmark for transaction with hash 5efb43022016fbfd26114a794ffee8f355dee85fd591d87c82581504297ae146
TRACE Gas Limit: 30000000
TRACE Gas spent on computation: 477689
TRACE Gas spent on pubdata: 1512
TRACE Pubdata published: 18
 INFO Starting executing L1 batch #17
TRACE Fee benchmark for transaction with hash 9c315752205aac8ee14fc4048912c4d93338fd4857ee05a9c564e1b8f2ecf579
TRACE Gas Limit: 30000000
TRACE Gas spent on computation: 479195
TRACE Gas spent on pubdata: 1512
TRACE Pubdata published: 18
 INFO Starting executing L1 batch #18
TRACE Fee benchmark for transaction with hash 1f189e519570b260a53f9ce8c690516bedb7bc584412d77561b0ea00bdb32481
TRACE Gas Limit: 30000000
TRACE Gas spent on computation: 478709
TRACE Gas spent on pubdata: 1512
TRACE Pubdata published: 18
 INFO Starting executing L1 batch #19
TRACE Fee benchmark for transaction with hash a06f1c1bf2c691b588147ca4e76163174a89a0bf42722c8acda7f13ce80450ad
TRACE Gas Limit: 30000000
TRACE Gas spent on computation: 476609
TRACE Gas spent on pubdata: 1512
TRACE Pubdata published: 18
 INFO Starting executing L1 batch #20
TRACE Fee benchmark for transaction with hash 6f3970cdb83fcec4d5b942441809fc8ebfe075f39f937191a13408a77adfe10e
TRACE Gas Limit: 30000000
TRACE Gas spent on computation: 468322
TRACE Gas spent on pubdata: 1512
TRACE Pubdata published: 18
 INFO Starting executing L1 batch #21
TRACE Fee benchmark for transaction with hash 0adb928de1008cf408138a1d5c1dd467612d729cc48e7c679f7ff2612abbbf12
TRACE Gas Limit: 30000000
TRACE Gas spent on computation: 469504
TRACE Gas spent on pubdata: 1512
TRACE Pubdata published: 18
 INFO Starting executing L1 batch #22
TRACE Fee benchmark for transaction with hash a4ea347ec52204f8d9f322a0c5f1c33c923281c58d4059d507d8eb0dc6d98ae9
TRACE Gas Limit: 30000000
TRACE Gas spent on computation: 472576
TRACE Gas spent on pubdata: 1512
TRACE Pubdata published: 18
 INFO Starting executing L1 batch #23
TRACE Fee benchmark for transaction with hash 04ed73361633bf0baf8c2b4c54455706815713bb640edd625e037cd198fb1220
TRACE Gas Limit: 30000000
TRACE Gas spent on computation: 472744
TRACE Gas spent on pubdata: 1512
TRACE Pubdata published: 18
 INFO Starting executing L1 batch #24
TRACE Fee benchmark for transaction with hash ae1e9b572c4ab20f3f1af10a70df85a9e0f2e93270056e79c279eea8353d9fe9
TRACE Gas Limit: 30000000
TRACE Gas spent on computation: 469870
TRACE Gas spent on pubdata: 1512
TRACE Pubdata published: 18
 INFO Starting executing L1 batch #25
TRACE Fee benchmark for transaction with hash 13f4a869e2099deadf090ac115081495deec4530b1f493241a87cb81bfd8d2ed
TRACE Gas Limit: 30000000
TRACE Gas spent on computation: 471376
TRACE Gas spent on pubdata: 1512
TRACE Pubdata published: 18
 INFO Starting executing L1 batch #26
TRACE Fee benchmark for transaction with hash 77f2d7f2adee2394499b5fb35c64fc0c3a10e484b91b89c5713792f1505f289a
TRACE Gas Limit: 30000000
TRACE Gas spent on computation: 470890
TRACE Gas spent on pubdata: 1512
TRACE Pubdata published: 18
 INFO Starting executing L1 batch #27
TRACE Fee benchmark for transaction with hash 8dfd5cb5f8a3e66f566a1821883f95ac5e47c5708e490122839d9f0f1112ca78
TRACE Gas Limit: 30000000
TRACE Gas spent on computation: 468790
TRACE Gas spent on pubdata: 1512
TRACE Pubdata published: 18
 INFO Starting executing L1 batch #28
TRACE Fee benchmark for transaction with hash 1acebf903d65ffd039a841488e43e8a9d1a5733f4874ade325e189281dca5e4c
TRACE Gas Limit: 30000000
TRACE Gas spent on computation: 468322
TRACE Gas spent on pubdata: 1512
TRACE Pubdata published: 18
 INFO Starting executing L1 batch #29
TRACE Fee benchmark for transaction with hash 049996165d5fb5027178c7a74547a7ac6c36876296b685a17284f5a65d0858ec
TRACE Gas Limit: 30000000
TRACE Gas spent on computation: 118880
TRACE Gas spent on pubdata: 1512
TRACE Pubdata published: 18
