 INFO initializing system contracts protocol_version=29 use_evm_emulator=false zksync_os.zksync_os=false


                      _  _         _____ _  __
  __ _  _ __  __   __(_)| |       |__  /| |/ / ___  _   _  _ __    ___
 / _` || '_ \ \ \ / /| || | _____   / / | ' / / __|| | | || '_ \  / __|
| (_| || | | | \ V / | || ||_____| / /_ | . \ \__ \| |_| || | | || (__
 \__,_||_| |_|  \_/  |_||_|       /____||_|\_\|___/ \__, ||_| |_| \___|
                                                    |___/

Version:        0.6.11
Repository:     https://github.com/matter-labs/anvil-zksync



Rich Accounts
========================
(0) 0xf39Fd6e51aad88F6F4ce6aB8827279cffFb92266 (10000.000000000000000000 ETH)
(1) 0x70997970C51812dc3A010C7d01b50e0d17dc79C8 (10000.000000000000000000 ETH)



Private Keys
========================
(0) 0xac0974bec39a17e36ba4a6b4d238ff944bacb478cbed5efcae784d7bf4f2ff80
(1) 0x59c6995e998f97a5a0044966f0945389dc9e86dae88c7a8412f4603b6b78690d



Wallet
========================
Mnemonic:            test test test test test test test test test test test junk
Derivation path:     m/44'/60'/0'/0/0


Network Configuration
========================
Chain ID: 260


Gas Configuration
========================
L1 Gas Price (gwei):               2.365348 gwei
L2 Gas Price (gwei):               0.045250 gwei
L1 Pubdata Price (gwei):           0.000000 gwei
Estimated Gas Price Scale Factor:  2
Estimated Gas Limit Scale Factor:  1.3


Genesis Timestamp
========================
1000


Node Configuration
========================
Port:                  18011
EVM Interpreter:       Disabled
Health Check Endpoint: Disabled
ZKsync OS:             Disabled
L1:                    Disabled


========================================
  Listening on 127.0.0.1:18011
========================================

 INFO Starting executing L1 batch #1
TRACE Fee benchmark for transaction with hash 1ae338bfbb4a886239c923baec5915e8e77762bd145fa5c7b5868ac92bf6a3cc
TRACE Gas Limit: 400000000
TRACE Gas spent on computation: 856034
TRACE Gas spent on pubdata: 547932
TRACE Pubdata published: 6523

✅ [SUCCESS] Hash: 0x1ae338bfbb4a886239c923baec5915e8e77762bd145fa5c7b5868ac92bf6a3cc
Initiator: 0xf39fd6e51aad88f6f4ce6ab8827279cfffb92266
Payer: 0xf39fd6e51aad88f6f4ce6ab8827279cfffb92266
Gas Limit: 400_000_000 | Used: 1_401_595 | Refunded: 398_598_405
Paid: 0.000063422173750000 ETH (1401595 gas * 0.045250 gwei)
Refunded: 0.018036577826250000 ETH

 INFO Starting executing L1 batch #2
TRACE Fee benchmark for transaction with hash cdcedcc3c1e93c91cf6a046d2e47399fc2c11ea3db879548cd5a71c7e4534a7e
TRACE Gas Limit: 200000000
TRACE Gas spent on computation: 733361
TRACE Gas spent on pubdata: 455364
TRACE Pubdata published: 5421

✅ [SUCCESS] Hash: 0xcdcedcc3c1e93c91cf6a046d2e47399fc2c11ea3db879548cd5a71c7e4534a7e
Initiator: 0xf39fd6e51aad88f6f4ce6ab8827279cfffb92266
Payer: 0xf39fd6e51aad88f6f4ce6ab8827279cfffb92266
Gas Limit: 200_000_000 | Used: 1_186_755 | Refunded: 198_813_245
Paid: 0.000053700663750000 ETH (1186755 gas * 0.045250 gwei)
Refunded: 0.008996299336250000 ETH

 INFO Starting executing L1 batch #3
TRACE Fee benchmark for transaction with hash 161536358035cb033f5a07669678470d417f952749c9e6bebf1f3bfd7b947e10
TRACE Gas Limit: 30000000
TRACE Gas spent on computation: 124477
TRACE Gas spent on pubdata: 4368
TRACE Pubdata published: 52

✅ [SUCCESS] Hash: 0x161536358035cb033f5a07669678470d417f952749c9e6bebf1f3bfd7b947e10
Initiator: 0xf39fd6e51aad88f6f4ce6ab8827279cfffb92266
Payer: 0xf39fd6e51aad88f6f4ce6ab8827279cfffb92266
Gas Limit: 30_000_000 | Used: 128_826 | Refunded: 29_871_174
Paid: 0.000005829376500000 ETH (128826 gas * 0.045250 gwei)
Refunded: 0.001351670623500000 ETH

 INFO Starting executing L1 batch #4
TRACE Fee benchmark for transaction with hash 4b262f4a23ee588c944c83a9e8b5e9615af5808ed2820a097651b2a9d618c783
TRACE Gas Limit: 30000000
TRACE Gas spent on computation: 124797
TRACE Gas spent on pubdata: 4368
TRACE Pubdata published: 52

✅ [SUCCESS] Hash: 0x4b262f4a23ee588c944c83a9e8b5e9615af5808ed2820a097651b2a9d618c783
Initiator: 0xf39fd6e51aad88f6f4ce6ab8827279cfffb92266
Payer: 0xf39fd6e51aad88f6f4ce6ab8827279cfffb92266
Gas Limit: 30_000_000 | Used: 129_146 | Refunded: 29_870_854
Paid: 0.000005843856500000 ETH (129146 gas * 0.045250 gwei)
Refunded: 0.001351656143500000 ETH

 INFO Starting executing L1 batch #5
TRACE Fee benchmark for transaction with hash 64b737f728f81da9255443edb3bfe8ed365954f3dd4b3d74dc9188af7b08a2b9
TRACE Gas Limit: 30000000
TRACE Gas spent on computation: 124797
TRACE Gas spent on pubdata: 4368
TRACE Pubdata published: 52

✅ [SUCCESS] Hash: 0x64b737f728f81da9255443edb3bfe8ed365954f3dd4b3d74dc9188af7b08a2b9
Initiator: 0xf39fd6e51aad88f6f4ce6ab8827279cfffb92266
Payer: 0xf39fd6e51aad88f6f4ce6ab8827279cfffb92266
Gas Limit: 30_000_000 | Used: 129_146 | Refunded: 29_870_854
Paid: 0.000005843856500000 ETH (129146 gas * 0.045250 gwei)
Refunded: 0.001351656143500000 ETH

 INFO Starting executing L1 batch #6
TRACE Fee benchmark for transaction with hash 9579239f5d2370e2e29074b8ddd10bd801d95c95ac52b1291f001544e6455129
TRACE Gas Limit: 30000000
TRACE Gas spent on computation: 124797
TRACE Gas spent on pubdata: 4368
TRACE Pubdata published: 52

✅ [SUCCESS] Hash: 0x9579239f5d2370e2e29074b8ddd10bd801d95c95ac52b1291f001544e6455129
Initiator: 0xf39fd6e51aad88f6f4ce6ab8827279cfffb92266
Payer: 0xf39fd6e51aad88f6f4ce6ab8827279cfffb92266
Gas Limit: 30_000_000 | Used: 129_146 | Refunded: 29_870_854
Paid: 0.000005843856500000 ETH (129146 gas * 0.045250 gwei)
Refunded: 0.001351656143500000 ETH

 INFO Starting executing L1 batch #7
TRACE Fee benchmark for transaction with hash 57b7bb40ede9c655795bee9d3da2656fe4fbac18b65b799bfa139bc980881eda
TRACE Gas Limit: 30000000
TRACE Gas spent on computation: 124797
TRACE Gas spent on pubdata: 4368
TRACE Pubdata published: 52

✅ [SUCCESS] Hash: 0x57b7bb40ede9c655795bee9d3da2656fe4fbac18b65b799bfa139bc980881eda
Initiator: 0xf39fd6e51aad88f6f4ce6ab8827279cfffb92266
Payer: 0xf39fd6e51aad88f6f4ce6ab8827279cfffb92266
Gas Limit: 30_000_000 | Used: 129_146 | Refunded: 29_870_854
Paid: 0.000005843856500000 ETH (129146 gas * 0.045250 gwei)
Refunded: 0.001351656143500000 ETH

 INFO Starting executing L1 batch #8
TRACE Fee benchmark for transaction with hash a8244a8da284c786069056bc2727c753ade54ff21dfc7e554d08c4573774696e
TRACE Gas Limit: 30000000
TRACE Gas spent on computation: 124797
TRACE Gas spent on pubdata: 4368
TRACE Pubdata published: 52

✅ [SUCCESS] Hash: 0xa8244a8da284c786069056bc2727c753ade54ff21dfc7e554d08c4573774696e
Initiator: 0xf39fd6e51aad88f6f4ce6ab8827279cfffb92266
Payer: 0xf39fd6e51aad88f6f4ce6ab8827279cfffb92266
Gas Limit: 30_000_000 | Used: 129_146 | Refunded: 29_870_854
Paid: 0.000005843856500000 ETH (129146 gas * 0.045250 gwei)
Refunded: 0.001351656143500000 ETH

 INFO Starting executing L1 batch #9
TRACE Fee benchmark for transaction with hash 07a6a92247db8d4d7bd52a90c3149bdd74770235d2c83d951fdef209cedca40f
TRACE Gas Limit: 30000000
TRACE Gas spent on computation: 124797
TRACE Gas spent on pubdata: 4368
TRACE Pubdata published: 52

✅ [SUCCESS] Hash: 0x07a6a92247db8d4d7bd52a90c3149bdd74770235d2c83d951fdef209cedca40f
Initiator: 0xf39fd6e51aad88f6f4ce6ab8827279cfffb92266
Payer: 0xf39fd6e51aad88f6f4ce6ab8827279cfffb92266
Gas Limit: 30_000_000 | Used: 129_146 | Refunded: 29_870_854
Paid: 0.000005843856500000 ETH (129146 gas * 0.045250 gwei)
Refunded: 0.001351656143500000 ETH

 INFO Starting executing L1 batch #10
TRACE Fee benchmark for transaction with hash 7d8c9aa558fa49fac28f265988e4576f7d4a2d08da603b7b58847b4ef8aa4676
TRACE Gas Limit: 30000000
TRACE Gas spent on computation: 124797
TRACE Gas spent on pubdata: 4368
TRACE Pubdata published: 52

✅ [SUCCESS] Hash: 0x7d8c9aa558fa49fac28f265988e4576f7d4a2d08da603b7b58847b4ef8aa4676
Initiator: 0xf39fd6e51aad88f6f4ce6ab8827279cfffb92266
Payer: 0xf39fd6e51aad88f6f4ce6ab8827279cfffb92266
Gas Limit: 30_000_000 | Used: 129_146 | Refunded: 29_870_854
Paid: 0.000005843856500000 ETH (129146 gas * 0.045250 gwei)
Refunded: 0.001351656143500000 ETH

 INFO Starting executing L1 batch #11
TRACE Fee benchmark for transaction with hash d0ade75bb8a2dfc9e1a516fe155886c804efe0b0bfcf123490a37e7c30ead4b7
TRACE Gas Limit: 30000000
TRACE Gas spent on computation: 124797
TRACE Gas spent on pubdata: 4368
TRACE Pubdata published: 52

✅ [SUCCESS] Hash: 0xd0ade75bb8a2dfc9e1a516fe155886c804efe0b0bfcf123490a37e7c30ead4b7
Initiator: 0xf39fd6e51aad88f6f4ce6ab8827279cfffb92266
Payer: 0xf39fd6e51aad88f6f4ce6ab8827279cfffb92266
Gas Limit: 30_000_000 | Used: 129_146 | Refunded: 29_870_854
Paid: 0.000005843856500000 ETH (129146 gas * 0.045250 gwei)
Refunded: 0.001351656143500000 ETH

 INFO Starting executing L1 batch #12
TRACE Fee benchmark for transaction with hash 14335ef09da44218fe13dc5f02e62f3705546331388abef6ae2ac1dd85f4c3b5
TRACE Gas Limit: 30000000
TRACE Gas spent on computation: 500154
TRACE Gas spent on pubdata: 1512
TRACE Pubdata published: 18

✅ [SUCCESS] Hash: 0x14335ef09da44218fe13dc5f02e62f3705546331388abef6ae2ac1dd85f4c3b5
Initiator: 0xf39fd6e51aad88f6f4ce6ab8827279cfffb92266
Payer: 0xf39fd6e51aad88f6f4ce6ab8827279cfffb92266
Gas Limit: 30_000_000 | Used: 501_659 | Refunded: 29_498_341
Paid: 0.000022700069750000 ETH (501659 gas * 0.045250 gwei)
Refunded: 0.001334799930250000 ETH

 INFO Starting executing L1 batch #13
TRACE Fee benchmark for transaction with hash 74ce82531f4ebdafcc132ef637176c1998cf66a7f2db6e9bbb99d72839478811
TRACE Gas Limit: 30000000
TRACE Gas spent on computation: 500154
TRACE Gas spent on pubdata: 1512
TRACE Pubdata published: 18

✅ [SUCCESS] Hash: 0x74ce82531f4ebdafcc132ef637176c1998cf66a7f2db6e9bbb99d72839478811
Initiator: 0xf39fd6e51aad88f6f4ce6ab8827279cfffb92266
Payer: 0xf39fd6e51aad88f6f4ce6ab8827279cfffb92266
Gas Limit: 30_000_000 | Used: 501_659 | Refunded: 29_498_341
Paid: 0.000022700069750000 ETH (501659 gas * 0.045250 gwei)
Refunded: 0.001334799930250000 ETH

 INFO Starting executing L1 batch #14
TRACE Fee benchmark for transaction with hash f3d1254fcad638235ddf5735996052027703879693c3671aaadfe9dc52280b26
TRACE Gas Limit: 30000000
TRACE Gas spent on computation: 500154
TRACE Gas spent on pubdata: 1512
TRACE Pubdata published: 18

✅ [SUCCESS] Hash: 0xf3d1254fcad638235ddf5735996052027703879693c3671aaadfe9dc52280b26
Initiator: 0xf39fd6e51aad88f6f4ce6ab8827279cfffb92266
Payer: 0xf39fd6e51aad88f6f4ce6ab8827279cfffb92266
Gas Limit: 30_000_000 | Used: 501_659 | Refunded: 29_498_341
Paid: 0.000022700069750000 ETH (501659 gas * 0.045250 gwei)
Refunded: 0.001334799930250000 ETH

 INFO Starting executing L1 batch #15
TRACE Fee benchmark for transaction with hash 18c33c417bd71ee7c284c6662256a03d3d1af9a10dbb3316c705ed2ea28636a4
TRACE Gas Limit: 30000000
TRACE Gas spent on computation: 500154
TRACE Gas spent on pubdata: 1512
TRACE Pubdata published: 18

✅ [SUCCESS] Hash: 0x18c33c417bd71ee7c284c6662256a03d3d1af9a10dbb3316c705ed2ea28636a4
Initiator: 0xf39fd6e51aad88f6f4ce6ab8827279cfffb92266
Payer: 0xf39fd6e51aad88f6f4ce6ab8827279cfffb92266
Gas Limit: 30_000_000 | Used: 501_659 | Refunded: 29_498_341
Paid: 0.000022700069750000 ETH (501659 gas * 0.045250 gwei)
Refunded: 0.001334799930250000 ETH

 INFO Starting executing L1 batch #16
TRACE Fee benchmark for transaction with hash 6dfa45460f47d6124a24df5bd8c0efe2b22df3bba1c79bf52a501cd302f56f12
TRACE Gas Limit: 30000000
TRACE Gas spent on computation: 500154
TRACE Gas spent on pubdata: 1512
TRACE Pubdata published: 18

✅ [SUCCESS] Hash: 0x6dfa45460f47d6124a24df5bd8c0efe2b22df3bba1c79bf52a501cd302f56f12
Initiator: 0xf39fd6e51aad88f6f4ce6ab8827279cfffb92266
Payer: 0xf39fd6e51aad88f6f4ce6ab8827279cfffb92266
Gas Limit: 30_000_000 | Used: 501_659 | Refunded: 29_498_341
Paid: 0.000022700069750000 ETH (501659 gas * 0.045250 gwei)
Refunded: 0.001334799930250000 ETH

 INFO Starting executing L1 batch #17
TRACE Fee benchmark for transaction with hash 07986986eb3f88d09192aba343ed1964fdccc3176387ca4a31a9fa8d6edcbb4b
TRACE Gas Limit: 30000000
TRACE Gas spent on computation: 500154
TRACE Gas spent on pubdata: 1512
TRACE Pubdata published: 18

✅ [SUCCESS] Hash: 0x07986986eb3f88d09192aba343ed1964fdccc3176387ca4a31a9fa8d6edcbb4b
Initiator: 0xf39fd6e51aad88f6f4ce6ab8827279cfffb92266
Payer: 0xf39fd6e51aad88f6f4ce6ab8827279cfffb92266
Gas Limit: 30_000_000 | Used: 501_659 | Refunded: 29_498_341
Paid: 0.000022700069750000 ETH (501659 gas * 0.045250 gwei)
Refunded: 0.001334799930250000 ETH

 INFO Starting executing L1 batch #18
TRACE Fee benchmark for transaction with hash 91eba650b27fca5d20f161d20cb260de2161ee7143deb3e521c54198c115477d
TRACE Gas Limit: 30000000
TRACE Gas spent on computation: 500154
TRACE Gas spent on pubdata: 1512
TRACE Pubdata published: 18

✅ [SUCCESS] Hash: 0x91eba650b27fca5d20f161d20cb260de2161ee7143deb3e521c54198c115477d
Initiator: 0xf39fd6e51aad88f6f4ce6ab8827279cfffb92266
Payer: 0xf39fd6e51aad88f6f4ce6ab8827279cfffb92266
Gas Limit: 30_000_000 | Used: 501_659 | Refunded: 29_498_341
Paid: 0.000022700069750000 ETH (501659 gas * 0.045250 gwei)
Refunded: 0.001334799930250000 ETH

 INFO Starting executing L1 batch #19
TRACE Fee benchmark for transaction with hash a295d3f4cd3d4f4c613dbe0fd4aaff62ecc2e0fe4ace55a6c367e4ffec188dba
TRACE Gas Limit: 30000000
TRACE Gas spent on computation: 500154
TRACE Gas spent on pubdata: 1512
TRACE Pubdata published: 18

✅ [SUCCESS] Hash: 0xa295d3f4cd3d4f4c613dbe0fd4aaff62ecc2e0fe4ace55a6c367e4ffec188dba
Initiator: 0xf39fd6e51aad88f6f4ce6ab8827279cfffb92266
Payer: 0xf39fd6e51aad88f6f4ce6ab8827279cfffb92266
Gas Limit: 30_000_000 | Used: 501_659 | Refunded: 29_498_341
Paid: 0.000022700069750000 ETH (501659 gas * 0.045250 gwei)
Refunded: 0.001334799930250000 ETH

 INFO Starting executing L1 batch #20
TRACE Fee benchmark for transaction with hash beb51b5a947f791134b0627e6019dba93b1c6453b808c98fdb576648112f55d5
TRACE Gas Limit: 30000000
TRACE Gas spent on computation: 492923
TRACE Gas spent on pubdata: 1512
TRACE Pubdata published: 18

✅ [SUCCESS] Hash: 0xbeb51b5a947f791134b0627e6019dba93b1c6453b808c98fdb576648112f55d5
Initiator: 0xf39fd6e51aad88f6f4ce6ab8827279cfffb92266
Payer: 0xf39fd6e51aad88f6f4ce6ab8827279cfffb92266
Gas Limit: 30_000_000 | Used: 494_428 | Refunded: 29_505_572
Paid: 0.000022372867000000 ETH (494428 gas * 0.045250 gwei)
Refunded: 0.001335127133000000 ETH

 INFO Starting executing L1 batch #21
TRACE Fee benchmark for transaction with hash 554a1381ab8fa0e159d5a1d5a98866a71d503793f621240b74254d8243687368
TRACE Gas Limit: 30000000
TRACE Gas spent on computation: 492923
TRACE Gas spent on pubdata: 1512
TRACE Pubdata published: 18

✅ [SUCCESS] Hash: 0x554a1381ab8fa0e159d5a1d5a98866a71d503793f621240b74254d8243687368
Initiator: 0xf39fd6e51aad88f6f4ce6ab8827279cfffb92266
Payer: 0xf39fd6e51aad88f6f4ce6ab8827279cfffb92266
Gas Limit: 30_000_000 | Used: 494_428 | Refunded: 29_505_572
Paid: 0.000022372867000000 ETH (494428 gas * 0.045250 gwei)
Refunded: 0.001335127133000000 ETH

 INFO Starting executing L1 batch #22
TRACE Fee benchmark for transaction with hash 61ec71456612329de63cefc11ccb72e1ecabb9116e4c4bddef04d335e2ce759a
TRACE Gas Limit: 30000000
TRACE Gas spent on computation: 492923
TRACE Gas spent on pubdata: 1512
TRACE Pubdata published: 18

✅ [SUCCESS] Hash: 0x61ec71456612329de63cefc11ccb72e1ecabb9116e4c4bddef04d335e2ce759a
Initiator: 0xf39fd6e51aad88f6f4ce6ab8827279cfffb92266
Payer: 0xf39fd6e51aad88f6f4ce6ab8827279cfffb92266
Gas Limit: 30_000_000 | Used: 494_428 | Refunded: 29_505_572
Paid: 0.000022372867000000 ETH (494428 gas * 0.045250 gwei)
Refunded: 0.001335127133000000 ETH

 INFO Starting executing L1 batch #23
TRACE Fee benchmark for transaction with hash b1dc75c5f8b02175f8e86de487eb775291d16fe548f6d85bb1b21cab837e077a
TRACE Gas Limit: 30000000
TRACE Gas spent on computation: 492923
TRACE Gas spent on pubdata: 1512
TRACE Pubdata published: 18

✅ [SUCCESS] Hash: 0xb1dc75c5f8b02175f8e86de487eb775291d16fe548f6d85bb1b21cab837e077a
Initiator: 0xf39fd6e51aad88f6f4ce6ab8827279cfffb92266
Payer: 0xf39fd6e51aad88f6f4ce6ab8827279cfffb92266
Gas Limit: 30_000_000 | Used: 494_428 | Refunded: 29_505_572
Paid: 0.000022372867000000 ETH (494428 gas * 0.045250 gwei)
Refunded: 0.001335127133000000 ETH

 INFO Starting executing L1 batch #24
TRACE Fee benchmark for transaction with hash a1aac736da9fd957168c4a5517bb2081130cb9f1a6f3028871de83997820b3c4
TRACE Gas Limit: 30000000
TRACE Gas spent on computation: 492923
TRACE Gas spent on pubdata: 1512
TRACE Pubdata published: 18

✅ [SUCCESS] Hash: 0xa1aac736da9fd957168c4a5517bb2081130cb9f1a6f3028871de83997820b3c4
Initiator: 0xf39fd6e51aad88f6f4ce6ab8827279cfffb92266
Payer: 0xf39fd6e51aad88f6f4ce6ab8827279cfffb92266
Gas Limit: 30_000_000 | Used: 494_428 | Refunded: 29_505_572
Paid: 0.000022372867000000 ETH (494428 gas * 0.045250 gwei)
Refunded: 0.001335127133000000 ETH

 INFO Starting executing L1 batch #25
TRACE Fee benchmark for transaction with hash bb3c9fd04e2380374e0702a9a483da5419fc19f2f57fcf7c8a0c78c10250eccc
TRACE Gas Limit: 30000000
TRACE Gas spent on computation: 492923
TRACE Gas spent on pubdata: 1512
TRACE Pubdata published: 18

✅ [SUCCESS] Hash: 0xbb3c9fd04e2380374e0702a9a483da5419fc19f2f57fcf7c8a0c78c10250eccc
Initiator: 0xf39fd6e51aad88f6f4ce6ab8827279cfffb92266
Payer: 0xf39fd6e51aad88f6f4ce6ab8827279cfffb92266
Gas Limit: 30_000_000 | Used: 494_428 | Refunded: 29_505_572
Paid: 0.000022372867000000 ETH (494428 gas * 0.045250 gwei)
Refunded: 0.001335127133000000 ETH

 INFO Starting executing L1 batch #26
TRACE Fee benchmark for transaction with hash 2a8894b0ec057c8dd1d0a6b80cd07e5eced75086a19ca32074aeb343c823a941
TRACE Gas Limit: 30000000
TRACE Gas spent on computation: 492923
TRACE Gas spent on pubdata: 1512
TRACE Pubdata published: 18

✅ [SUCCESS] Hash: 0x2a8894b0ec057c8dd1d0a6b80cd07e5eced75086a19ca32074aeb343c823a941
Initiator: 0xf39fd6e51aad88f6f4ce6ab8827279cfffb92266
Payer: 0xf39fd6e51aad88f6f4ce6ab8827279cfffb92266
Gas Limit: 30_000_000 | Used: 494_428 | Refunded: 29_505_572
Paid: 0.000022372867000000 ETH (494428 gas * 0.045250 gwei)
Refunded: 0.001335127133000000 ETH

 INFO Starting executing L1 batch #27
TRACE Fee benchmark for transaction with hash 94564d57dddaa860d64674a4a5115f9b2239b4feb17444d259cc69178217fc2f
TRACE Gas Limit: 30000000
TRACE Gas spent on computation: 492923
TRACE Gas spent on pubdata: 1512
TRACE Pubdata published: 18

✅ [SUCCESS] Hash: 0x94564d57dddaa860d64674a4a5115f9b2239b4feb17444d259cc69178217fc2f
Initiator: 0xf39fd6e51aad88f6f4ce6ab8827279cfffb92266
Payer: 0xf39fd6e51aad88f6f4ce6ab8827279cfffb92266
Gas Limit: 30_000_000 | Used: 494_428 | Refunded: 29_505_572
Paid: 0.000022372867000000 ETH (494428 gas * 0.045250 gwei)
Refunded: 0.001335127133000000 ETH

 INFO Starting executing L1 batch #28
TRACE Fee benchmark for transaction with hash 639eb0c37a298dd8e10c775c77589dbb21bde9a77f47a80bfcd3a17d138a4cc9
TRACE Gas Limit: 30000000
TRACE Gas spent on computation: 492923
TRACE Gas spent on pubdata: 1512
TRACE Pubdata published: 18

✅ [SUCCESS] Hash: 0x639eb0c37a298dd8e10c775c77589dbb21bde9a77f47a80bfcd3a17d138a4cc9
Initiator: 0xf39fd6e51aad88f6f4ce6ab8827279cfffb92266
Payer: 0xf39fd6e51aad88f6f4ce6ab8827279cfffb92266
Gas Limit: 30_000_000 | Used: 494_428 | Refunded: 29_505_572
Paid: 0.000022372867000000 ETH (494428 gas * 0.045250 gwei)
Refunded: 0.001335127133000000 ETH

 INFO Starting executing L1 batch #29
TRACE Fee benchmark for transaction with hash bda2a4d5050a2e303a65dc7febf986d7449620621b08b3d4bfcdb5ec00e46c5f
TRACE Gas Limit: 30000000
TRACE Gas spent on computation: 118696
TRACE Gas spent on pubdata: 1512
TRACE Pubdata published: 18

❌ [FAILED] Hash: 0xbda2a4d5050a2e303a65dc7febf986d7449620621b08b3d4bfcdb5ec00e46c5f
Initiator: 0xf39fd6e51aad88f6f4ce6ab8827279cfffb92266
Payer: 0xf39fd6e51aad88f6f4ce6ab8827279cfffb92266
Gas Limit: 30_000_000 | Used: 120_201 | Refunded: 29_879_799
Paid: 0.000005439095250000 ETH (120201 gas * 0.045250 gwei)
Refunded: 0.001352060904750000 ETH

