 INFO initializing system contracts protocol_version=29 use_evm_emulator=false zksync_os.zksync_os=false
 INFO Starting executing L1 batch #1
TRACE Fee benchmark for transaction with hash 7cb7286ef7c9c2f2979192d612cb00896376f8e61dc8df8353376313d0c228d9
TRACE Gas Limit: 400000000
TRACE Gas spent on computation: 9001335
TRACE Gas spent on pubdata: 6456156
TRACE Pubdata published: 76859
 INFO Starting executing L1 batch #2
TRACE Fee benchmark for transaction with hash 522084d0e788da39b5513b669a5adf51953c64e4377958aabc4c1d02e90d38ae
TRACE Gas Limit: 200000000
TRACE Gas spent on computation: 719851
TRACE Gas spent on pubdata: 443940
TRACE Pubdata published: 5285
 INFO Starting executing L1 batch #3
TRACE Fee benchmark for transaction with hash 161536358035cb033f5a07669678470d417f952749c9e6bebf1f3bfd7b947e10
TRACE Gas Limit: 30000000
TRACE Gas spent on computation: 124461
TRACE Gas spent on pubdata: 4368
TRACE Pubdata published: 52
 INFO Starting executing L1 batch #4
TRACE Fee benchmark for transaction with hash 4b262f4a23ee588c944c83a9e8b5e9615af5808ed2820a097651b2a9d618c783
TRACE Gas Limit: 30000000
TRACE Gas spent on computation: 124781
TRACE Gas spent on pubdata: 4368
TRACE Pubdata published: 52
 INFO Starting executing L1 batch #5
TRACE Fee benchmark for transaction with hash 64b737f728f81da9255443edb3bfe8ed365954f3dd4b3d74dc9188af7b08a2b9
TRACE Gas Limit: 30000000
TRACE Gas spent on computation: 124781
TRACE Gas spent on pubdata: 4368
TRACE Pubdata published: 52
 INFO Starting executing L1 batch #6
TRACE Fee benchmark for transaction with hash 9579239f5d2370e2e29074b8ddd10bd801d95c95ac52b1291f001544e6455129
TRACE Gas Limit: 30000000
TRACE Gas spent on computation: 124781
TRACE Gas spent on pubdata: 4368
TRACE Pubdata published: 52
 INFO Starting executing L1 batch #7
TRACE Fee benchmark for transaction with hash 57b7bb40ede9c655795bee9d3da2656fe4fbac18b65b799bfa139bc980881eda
TRACE Gas Limit: 30000000
TRACE Gas spent on computation: 124781
TRACE Gas spent on pubdata: 4368
TRACE Pubdata published: 52
 INFO Starting executing L1 batch #8
TRACE Fee benchmark for transaction with hash a8244a8da284c786069056bc2727c753ade54ff21dfc7e554d08c4573774696e
TRACE Gas Limit: 30000000
TRACE Gas spent on computation: 124781
TRACE Gas spent on pubdata: 4368
TRACE Pubdata published: 52
 INFO Starting executing L1 batch #9
TRACE Fee benchmark for transaction with hash 07a6a92247db8d4d7bd52a90c3149bdd74770235d2c83d951fdef209cedca40f
TRACE Gas Limit: 30000000
TRACE Gas spent on computation: 124781
TRACE Gas spent on pubdata: 4368
TRACE Pubdata published: 52
 INFO Starting executing L1 batch #10
TRACE Fee benchmark for transaction with hash 7d8c9aa558fa49fac28f265988e4576f7d4a2d08da603b7b58847b4ef8aa4676
TRACE Gas Limit: 30000000
TRACE Gas spent on computation: 124781
TRACE Gas spent on pubdata: 4368
TRACE Pubdata published: 52
 INFO Starting executing L1 batch #11
TRACE Fee benchmark for transaction with hash d0ade75bb8a2dfc9e1a516fe155886c804efe0b0bfcf123490a37e7c30ead4b7
TRACE Gas Limit: 30000000
TRACE Gas spent on computation: 124781
TRACE Gas spent on pubdata: 4368
TRACE Pubdata published: 52
 INFO Starting executing L1 batch #12
TRACE Fee benchmark for transaction with hash 55f54771588eb6b87aee43b4bc5ad819b73472af6f40f8e456bb69c4140b5662
TRACE Gas Limit: 30000000
TRACE Gas spent on computation: 591511
TRACE Gas spent on pubdata: 1512
TRACE Pubdata published: 18
 INFO Starting executing L1 batch #13
TRACE Fee benchmark for transaction with hash 893028318f70bb9dfedc624ed560022aa96f3295ea941b11a33d771ffd4682ff
TRACE Gas Limit: 30000000
TRACE Gas spent on computation: 590131
TRACE Gas spent on pubdata: 1512
TRACE Pubdata published: 18
 INFO Starting executing L1 batch #14
TRACE Fee benchmark for transaction with hash 719eda4096eeeea4f40472eceeffedad85cb086ba1986dc01c466178227dd0ed
TRACE Gas Limit: 30000000
TRACE Gas spent on computation: 590701
TRACE Gas spent on pubdata: 1512
TRACE Pubdata published: 18
 INFO Starting executing L1 batch #15
TRACE Fee benchmark for transaction with hash e2625d3fb099eebe75d411ce7f9bf25de56c096c2fd81bcd6648862ceb902fbd
TRACE Gas Limit: 30000000
TRACE Gas spent on computation: 592513
TRACE Gas spent on pubdata: 1512
TRACE Pubdata published: 18
 INFO Starting executing L1 batch #16
TRACE Fee benchmark for transaction with hash 828fbf1e9cdf2ceb2020e5ab2ca1b24d16eb96ea20687be1f563377af4a39b51
TRACE Gas Limit: 30000000
TRACE Gas spent on computation: 591511
TRACE Gas spent on pubdata: 1512
TRACE Pubdata published: 18
 INFO Starting executing L1 batch #17
TRACE Fee benchmark for transaction with hash a33e5335f7d06bfaab2dd7f2bbf09218e80c28c6cae4d113af8e3eb4041d8e99
TRACE Gas Limit: 30000000
TRACE Gas spent on computation: 591259
TRACE Gas spent on pubdata: 1512
TRACE Pubdata published: 18
 INFO Starting executing L1 batch #18
TRACE Fee benchmark for transaction with hash ca7915827a0f303447c286f999d09382fb220d385f04087cbe2cef55603901a8
TRACE Gas Limit: 30000000
TRACE Gas spent on computation: 593815
TRACE Gas spent on pubdata: 1512
TRACE Pubdata published: 18
 INFO Starting executing L1 batch #19
TRACE Fee benchmark for transaction with hash 2433ebce58756af40bea162e19c376b5411bf10edb61f85feeeb7a7299179595
TRACE Gas Limit: 30000000
TRACE Gas spent on computation: 591403
TRACE Gas spent on pubdata: 1512
TRACE Pubdata published: 18
 INFO Starting executing L1 batch #20
TRACE Fee benchmark for transaction with hash 3302f75f94c52c78f94ce47289a408e3fea4cc99f64145966f096cd141864a12
TRACE Gas Limit: 30000000
TRACE Gas spent on computation: 582004
TRACE Gas spent on pubdata: 1512
TRACE Pubdata published: 18
 INFO Starting executing L1 batch #21
TRACE Fee benchmark for transaction with hash 0af5ea928959bed02ac814c4f2a6c61a6bdeeda86171ab816408869fde07b6af
TRACE Gas Limit: 30000000
TRACE Gas spent on computation: 580624
TRACE Gas spent on pubdata: 1512
TRACE Pubdata published: 18
 INFO Starting executing L1 batch #22
TRACE Fee benchmark for transaction with hash 2c78a8688ad33e64a75d852a89a08d800d269a90e11ee875adc0772a5be07f66
TRACE Gas Limit: 30000000
TRACE Gas spent on computation: 581194
TRACE Gas spent on pubdata: 1512
TRACE Pubdata published: 18
 INFO Starting executing L1 batch #23
TRACE Fee benchmark for transaction with hash afc7f050c86f58528116b9129dc3cb849ebba17ecc1648efab972f070ab2d8d6
TRACE Gas Limit: 30000000
TRACE Gas spent on computation: 583006
TRACE Gas spent on pubdata: 1512
TRACE Pubdata published: 18
 INFO Starting executing L1 batch #24
TRACE Fee benchmark for transaction with hash 236fd064ec5242015bf29a6889e87f738403edc8a9edf8d8c057fd8994c07751
TRACE Gas Limit: 30000000
TRACE Gas spent on computation: 582004
TRACE Gas spent on pubdata: 1512
TRACE Pubdata published: 18
 INFO Starting executing L1 batch #25
TRACE Fee benchmark for transaction with hash 590b6dcb7283519c7fa7d76b36c7933129365da458adf4be4acce5e551e894fe
TRACE Gas Limit: 30000000
TRACE Gas spent on computation: 581752
TRACE Gas spent on pubdata: 1512
TRACE Pubdata published: 18
 INFO Starting executing L1 batch #26
TRACE Fee benchmark for transaction with hash 47c838118bb9e606c7a7da53cb42568ee4287095f7a16eebf937ad938596f343
TRACE Gas Limit: 30000000
TRACE Gas spent on computation: 584308
TRACE Gas spent on pubdata: 1512
TRACE Pubdata published: 18
 INFO Starting executing L1 batch #27
TRACE Fee benchmark for transaction with hash 3610755e0362357f39184167417a5b8ff94abef4496cbc6dc960b503f3776383
TRACE Gas Limit: 30000000
TRACE Gas spent on computation: 581896
TRACE Gas spent on pubdata: 1512
TRACE Pubdata published: 18
 INFO Starting executing L1 batch #28
TRACE Fee benchmark for transaction with hash 88d54da98e94188508f159b5dbb1931d8374864d15ce7c988bd8684501aa69e1
TRACE Gas Limit: 30000000
TRACE Gas spent on computation: 582004
TRACE Gas spent on pubdata: 1512
TRACE Pubdata published: 18
 INFO Starting executing L1 batch #29
TRACE Fee benchmark for transaction with hash c4cc7e744c16d2076180b138dca5b09f9b47541e0a03201f9765deeaa0244293
TRACE Gas Limit: 30000000
TRACE Gas spent on computation: 119384
TRACE Gas spent on pubdata: 1512
TRACE Pubdata published: 18
