 INFO initializing system contracts protocol_version=27 use_evm_emulator=false zksync_os.zksync_os=false


                      _  _         _____ _  __
  __ _  _ __  __   __(_)| |       |__  /| |/ / ___  _   _  _ __    ___
 / _` || '_ \ \ \ / /| || | _____   / / | ' / / __|| | | || '_ \  / __|
| (_| || | | | \ V / | || ||_____| / /_ | . \ \__ \| |_| || | | || (__
 \__,_||_| |_|  \_/  |_||_|       /____||_|\_\|___/ \__, ||_| |_| \___|
                                                    |___/

Version:        0.6.11
Repository:     https://github.com/matter-labs/anvil-zksync



Rich Accounts
========================
(0) 0xf39Fd6e51aad88F6F4ce6aB8827279cffFb92266 (10000.000000000000000000 ETH)
(1) 0x70997970C51812dc3A010C7d01b50e0d17dc79C8 (10000.000000000000000000 ETH)



Private Keys
========================
(0) 0xac0974bec39a17e36ba4a6b4d238ff944bacb478cbed5efcae784d7bf4f2ff80
(1) 0x59c6995e998f97a5a0044966f0945389dc9e86dae88c7a8412f4603b6b78690d



Wallet
========================
Mnemonic:            test test test test test test test test test test test junk
Derivation path:     m/44'/60'/0'/0/0


Network Configuration
========================
Chain ID: 260


Gas Configuration
========================
L1 Gas Price (gwei):               2.365348 gwei
L2 Gas Price (gwei):               0.045250 gwei
L1 Pubdata Price (gwei):           0.000000 gwei
Estimated Gas Price Scale Factor:  2
Estimated Gas Limit Scale Factor:  1.3


Genesis Timestamp
========================
1000


Node Configuration
========================
Port:                  18011
EVM Interpreter:       Disabled
Health Check Endpoint: Disabled
ZKsync OS:             Disabled
L1:                    Disabled


========================================
  Listening on 127.0.0.1:18011
========================================

 INFO Starting executing L1 batch #1
TRACE Fee benchmark for transaction with hash b7a188ad3b715a078cbcb617dd2ea03a9da1643af968d7d821342ff6e4cb2dae
TRACE Gas Limit: 400000000
TRACE Gas spent on computation: 3717042
TRACE Gas spent on pubdata: 2657340
TRACE Pubdata published: 31635

✅ [SUCCESS] Hash: 0xb7a188ad3b715a078cbcb617dd2ea03a9da1643af968d7d821342ff6e4cb2dae
Initiator: 0xf39fd6e51aad88f6f4ce6ab8827279cfffb92266
Payer: 0xf39fd6e51aad88f6f4ce6ab8827279cfffb92266
Gas Limit: 400_000_000 | Used: 6_362_887 | Refunded: 393_637_113
Paid: 0.000287920636750000 ETH (6362887 gas * 0.045250 gwei)
Refunded: 0.017812079363250000 ETH

 INFO Starting executing L1 batch #2
TRACE Fee benchmark for transaction with hash 76b7d447e94914e7e9d15b521b28ea114a2af0e5fa06a284d7871e26ff1c95e2
TRACE Gas Limit: 200000000
TRACE Gas spent on computation: 717631
TRACE Gas spent on pubdata: 444612
TRACE Pubdata published: 5293

✅ [SUCCESS] Hash: 0x76b7d447e94914e7e9d15b521b28ea114a2af0e5fa06a284d7871e26ff1c95e2
Initiator: 0xf39fd6e51aad88f6f4ce6ab8827279cfffb92266
Payer: 0xf39fd6e51aad88f6f4ce6ab8827279cfffb92266
Gas Limit: 200_000_000 | Used: 1_160_319 | Refunded: 198_839_681
Paid: 0.000052504434750000 ETH (1160319 gas * 0.045250 gwei)
Refunded: 0.008997495565250000 ETH

 INFO Starting executing L1 batch #3
TRACE Fee benchmark for transaction with hash 161536358035cb033f5a07669678470d417f952749c9e6bebf1f3bfd7b947e10
TRACE Gas Limit: 30000000
TRACE Gas spent on computation: 122069
TRACE Gas spent on pubdata: 4368
TRACE Pubdata published: 52

✅ [SUCCESS] Hash: 0x161536358035cb033f5a07669678470d417f952749c9e6bebf1f3bfd7b947e10
Initiator: 0xf39fd6e51aad88f6f4ce6ab8827279cfffb92266
Payer: 0xf39fd6e51aad88f6f4ce6ab8827279cfffb92266
Gas Limit: 30_000_000 | Used: 126_418 | Refunded: 29_873_582
Paid: 0.000005720414500000 ETH (126418 gas * 0.045250 gwei)
Refunded: 0.001351779585500000 ETH

 INFO Starting executing L1 batch #4
TRACE Fee benchmark for transaction with hash 4b262f4a23ee588c944c83a9e8b5e9615af5808ed2820a097651b2a9d618c783
TRACE Gas Limit: 30000000
TRACE Gas spent on computation: 122389
TRACE Gas spent on pubdata: 4368
TRACE Pubdata published: 52

✅ [SUCCESS] Hash: 0x4b262f4a23ee588c944c83a9e8b5e9615af5808ed2820a097651b2a9d618c783
Initiator: 0xf39fd6e51aad88f6f4ce6ab8827279cfffb92266
Payer: 0xf39fd6e51aad88f6f4ce6ab8827279cfffb92266
Gas Limit: 30_000_000 | Used: 126_738 | Refunded: 29_873_262
Paid: 0.000005734894500000 ETH (126738 gas * 0.045250 gwei)
Refunded: 0.001351765105500000 ETH

 INFO Starting executing L1 batch #5
TRACE Fee benchmark for transaction with hash 64b737f728f81da9255443edb3bfe8ed365954f3dd4b3d74dc9188af7b08a2b9
TRACE Gas Limit: 30000000
TRACE Gas spent on computation: 122389
TRACE Gas spent on pubdata: 4368
TRACE Pubdata published: 52

✅ [SUCCESS] Hash: 0x64b737f728f81da9255443edb3bfe8ed365954f3dd4b3d74dc9188af7b08a2b9
Initiator: 0xf39fd6e51aad88f6f4ce6ab8827279cfffb92266
Payer: 0xf39fd6e51aad88f6f4ce6ab8827279cfffb92266
Gas Limit: 30_000_000 | Used: 126_738 | Refunded: 29_873_262
Paid: 0.000005734894500000 ETH (126738 gas * 0.045250 gwei)
Refunded: 0.001351765105500000 ETH

 INFO Starting executing L1 batch #6
TRACE Fee benchmark for transaction with hash 9579239f5d2370e2e29074b8ddd10bd801d95c95ac52b1291f001544e6455129
TRACE Gas Limit: 30000000
TRACE Gas spent on computation: 122389
TRACE Gas spent on pubdata: 4368
TRACE Pubdata published: 52

✅ [SUCCESS] Hash: 0x9579239f5d2370e2e29074b8ddd10bd801d95c95ac52b1291f001544e6455129
Initiator: 0xf39fd6e51aad88f6f4ce6ab8827279cfffb92266
Payer: 0xf39fd6e51aad88f6f4ce6ab8827279cfffb92266
Gas Limit: 30_000_000 | Used: 126_738 | Refunded: 29_873_262
Paid: 0.000005734894500000 ETH (126738 gas * 0.045250 gwei)
Refunded: 0.001351765105500000 ETH

 INFO Starting executing L1 batch #7
TRACE Fee benchmark for transaction with hash 57b7bb40ede9c655795bee9d3da2656fe4fbac18b65b799bfa139bc980881eda
TRACE Gas Limit: 30000000
TRACE Gas spent on computation: 122389
TRACE Gas spent on pubdata: 4368
TRACE Pubdata published: 52

✅ [SUCCESS] Hash: 0x57b7bb40ede9c655795bee9d3da2656fe4fbac18b65b799bfa139bc980881eda
Initiator: 0xf39fd6e51aad88f6f4ce6ab8827279cfffb92266
Payer: 0xf39fd6e51aad88f6f4ce6ab8827279cfffb92266
Gas Limit: 30_000_000 | Used: 126_738 | Refunded: 29_873_262
Paid: 0.000005734894500000 ETH (126738 gas * 0.045250 gwei)
Refunded: 0.001351765105500000 ETH

 INFO Starting executing L1 batch #8
TRACE Fee benchmark for transaction with hash a8244a8da284c786069056bc2727c753ade54ff21dfc7e554d08c4573774696e
TRACE Gas Limit: 30000000
TRACE Gas spent on computation: 122389
TRACE Gas spent on pubdata: 4368
TRACE Pubdata published: 52

✅ [SUCCESS] Hash: 0xa8244a8da284c786069056bc2727c753ade54ff21dfc7e554d08c4573774696e
Initiator: 0xf39fd6e51aad88f6f4ce6ab8827279cfffb92266
Payer: 0xf39fd6e51aad88f6f4ce6ab8827279cfffb92266
Gas Limit: 30_000_000 | Used: 126_738 | Refunded: 29_873_262
Paid: 0.000005734894500000 ETH (126738 gas * 0.045250 gwei)
Refunded: 0.001351765105500000 ETH

 INFO Starting executing L1 batch #9
TRACE Fee benchmark for transaction with hash 07a6a92247db8d4d7bd52a90c3149bdd74770235d2c83d951fdef209cedca40f
TRACE Gas Limit: 30000000
TRACE Gas spent on computation: 122389
TRACE Gas spent on pubdata: 4368
TRACE Pubdata published: 52

✅ [SUCCESS] Hash: 0x07a6a92247db8d4d7bd52a90c3149bdd74770235d2c83d951fdef209cedca40f
Initiator: 0xf39fd6e51aad88f6f4ce6ab8827279cfffb92266
Payer: 0xf39fd6e51aad88f6f4ce6ab8827279cfffb92266
Gas Limit: 30_000_000 | Used: 126_738 | Refunded: 29_873_262
Paid: 0.000005734894500000 ETH (126738 gas * 0.045250 gwei)
Refunded: 0.001351765105500000 ETH

 INFO Starting executing L1 batch #10
TRACE Fee benchmark for transaction with hash 7d8c9aa558fa49fac28f265988e4576f7d4a2d08da603b7b58847b4ef8aa4676
TRACE Gas Limit: 30000000
TRACE Gas spent on computation: 122389
TRACE Gas spent on pubdata: 4368
TRACE Pubdata published: 52

✅ [SUCCESS] Hash: 0x7d8c9aa558fa49fac28f265988e4576f7d4a2d08da603b7b58847b4ef8aa4676
Initiator: 0xf39fd6e51aad88f6f4ce6ab8827279cfffb92266
Payer: 0xf39fd6e51aad88f6f4ce6ab8827279cfffb92266
Gas Limit: 30_000_000 | Used: 126_738 | Refunded: 29_873_262
Paid: 0.000005734894500000 ETH (126738 gas * 0.045250 gwei)
Refunded: 0.001351765105500000 ETH

 INFO Starting executing L1 batch #11
TRACE Fee benchmark for transaction with hash d0ade75bb8a2dfc9e1a516fe155886c804efe0b0bfcf123490a37e7c30ead4b7
TRACE Gas Limit: 30000000
TRACE Gas spent on computation: 122389
TRACE Gas spent on pubdata: 4368
TRACE Pubdata published: 52

✅ [SUCCESS] Hash: 0xd0ade75bb8a2dfc9e1a516fe155886c804efe0b0bfcf123490a37e7c30ead4b7
Initiator: 0xf39fd6e51aad88f6f4ce6ab8827279cfffb92266
Payer: 0xf39fd6e51aad88f6f4ce6ab8827279cfffb92266
Gas Limit: 30_000_000 | Used: 126_738 | Refunded: 29_873_262
Paid: 0.000005734894500000 ETH (126738 gas * 0.045250 gwei)
Refunded: 0.001351765105500000 ETH

 INFO Starting executing L1 batch #12
TRACE Fee benchmark for transaction with hash 820a7a33657e337936526efb1fb4839a9a4f51eb387e3f6ed429fe1a9c66bd22
TRACE Gas Limit: 30000000
TRACE Gas spent on computation: 10495979
TRACE Gas spent on pubdata: 1512
TRACE Pubdata published: 18

✅ [SUCCESS] Hash: 0x820a7a33657e337936526efb1fb4839a9a4f51eb387e3f6ed429fe1a9c66bd22
Initiator: 0xf39fd6e51aad88f6f4ce6ab8827279cfffb92266
Payer: 0xf39fd6e51aad88f6f4ce6ab8827279cfffb92266
Gas Limit: 30_000_000 | Used: 10_497_484 | Refunded: 19_502_516
Paid: 0.000475011151000000 ETH (10497484 gas * 0.045250 gwei)
Refunded: 0.000882488849000000 ETH

 INFO Starting executing L1 batch #13
TRACE Fee benchmark for transaction with hash d99648560add20a77dd0e38959f4a6b9ae6eef380a9f6a2389871518fac75cbd
TRACE Gas Limit: 30000000
TRACE Gas spent on computation: 10483367
TRACE Gas spent on pubdata: 1512
TRACE Pubdata published: 18

✅ [SUCCESS] Hash: 0xd99648560add20a77dd0e38959f4a6b9ae6eef380a9f6a2389871518fac75cbd
Initiator: 0xf39fd6e51aad88f6f4ce6ab8827279cfffb92266
Payer: 0xf39fd6e51aad88f6f4ce6ab8827279cfffb92266
Gas Limit: 30_000_000 | Used: 10_484_872 | Refunded: 19_515_128
Paid: 0.000474440458000000 ETH (10484872 gas * 0.045250 gwei)
Refunded: 0.000883059542000000 ETH

 INFO Starting executing L1 batch #14
TRACE Fee benchmark for transaction with hash 09ce00b39103f2c4ebc7979a9a5be02a8c2acb561ef35e36ef4ea1685ac8d61c
TRACE Gas Limit: 30000000
TRACE Gas spent on computation: 10511963
TRACE Gas spent on pubdata: 1512
TRACE Pubdata published: 18

✅ [SUCCESS] Hash: 0x09ce00b39103f2c4ebc7979a9a5be02a8c2acb561ef35e36ef4ea1685ac8d61c
Initiator: 0xf39fd6e51aad88f6f4ce6ab8827279cfffb92266
Payer: 0xf39fd6e51aad88f6f4ce6ab8827279cfffb92266
Gas Limit: 30_000_000 | Used: 10_513_468 | Refunded: 19_486_532
Paid: 0.000475734427000000 ETH (10513468 gas * 0.045250 gwei)
Refunded: 0.000881765573000000 ETH

 INFO Starting executing L1 batch #15
TRACE Fee benchmark for transaction with hash 6b4da198f129b5bc570a6c498a0bbc76e4c62484010a7d72ea44e7832717d195
TRACE Gas Limit: 30000000
TRACE Gas spent on computation: 10507397
TRACE Gas spent on pubdata: 1512
TRACE Pubdata published: 18

✅ [SUCCESS] Hash: 0x6b4da198f129b5bc570a6c498a0bbc76e4c62484010a7d72ea44e7832717d195
Initiator: 0xf39fd6e51aad88f6f4ce6ab8827279cfffb92266
Payer: 0xf39fd6e51aad88f6f4ce6ab8827279cfffb92266
Gas Limit: 30_000_000 | Used: 10_508_902 | Refunded: 19_491_098
Paid: 0.000475527815500000 ETH (10508902 gas * 0.045250 gwei)
Refunded: 0.000881972184500000 ETH

 INFO Starting executing L1 batch #16
TRACE Fee benchmark for transaction with hash f79068bfb9f16bde75987e2c38800c697c16aac1da8e059f54dfbfa907384cc8
TRACE Gas Limit: 30000000
TRACE Gas spent on computation: 10519217
TRACE Gas spent on pubdata: 1512
TRACE Pubdata published: 18

✅ [SUCCESS] Hash: 0xf79068bfb9f16bde75987e2c38800c697c16aac1da8e059f54dfbfa907384cc8
Initiator: 0xf39fd6e51aad88f6f4ce6ab8827279cfffb92266
Payer: 0xf39fd6e51aad88f6f4ce6ab8827279cfffb92266
Gas Limit: 30_000_000 | Used: 10_520_722 | Refunded: 19_479_278
Paid: 0.000476062670500000 ETH (10520722 gas * 0.045250 gwei)
Refunded: 0.000881437329500000 ETH

 INFO Starting executing L1 batch #17
TRACE Fee benchmark for transaction with hash d4cd6413c0b664ddf87f9917f47f4f5c82fe633b6dfd53433c08eca610076efa
TRACE Gas Limit: 30000000
TRACE Gas spent on computation: 10504289
TRACE Gas spent on pubdata: 1512
TRACE Pubdata published: 18

✅ [SUCCESS] Hash: 0xd4cd6413c0b664ddf87f9917f47f4f5c82fe633b6dfd53433c08eca610076efa
Initiator: 0xf39fd6e51aad88f6f4ce6ab8827279cfffb92266
Payer: 0xf39fd6e51aad88f6f4ce6ab8827279cfffb92266
Gas Limit: 30_000_000 | Used: 10_505_794 | Refunded: 19_494_206
Paid: 0.000475387178500000 ETH (10505794 gas * 0.045250 gwei)
Refunded: 0.000882112821500000 ETH

 INFO Starting executing L1 batch #18
TRACE Fee benchmark for transaction with hash 90be3ef5f994730c72f6f435075605568480ea35ad1ed5678bec374444c49251
TRACE Gas Limit: 30000000
TRACE Gas spent on computation: 10436537
TRACE Gas spent on pubdata: 1512
TRACE Pubdata published: 18

✅ [SUCCESS] Hash: 0x90be3ef5f994730c72f6f435075605568480ea35ad1ed5678bec374444c49251
Initiator: 0xf39fd6e51aad88f6f4ce6ab8827279cfffb92266
Payer: 0xf39fd6e51aad88f6f4ce6ab8827279cfffb92266
Gas Limit: 30_000_000 | Used: 10_438_042 | Refunded: 19_561_958
Paid: 0.000472321400500000 ETH (10438042 gas * 0.045250 gwei)
Refunded: 0.000885178599500000 ETH

 INFO Starting executing L1 batch #19
TRACE Fee benchmark for transaction with hash 4b3105bef06b97b15e7dc0f9bac5fbaa1633c480b7524e21f55933828a157706
TRACE Gas Limit: 30000000
TRACE Gas spent on computation: 10437905
TRACE Gas spent on pubdata: 1512
TRACE Pubdata published: 18

✅ [SUCCESS] Hash: 0x4b3105bef06b97b15e7dc0f9bac5fbaa1633c480b7524e21f55933828a157706
Initiator: 0xf39fd6e51aad88f6f4ce6ab8827279cfffb92266
Payer: 0xf39fd6e51aad88f6f4ce6ab8827279cfffb92266
Gas Limit: 30_000_000 | Used: 10_439_410 | Refunded: 19_560_590
Paid: 0.000472383302500000 ETH (10439410 gas * 0.045250 gwei)
Refunded: 0.000885116697500000 ETH

 INFO Starting executing L1 batch #20
TRACE Fee benchmark for transaction with hash 40989a9cffeb79bd0aff4b99e1c53e752143c1c0441ee75c6e8f082163955368
TRACE Gas Limit: 30000000
TRACE Gas spent on computation: 10488288
TRACE Gas spent on pubdata: 1512
TRACE Pubdata published: 18

✅ [SUCCESS] Hash: 0x40989a9cffeb79bd0aff4b99e1c53e752143c1c0441ee75c6e8f082163955368
Initiator: 0xf39fd6e51aad88f6f4ce6ab8827279cfffb92266
Payer: 0xf39fd6e51aad88f6f4ce6ab8827279cfffb92266
Gas Limit: 30_000_000 | Used: 10_489_793 | Refunded: 19_510_207
Paid: 0.000474663133250000 ETH (10489793 gas * 0.045250 gwei)
Refunded: 0.000882836866750000 ETH

 INFO Starting executing L1 batch #21
TRACE Fee benchmark for transaction with hash 5431df4a2f514c1e4014480b80aabe5dcd01a3e3ea47d993ea6f7fc089318b72
TRACE Gas Limit: 30000000
TRACE Gas spent on computation: 10475676
TRACE Gas spent on pubdata: 1512
TRACE Pubdata published: 18

✅ [SUCCESS] Hash: 0x5431df4a2f514c1e4014480b80aabe5dcd01a3e3ea47d993ea6f7fc089318b72
Initiator: 0xf39fd6e51aad88f6f4ce6ab8827279cfffb92266
Payer: 0xf39fd6e51aad88f6f4ce6ab8827279cfffb92266
Gas Limit: 30_000_000 | Used: 10_477_181 | Refunded: 19_522_819
Paid: 0.000474092440250000 ETH (10477181 gas * 0.045250 gwei)
Refunded: 0.000883407559750000 ETH

 INFO Starting executing L1 batch #22
TRACE Fee benchmark for transaction with hash 2c9d83ae7e7541acaaac8e7b0cbb397616b348ea2a12330fb1fc864892cb599d
TRACE Gas Limit: 30000000
TRACE Gas spent on computation: 10504272
TRACE Gas spent on pubdata: 1512
TRACE Pubdata published: 18

✅ [SUCCESS] Hash: 0x2c9d83ae7e7541acaaac8e7b0cbb397616b348ea2a12330fb1fc864892cb599d
Initiator: 0xf39fd6e51aad88f6f4ce6ab8827279cfffb92266
Payer: 0xf39fd6e51aad88f6f4ce6ab8827279cfffb92266
Gas Limit: 30_000_000 | Used: 10_505_777 | Refunded: 19_494_223
Paid: 0.000475386409250000 ETH (10505777 gas * 0.045250 gwei)
Refunded: 0.000882113590750000 ETH

 INFO Starting executing L1 batch #23
TRACE Fee benchmark for transaction with hash e45f1fe33c0c3ba5e4e7b5fdb94a55dfdd6623f7cc376927b62f6eafeac94291
TRACE Gas Limit: 30000000
TRACE Gas spent on computation: 10499706
TRACE Gas spent on pubdata: 1512
TRACE Pubdata published: 18

✅ [SUCCESS] Hash: 0xe45f1fe33c0c3ba5e4e7b5fdb94a55dfdd6623f7cc376927b62f6eafeac94291
Initiator: 0xf39fd6e51aad88f6f4ce6ab8827279cfffb92266
Payer: 0xf39fd6e51aad88f6f4ce6ab8827279cfffb92266
Gas Limit: 30_000_000 | Used: 10_501_211 | Refunded: 19_498_789
Paid: 0.000475179797750000 ETH (10501211 gas * 0.045250 gwei)
Refunded: 0.000882320202250000 ETH

 INFO Starting executing L1 batch #24
TRACE Fee benchmark for transaction with hash 65fbe6ade46a663974b8020863abbf4c9d79b386ea1fbbd75de2d39faea06515
TRACE Gas Limit: 30000000
TRACE Gas spent on computation: 10511526
TRACE Gas spent on pubdata: 1512
TRACE Pubdata published: 18

✅ [SUCCESS] Hash: 0x65fbe6ade46a663974b8020863abbf4c9d79b386ea1fbbd75de2d39faea06515
Initiator: 0xf39fd6e51aad88f6f4ce6ab8827279cfffb92266
Payer: 0xf39fd6e51aad88f6f4ce6ab8827279cfffb92266
Gas Limit: 30_000_000 | Used: 10_513_031 | Refunded: 19_486_969
Paid: 0.000475714652750000 ETH (10513031 gas * 0.045250 gwei)
Refunded: 0.000881785347250000 ETH

 INFO Starting executing L1 batch #25
TRACE Fee benchmark for transaction with hash 6fc00462b94ac7543bbdf3c5b606403f13461235c63fd41329455ed2243ad4a5
TRACE Gas Limit: 30000000
TRACE Gas spent on computation: 10496598
TRACE Gas spent on pubdata: 1512
TRACE Pubdata published: 18

✅ [SUCCESS] Hash: 0x6fc00462b94ac7543bbdf3c5b606403f13461235c63fd41329455ed2243ad4a5
Initiator: 0xf39fd6e51aad88f6f4ce6ab8827279cfffb92266
Payer: 0xf39fd6e51aad88f6f4ce6ab8827279cfffb92266
Gas Limit: 30_000_000 | Used: 10_498_103 | Refunded: 19_501_897
Paid: 0.000475039160750000 ETH (10498103 gas * 0.045250 gwei)
Refunded: 0.000882460839250000 ETH

 INFO Starting executing L1 batch #26
TRACE Fee benchmark for transaction with hash 7ba0c8c4b732294cc9be8f93103fd3cbf7342fb1f5dd7000f65b4d5aeabbf9ff
TRACE Gas Limit: 30000000
TRACE Gas spent on computation: 10428846
TRACE Gas spent on pubdata: 1512
TRACE Pubdata published: 18

✅ [SUCCESS] Hash: 0x7ba0c8c4b732294cc9be8f93103fd3cbf7342fb1f5dd7000f65b4d5aeabbf9ff
Initiator: 0xf39fd6e51aad88f6f4ce6ab8827279cfffb92266
Payer: 0xf39fd6e51aad88f6f4ce6ab8827279cfffb92266
Gas Limit: 30_000_000 | Used: 10_430_351 | Refunded: 19_569_649
Paid: 0.000471973382750000 ETH (10430351 gas * 0.045250 gwei)
Refunded: 0.000885526617250000 ETH

 INFO Starting executing L1 batch #27
TRACE Fee benchmark for transaction with hash 9062f903c704b9ebd08eddb1c4387f5623d9e58ec53f8b2ac1a33656517e1f0f
TRACE Gas Limit: 30000000
TRACE Gas spent on computation: 10430214
TRACE Gas spent on pubdata: 1512
TRACE Pubdata published: 18

✅ [SUCCESS] Hash: 0x9062f903c704b9ebd08eddb1c4387f5623d9e58ec53f8b2ac1a33656517e1f0f
Initiator: 0xf39fd6e51aad88f6f4ce6ab8827279cfffb92266
Payer: 0xf39fd6e51aad88f6f4ce6ab8827279cfffb92266
Gas Limit: 30_000_000 | Used: 10_431_719 | Refunded: 19_568_281
Paid: 0.000472035284750000 ETH (10431719 gas * 0.045250 gwei)
Refunded: 0.000885464715250000 ETH

 INFO Starting executing L1 batch #28
TRACE Fee benchmark for transaction with hash fd716884fbae9f002896bd382fcdc943d0255b4b7ae45f81e47203bdd5820fd9
TRACE Gas Limit: 30000000
TRACE Gas spent on computation: 10488288
TRACE Gas spent on pubdata: 1512
TRACE Pubdata published: 18

✅ [SUCCESS] Hash: 0xfd716884fbae9f002896bd382fcdc943d0255b4b7ae45f81e47203bdd5820fd9
Initiator: 0xf39fd6e51aad88f6f4ce6ab8827279cfffb92266
Payer: 0xf39fd6e51aad88f6f4ce6ab8827279cfffb92266
Gas Limit: 30_000_000 | Used: 10_489_793 | Refunded: 19_510_207
Paid: 0.000474663133250000 ETH (10489793 gas * 0.045250 gwei)
Refunded: 0.000882836866750000 ETH

 INFO Starting executing L1 batch #29
TRACE Fee benchmark for transaction with hash 5451aca4eb7a7dfc9253b0bcc513d958abcff395a1a1066b0e5f0c3fd42565a8
TRACE Gas Limit: 30000000
TRACE Gas spent on computation: 116568
TRACE Gas spent on pubdata: 1512
TRACE Pubdata published: 18

❌ [FAILED] Hash: 0x5451aca4eb7a7dfc9253b0bcc513d958abcff395a1a1066b0e5f0c3fd42565a8
Initiator: 0xf39fd6e51aad88f6f4ce6ab8827279cfffb92266
Payer: 0xf39fd6e51aad88f6f4ce6ab8827279cfffb92266
Gas Limit: 30_000_000 | Used: 118_073 | Refunded: 29_881_927
Paid: 0.000005342803250000 ETH (118073 gas * 0.045250 gwei)
Refunded: 0.001352157196750000 ETH

