 INFO initializing system contracts protocol_version=27 use_evm_emulator=false zksync_os.zksync_os=false


                      _  _         _____ _  __
  __ _  _ __  __   __(_)| |       |__  /| |/ / ___  _   _  _ __    ___
 / _` || '_ \ \ \ / /| || | _____   / / | ' / / __|| | | || '_ \  / __|
| (_| || | | | \ V / | || ||_____| / /_ | . \ \__ \| |_| || | | || (__
 \__,_||_| |_|  \_/  |_||_|       /____||_|\_\|___/ \__, ||_| |_| \___|
                                                    |___/

Version:        0.6.11
Repository:     https://github.com/matter-labs/anvil-zksync



Rich Accounts
========================
(0) 0xf39Fd6e51aad88F6F4ce6aB8827279cffFb92266 (10000.000000000000000000 ETH)
(1) 0x70997970C51812dc3A010C7d01b50e0d17dc79C8 (10000.000000000000000000 ETH)



Private Keys
========================
(0) 0xac0974bec39a17e36ba4a6b4d238ff944bacb478cbed5efcae784d7bf4f2ff80
(1) 0x59c6995e998f97a5a0044966f0945389dc9e86dae88c7a8412f4603b6b78690d



Wallet
========================
Mnemonic:            test test test test test test test test test test test junk
Derivation path:     m/44'/60'/0'/0/0


Network Configuration
========================
Chain ID: 260


Gas Configuration
========================
L1 Gas Price (gwei):               2.365348 gwei
L2 Gas Price (gwei):               0.045250 gwei
L1 Pubdata Price (gwei):           0.000000 gwei
Estimated Gas Price Scale Factor:  2
Estimated Gas Limit Scale Factor:  1.3


Genesis Timestamp
========================
1000


Node Configuration
========================
Port:                  18011
EVM Interpreter:       Disabled
Health Check Endpoint: Disabled
ZKsync OS:             Disabled
L1:                    Disabled


========================================
  Listening on 127.0.0.1:18011
========================================

 INFO Starting executing L1 batch #1
TRACE Fee benchmark for transaction with hash 5fa2f1622e890468b3530fddf01b896ca24c50cae5c89918a12232ac8571371e
TRACE Gas Limit: 400000000
TRACE Gas spent on computation: 3530695
TRACE Gas spent on pubdata: 2522940
TRACE Pubdata published: 30035

✅ [SUCCESS] Hash: 0x5fa2f1622e890468b3530fddf01b896ca24c50cae5c89918a12232ac8571371e
Initiator: 0xf39fd6e51aad88f6f4ce6ab8827279cfffb92266
Payer: 0xf39fd6e51aad88f6f4ce6ab8827279cfffb92266
Gas Limit: 400_000_000 | Used: 6_042_721 | Refunded: 393_957_279
Paid: 0.000273433125250000 ETH (6042721 gas * 0.045250 gwei)
Refunded: 0.017826566874750000 ETH

 INFO Starting executing L1 batch #2
TRACE Fee benchmark for transaction with hash 095d3bcdd6531682da1bd6596c6cd7a0660f508a046c1eb5eba186b1ffdc8aab
TRACE Gas Limit: 200000000
TRACE Gas spent on computation: 716991
TRACE Gas spent on pubdata: 443940
TRACE Pubdata published: 5285

✅ [SUCCESS] Hash: 0x095d3bcdd6531682da1bd6596c6cd7a0660f508a046c1eb5eba186b1ffdc8aab
Initiator: 0xf39fd6e51aad88f6f4ce6ab8827279cfffb92266
Payer: 0xf39fd6e51aad88f6f4ce6ab8827279cfffb92266
Gas Limit: 200_000_000 | Used: 1_159_010 | Refunded: 198_840_990
Paid: 0.000052445202500000 ETH (1159010 gas * 0.045250 gwei)
Refunded: 0.008997554797500000 ETH

 INFO Starting executing L1 batch #3
TRACE Fee benchmark for transaction with hash 161536358035cb033f5a07669678470d417f952749c9e6bebf1f3bfd7b947e10
TRACE Gas Limit: 30000000
TRACE Gas spent on computation: 122069
TRACE Gas spent on pubdata: 4368
TRACE Pubdata published: 52

✅ [SUCCESS] Hash: 0x161536358035cb033f5a07669678470d417f952749c9e6bebf1f3bfd7b947e10
Initiator: 0xf39fd6e51aad88f6f4ce6ab8827279cfffb92266
Payer: 0xf39fd6e51aad88f6f4ce6ab8827279cfffb92266
Gas Limit: 30_000_000 | Used: 126_418 | Refunded: 29_873_582
Paid: 0.000005720414500000 ETH (126418 gas * 0.045250 gwei)
Refunded: 0.001351779585500000 ETH

 INFO Starting executing L1 batch #4
TRACE Fee benchmark for transaction with hash 4b262f4a23ee588c944c83a9e8b5e9615af5808ed2820a097651b2a9d618c783
TRACE Gas Limit: 30000000
TRACE Gas spent on computation: 122389
TRACE Gas spent on pubdata: 4368
TRACE Pubdata published: 52

✅ [SUCCESS] Hash: 0x4b262f4a23ee588c944c83a9e8b5e9615af5808ed2820a097651b2a9d618c783
Initiator: 0xf39fd6e51aad88f6f4ce6ab8827279cfffb92266
Payer: 0xf39fd6e51aad88f6f4ce6ab8827279cfffb92266
Gas Limit: 30_000_000 | Used: 126_738 | Refunded: 29_873_262
Paid: 0.000005734894500000 ETH (126738 gas * 0.045250 gwei)
Refunded: 0.001351765105500000 ETH

 INFO Starting executing L1 batch #5
TRACE Fee benchmark for transaction with hash 64b737f728f81da9255443edb3bfe8ed365954f3dd4b3d74dc9188af7b08a2b9
TRACE Gas Limit: 30000000
TRACE Gas spent on computation: 122389
TRACE Gas spent on pubdata: 4368
TRACE Pubdata published: 52

✅ [SUCCESS] Hash: 0x64b737f728f81da9255443edb3bfe8ed365954f3dd4b3d74dc9188af7b08a2b9
Initiator: 0xf39fd6e51aad88f6f4ce6ab8827279cfffb92266
Payer: 0xf39fd6e51aad88f6f4ce6ab8827279cfffb92266
Gas Limit: 30_000_000 | Used: 126_738 | Refunded: 29_873_262
Paid: 0.000005734894500000 ETH (126738 gas * 0.045250 gwei)
Refunded: 0.001351765105500000 ETH

 INFO Starting executing L1 batch #6
TRACE Fee benchmark for transaction with hash 9579239f5d2370e2e29074b8ddd10bd801d95c95ac52b1291f001544e6455129
TRACE Gas Limit: 30000000
TRACE Gas spent on computation: 122389
TRACE Gas spent on pubdata: 4368
TRACE Pubdata published: 52

✅ [SUCCESS] Hash: 0x9579239f5d2370e2e29074b8ddd10bd801d95c95ac52b1291f001544e6455129
Initiator: 0xf39fd6e51aad88f6f4ce6ab8827279cfffb92266
Payer: 0xf39fd6e51aad88f6f4ce6ab8827279cfffb92266
Gas Limit: 30_000_000 | Used: 126_738 | Refunded: 29_873_262
Paid: 0.000005734894500000 ETH (126738 gas * 0.045250 gwei)
Refunded: 0.001351765105500000 ETH

 INFO Starting executing L1 batch #7
TRACE Fee benchmark for transaction with hash 57b7bb40ede9c655795bee9d3da2656fe4fbac18b65b799bfa139bc980881eda
TRACE Gas Limit: 30000000
TRACE Gas spent on computation: 122389
TRACE Gas spent on pubdata: 4368
TRACE Pubdata published: 52

✅ [SUCCESS] Hash: 0x57b7bb40ede9c655795bee9d3da2656fe4fbac18b65b799bfa139bc980881eda
Initiator: 0xf39fd6e51aad88f6f4ce6ab8827279cfffb92266
Payer: 0xf39fd6e51aad88f6f4ce6ab8827279cfffb92266
Gas Limit: 30_000_000 | Used: 126_738 | Refunded: 29_873_262
Paid: 0.000005734894500000 ETH (126738 gas * 0.045250 gwei)
Refunded: 0.001351765105500000 ETH

 INFO Starting executing L1 batch #8
TRACE Fee benchmark for transaction with hash a8244a8da284c786069056bc2727c753ade54ff21dfc7e554d08c4573774696e
TRACE Gas Limit: 30000000
TRACE Gas spent on computation: 122389
TRACE Gas spent on pubdata: 4368
TRACE Pubdata published: 52

✅ [SUCCESS] Hash: 0xa8244a8da284c786069056bc2727c753ade54ff21dfc7e554d08c4573774696e
Initiator: 0xf39fd6e51aad88f6f4ce6ab8827279cfffb92266
Payer: 0xf39fd6e51aad88f6f4ce6ab8827279cfffb92266
Gas Limit: 30_000_000 | Used: 126_738 | Refunded: 29_873_262
Paid: 0.000005734894500000 ETH (126738 gas * 0.045250 gwei)
Refunded: 0.001351765105500000 ETH

 INFO Starting executing L1 batch #9
TRACE Fee benchmark for transaction with hash 07a6a92247db8d4d7bd52a90c3149bdd74770235d2c83d951fdef209cedca40f
TRACE Gas Limit: 30000000
TRACE Gas spent on computation: 122389
TRACE Gas spent on pubdata: 4368
TRACE Pubdata published: 52

✅ [SUCCESS] Hash: 0x07a6a92247db8d4d7bd52a90c3149bdd74770235d2c83d951fdef209cedca40f
Initiator: 0xf39fd6e51aad88f6f4ce6ab8827279cfffb92266
Payer: 0xf39fd6e51aad88f6f4ce6ab8827279cfffb92266
Gas Limit: 30_000_000 | Used: 126_738 | Refunded: 29_873_262
Paid: 0.000005734894500000 ETH (126738 gas * 0.045250 gwei)
Refunded: 0.001351765105500000 ETH

 INFO Starting executing L1 batch #10
TRACE Fee benchmark for transaction with hash 7d8c9aa558fa49fac28f265988e4576f7d4a2d08da603b7b58847b4ef8aa4676
TRACE Gas Limit: 30000000
TRACE Gas spent on computation: 122389
TRACE Gas spent on pubdata: 4368
TRACE Pubdata published: 52

✅ [SUCCESS] Hash: 0x7d8c9aa558fa49fac28f265988e4576f7d4a2d08da603b7b58847b4ef8aa4676
Initiator: 0xf39fd6e51aad88f6f4ce6ab8827279cfffb92266
Payer: 0xf39fd6e51aad88f6f4ce6ab8827279cfffb92266
Gas Limit: 30_000_000 | Used: 126_738 | Refunded: 29_873_262
Paid: 0.000005734894500000 ETH (126738 gas * 0.045250 gwei)
Refunded: 0.001351765105500000 ETH

 INFO Starting executing L1 batch #11
TRACE Fee benchmark for transaction with hash d0ade75bb8a2dfc9e1a516fe155886c804efe0b0bfcf123490a37e7c30ead4b7
TRACE Gas Limit: 30000000
TRACE Gas spent on computation: 122389
TRACE Gas spent on pubdata: 4368
TRACE Pubdata published: 52

✅ [SUCCESS] Hash: 0xd0ade75bb8a2dfc9e1a516fe155886c804efe0b0bfcf123490a37e7c30ead4b7
Initiator: 0xf39fd6e51aad88f6f4ce6ab8827279cfffb92266
Payer: 0xf39fd6e51aad88f6f4ce6ab8827279cfffb92266
Gas Limit: 30_000_000 | Used: 126_738 | Refunded: 29_873_262
Paid: 0.000005734894500000 ETH (126738 gas * 0.045250 gwei)
Refunded: 0.001351765105500000 ETH

 INFO Starting executing L1 batch #12
TRACE Fee benchmark for transaction with hash f28dbb8ee982146f803934647e86be350da5efd0c8f4bbfab98a6eeac222d0e9
TRACE Gas Limit: 30000000
TRACE Gas spent on computation: 10474345
TRACE Gas spent on pubdata: 1512
TRACE Pubdata published: 18

✅ [SUCCESS] Hash: 0xf28dbb8ee982146f803934647e86be350da5efd0c8f4bbfab98a6eeac222d0e9
Initiator: 0xf39fd6e51aad88f6f4ce6ab8827279cfffb92266
Payer: 0xf39fd6e51aad88f6f4ce6ab8827279cfffb92266
Gas Limit: 30_000_000 | Used: 10_475_850 | Refunded: 19_524_150
Paid: 0.000474032212500000 ETH (10475850 gas * 0.045250 gwei)
Refunded: 0.000883467787500000 ETH

 INFO Starting executing L1 batch #13
TRACE Fee benchmark for transaction with hash d87d348148a81f7fbeee513e95ca17d39aaa140b78cf1223d5fc0680971da25c
TRACE Gas Limit: 30000000
TRACE Gas spent on computation: 10523989
TRACE Gas spent on pubdata: 1512
TRACE Pubdata published: 18

✅ [SUCCESS] Hash: 0xd87d348148a81f7fbeee513e95ca17d39aaa140b78cf1223d5fc0680971da25c
Initiator: 0xf39fd6e51aad88f6f4ce6ab8827279cfffb92266
Payer: 0xf39fd6e51aad88f6f4ce6ab8827279cfffb92266
Gas Limit: 30_000_000 | Used: 10_525_494 | Refunded: 19_474_506
Paid: 0.000476278603500000 ETH (10525494 gas * 0.045250 gwei)
Refunded: 0.000881221396500000 ETH

 INFO Starting executing L1 batch #14
TRACE Fee benchmark for transaction with hash a79b54b3e9e061b1c32ac71a4395411986b06edbe1a4fbe57fd0a7256596fa1b
TRACE Gas Limit: 30000000
TRACE Gas spent on computation: 10490491
TRACE Gas spent on pubdata: 1512
TRACE Pubdata published: 18

✅ [SUCCESS] Hash: 0xa79b54b3e9e061b1c32ac71a4395411986b06edbe1a4fbe57fd0a7256596fa1b
Initiator: 0xf39fd6e51aad88f6f4ce6ab8827279cfffb92266
Payer: 0xf39fd6e51aad88f6f4ce6ab8827279cfffb92266
Gas Limit: 30_000_000 | Used: 10_491_996 | Refunded: 19_508_004
Paid: 0.000474762819000000 ETH (10491996 gas * 0.045250 gwei)
Refunded: 0.000882737181000000 ETH

 INFO Starting executing L1 batch #15
TRACE Fee benchmark for transaction with hash 3c95128a0bd97dc5537b9d8bf7121fae4b33e6618645e84927b43a656f8c2e74
TRACE Gas Limit: 30000000
TRACE Gas spent on computation: 10512187
TRACE Gas spent on pubdata: 1512
TRACE Pubdata published: 18

✅ [SUCCESS] Hash: 0x3c95128a0bd97dc5537b9d8bf7121fae4b33e6618645e84927b43a656f8c2e74
Initiator: 0xf39fd6e51aad88f6f4ce6ab8827279cfffb92266
Payer: 0xf39fd6e51aad88f6f4ce6ab8827279cfffb92266
Gas Limit: 30_000_000 | Used: 10_513_692 | Refunded: 19_486_308
Paid: 0.000475744563000000 ETH (10513692 gas * 0.045250 gwei)
Refunded: 0.000881755437000000 ETH

 INFO Starting executing L1 batch #16
TRACE Fee benchmark for transaction with hash b109874c1bc9650cf07627b82ef374d345bbe92c28554da8a1a3afd001191a0a
TRACE Gas Limit: 30000000
TRACE Gas spent on computation: 10529299
TRACE Gas spent on pubdata: 1512
TRACE Pubdata published: 18

✅ [SUCCESS] Hash: 0xb109874c1bc9650cf07627b82ef374d345bbe92c28554da8a1a3afd001191a0a
Initiator: 0xf39fd6e51aad88f6f4ce6ab8827279cfffb92266
Payer: 0xf39fd6e51aad88f6f4ce6ab8827279cfffb92266
Gas Limit: 30_000_000 | Used: 10_530_804 | Refunded: 19_469_196
Paid: 0.000476518881000000 ETH (10530804 gas * 0.045250 gwei)
Refunded: 0.000880981119000000 ETH

 INFO Starting executing L1 batch #17
TRACE Fee benchmark for transaction with hash f1288768d4a1322e857bfd27c95c9b7d0e36014e29e54fa3ca2ef0b97a46cd57
TRACE Gas Limit: 30000000
TRACE Gas spent on computation: 10493629
TRACE Gas spent on pubdata: 1512
TRACE Pubdata published: 18

✅ [SUCCESS] Hash: 0xf1288768d4a1322e857bfd27c95c9b7d0e36014e29e54fa3ca2ef0b97a46cd57
Initiator: 0xf39fd6e51aad88f6f4ce6ab8827279cfffb92266
Payer: 0xf39fd6e51aad88f6f4ce6ab8827279cfffb92266
Gas Limit: 30_000_000 | Used: 10_495_134 | Refunded: 19_504_866
Paid: 0.000474904813500000 ETH (10495134 gas * 0.045250 gwei)
Refunded: 0.000882595186500000 ETH

 INFO Starting executing L1 batch #18
TRACE Fee benchmark for transaction with hash befa3bbc170dbb5cf5ea50152ddeb544dc0f35fbf13950be48b6acfdfbfa3372
TRACE Gas Limit: 30000000
TRACE Gas spent on computation: 10519729
TRACE Gas spent on pubdata: 1512
TRACE Pubdata published: 18

✅ [SUCCESS] Hash: 0xbefa3bbc170dbb5cf5ea50152ddeb544dc0f35fbf13950be48b6acfdfbfa3372
Initiator: 0xf39fd6e51aad88f6f4ce6ab8827279cfffb92266
Payer: 0xf39fd6e51aad88f6f4ce6ab8827279cfffb92266
Gas Limit: 30_000_000 | Used: 10_521_234 | Refunded: 19_478_766
Paid: 0.000476085838500000 ETH (10521234 gas * 0.045250 gwei)
Refunded: 0.000881414161500000 ETH

 INFO Starting executing L1 batch #19
TRACE Fee benchmark for transaction with hash a8cea1aa935dff083816a3440694f65d691db4b0dd4e39bd6659f7137c7cc29f
TRACE Gas Limit: 30000000
TRACE Gas spent on computation: 10512163
TRACE Gas spent on pubdata: 1512
TRACE Pubdata published: 18

✅ [SUCCESS] Hash: 0xa8cea1aa935dff083816a3440694f65d691db4b0dd4e39bd6659f7137c7cc29f
Initiator: 0xf39fd6e51aad88f6f4ce6ab8827279cfffb92266
Payer: 0xf39fd6e51aad88f6f4ce6ab8827279cfffb92266
Gas Limit: 30_000_000 | Used: 10_513_668 | Refunded: 19_486_332
Paid: 0.000475743477000000 ETH (10513668 gas * 0.045250 gwei)
Refunded: 0.000881756523000000 ETH

 INFO Starting executing L1 batch #20
TRACE Fee benchmark for transaction with hash de583dab9f6e29ae34ed07208c33970af154b14e9fdd8cf6c28c29e499cffb40
TRACE Gas Limit: 30000000
TRACE Gas spent on computation: 10466694
TRACE Gas spent on pubdata: 1512
TRACE Pubdata published: 18

✅ [SUCCESS] Hash: 0xde583dab9f6e29ae34ed07208c33970af154b14e9fdd8cf6c28c29e499cffb40
Initiator: 0xf39fd6e51aad88f6f4ce6ab8827279cfffb92266
Payer: 0xf39fd6e51aad88f6f4ce6ab8827279cfffb92266
Gas Limit: 30_000_000 | Used: 10_468_199 | Refunded: 19_531_801
Paid: 0.000473686004750000 ETH (10468199 gas * 0.045250 gwei)
Refunded: 0.000883813995250000 ETH

 INFO Starting executing L1 batch #21
TRACE Fee benchmark for transaction with hash 6c6c51d447f8b8e719d4323ea5bc01b47afe62c9f2f15d08ab9cae691671342e
TRACE Gas Limit: 30000000
TRACE Gas spent on computation: 10516338
TRACE Gas spent on pubdata: 1512
TRACE Pubdata published: 18

✅ [SUCCESS] Hash: 0x6c6c51d447f8b8e719d4323ea5bc01b47afe62c9f2f15d08ab9cae691671342e
Initiator: 0xf39fd6e51aad88f6f4ce6ab8827279cfffb92266
Payer: 0xf39fd6e51aad88f6f4ce6ab8827279cfffb92266
Gas Limit: 30_000_000 | Used: 10_517_843 | Refunded: 19_482_157
Paid: 0.000475932395750000 ETH (10517843 gas * 0.045250 gwei)
Refunded: 0.000881567604250000 ETH

 INFO Starting executing L1 batch #22
TRACE Fee benchmark for transaction with hash 2b49452350b30ffe4724274d71e983469253cda5b9a138461d46936ab8df51f6
TRACE Gas Limit: 30000000
TRACE Gas spent on computation: 10482840
TRACE Gas spent on pubdata: 1512
TRACE Pubdata published: 18

✅ [SUCCESS] Hash: 0x2b49452350b30ffe4724274d71e983469253cda5b9a138461d46936ab8df51f6
Initiator: 0xf39fd6e51aad88f6f4ce6ab8827279cfffb92266
Payer: 0xf39fd6e51aad88f6f4ce6ab8827279cfffb92266
Gas Limit: 30_000_000 | Used: 10_484_345 | Refunded: 19_515_655
Paid: 0.000474416611250000 ETH (10484345 gas * 0.045250 gwei)
Refunded: 0.000883083388750000 ETH

 INFO Starting executing L1 batch #23
TRACE Fee benchmark for transaction with hash f3fe013540393ee24e906e77194cd291211f3a23ac44f6c7161269efae6b0623
TRACE Gas Limit: 30000000
TRACE Gas spent on computation: 10504536
TRACE Gas spent on pubdata: 1512
TRACE Pubdata published: 18

✅ [SUCCESS] Hash: 0xf3fe013540393ee24e906e77194cd291211f3a23ac44f6c7161269efae6b0623
Initiator: 0xf39fd6e51aad88f6f4ce6ab8827279cfffb92266
Payer: 0xf39fd6e51aad88f6f4ce6ab8827279cfffb92266
Gas Limit: 30_000_000 | Used: 10_506_041 | Refunded: 19_493_959
Paid: 0.000475398355250000 ETH (10506041 gas * 0.045250 gwei)
Refunded: 0.000882101644750000 ETH

 INFO Starting executing L1 batch #24
TRACE Fee benchmark for transaction with hash b0e55c071e979a7e4ea95c66756be855d86d9a6dbc9cb623c4877da8cc73a94f
TRACE Gas Limit: 30000000
TRACE Gas spent on computation: 10521648
TRACE Gas spent on pubdata: 1512
TRACE Pubdata published: 18

✅ [SUCCESS] Hash: 0xb0e55c071e979a7e4ea95c66756be855d86d9a6dbc9cb623c4877da8cc73a94f
Initiator: 0xf39fd6e51aad88f6f4ce6ab8827279cfffb92266
Payer: 0xf39fd6e51aad88f6f4ce6ab8827279cfffb92266
Gas Limit: 30_000_000 | Used: 10_523_153 | Refunded: 19_476_847
Paid: 0.000476172673250000 ETH (10523153 gas * 0.045250 gwei)
Refunded: 0.000881327326750000 ETH

 INFO Starting executing L1 batch #25
TRACE Fee benchmark for transaction with hash 911e61bf2b946183fa4a64b693c7c6a9c3361c8649a0f6c6a2e00dbb0262a380
TRACE Gas Limit: 30000000
TRACE Gas spent on computation: 10485978
TRACE Gas spent on pubdata: 1512
TRACE Pubdata published: 18

✅ [SUCCESS] Hash: 0x911e61bf2b946183fa4a64b693c7c6a9c3361c8649a0f6c6a2e00dbb0262a380
Initiator: 0xf39fd6e51aad88f6f4ce6ab8827279cfffb92266
Payer: 0xf39fd6e51aad88f6f4ce6ab8827279cfffb92266
Gas Limit: 30_000_000 | Used: 10_487_483 | Refunded: 19_512_517
Paid: 0.000474558605750000 ETH (10487483 gas * 0.045250 gwei)
Refunded: 0.000882941394250000 ETH

 INFO Starting executing L1 batch #26
TRACE Fee benchmark for transaction with hash e0e9c637eacb558dd839ec1e152cd7d59b74e886972cadb9a1147975ac1689cf
TRACE Gas Limit: 30000000
TRACE Gas spent on computation: 10512078
TRACE Gas spent on pubdata: 1512
TRACE Pubdata published: 18

✅ [SUCCESS] Hash: 0xe0e9c637eacb558dd839ec1e152cd7d59b74e886972cadb9a1147975ac1689cf
Initiator: 0xf39fd6e51aad88f6f4ce6ab8827279cfffb92266
Payer: 0xf39fd6e51aad88f6f4ce6ab8827279cfffb92266
Gas Limit: 30_000_000 | Used: 10_513_583 | Refunded: 19_486_417
Paid: 0.000475739630750000 ETH (10513583 gas * 0.045250 gwei)
Refunded: 0.000881760369250000 ETH

 INFO Starting executing L1 batch #27
TRACE Fee benchmark for transaction with hash 2f1ddf2127ce19d1d8aef853e918510defb205554045699c9505dd553f3c2365
TRACE Gas Limit: 30000000
TRACE Gas spent on computation: 10504512
TRACE Gas spent on pubdata: 1512
TRACE Pubdata published: 18

✅ [SUCCESS] Hash: 0x2f1ddf2127ce19d1d8aef853e918510defb205554045699c9505dd553f3c2365
Initiator: 0xf39fd6e51aad88f6f4ce6ab8827279cfffb92266
Payer: 0xf39fd6e51aad88f6f4ce6ab8827279cfffb92266
Gas Limit: 30_000_000 | Used: 10_506_017 | Refunded: 19_493_983
Paid: 0.000475397269250000 ETH (10506017 gas * 0.045250 gwei)
Refunded: 0.000882102730750000 ETH

 INFO Starting executing L1 batch #28
TRACE Fee benchmark for transaction with hash 81ddd97268b98c07f263a74cbfd03c02c36b39e94d79ba436f02d57b281f49e5
TRACE Gas Limit: 30000000
TRACE Gas spent on computation: 10466694
TRACE Gas spent on pubdata: 1512
TRACE Pubdata published: 18

✅ [SUCCESS] Hash: 0x81ddd97268b98c07f263a74cbfd03c02c36b39e94d79ba436f02d57b281f49e5
Initiator: 0xf39fd6e51aad88f6f4ce6ab8827279cfffb92266
Payer: 0xf39fd6e51aad88f6f4ce6ab8827279cfffb92266
Gas Limit: 30_000_000 | Used: 10_468_199 | Refunded: 19_531_801
Paid: 0.000473686004750000 ETH (10468199 gas * 0.045250 gwei)
Refunded: 0.000883813995250000 ETH

 INFO Starting executing L1 batch #29
TRACE Fee benchmark for transaction with hash c1c600294241f8545d1b5381473997618238ee61573d854149d59c13bdaa3254
TRACE Gas Limit: 30000000
TRACE Gas spent on computation: 116592
TRACE Gas spent on pubdata: 1512
TRACE Pubdata published: 18

❌ [FAILED] Hash: 0xc1c600294241f8545d1b5381473997618238ee61573d854149d59c13bdaa3254
Initiator: 0xf39fd6e51aad88f6f4ce6ab8827279cfffb92266
Payer: 0xf39fd6e51aad88f6f4ce6ab8827279cfffb92266
Gas Limit: 30_000_000 | Used: 118_097 | Refunded: 29_881_903
Paid: 0.000005343889250000 ETH (118097 gas * 0.045250 gwei)
Refunded: 0.001352156110750000 ETH

