 INFO initializing system contracts protocol_version=29 use_evm_emulator=false zksync_os.zksync_os=false
 INFO Starting executing L1 batch #1
TRACE Fee benchmark for transaction with hash f4dae200f1ed637876611c9945b7a9d1f11142fc62cc1b59104cddb38458bfc4
TRACE Gas Limit: 400000000
TRACE Gas spent on computation: 3342797
TRACE Gas spent on pubdata: 2385180
TRACE Pubdata published: 28395
 INFO Starting executing L1 batch #2
TRACE Fee benchmark for transaction with hash ad419843081df7a05fc9cebd41e0b8669f3531b2c45ccb8a09436129644d3ba0
TRACE Gas Limit: 200000000
TRACE Gas spent on computation: 718507
TRACE Gas spent on pubdata: 442596
TRACE Pubdata published: 5269
 INFO Starting executing L1 batch #3
TRACE Fee benchmark for transaction with hash 161536358035cb033f5a07669678470d417f952749c9e6bebf1f3bfd7b947e10
TRACE Gas Limit: 30000000
TRACE Gas spent on computation: 124473
TRACE Gas spent on pubdata: 4368
TRACE Pubdata published: 52
 INFO Starting executing L1 batch #4
TRACE Fee benchmark for transaction with hash 1d9fae705941594490e6c7f78caba7e276921bd9b4253819a8d8532bfdb3cf70
TRACE Gas Limit: 30000000
TRACE Gas spent on computation: 124781
TRACE Gas spent on pubdata: 4368
TRACE Pubdata published: 52
 INFO Starting executing L1 batch #5
TRACE Fee benchmark for transaction with hash 328a7085dc1694a72cd341c007f299d776efe7d0cbe69d7fced3badbad53e2de
TRACE Gas Limit: 30000000
TRACE Gas spent on computation: 124781
TRACE Gas spent on pubdata: 4368
TRACE Pubdata published: 52
 INFO Starting executing L1 batch #6
TRACE Fee benchmark for transaction with hash ade462b51695feade13d44a15a9465bbd5c532f2fa4c33454f02401f44d11c30
TRACE Gas Limit: 30000000
TRACE Gas spent on computation: 124781
TRACE Gas spent on pubdata: 4368
TRACE Pubdata published: 52
 INFO Starting executing L1 batch #7
TRACE Fee benchmark for transaction with hash b38df235f89403a2217d7686cb9d98586a67bae8b00d55072a352a4d80b2ffa8
TRACE Gas Limit: 30000000
TRACE Gas spent on computation: 124781
TRACE Gas spent on pubdata: 4368
TRACE Pubdata published: 52
 INFO Starting executing L1 batch #8
TRACE Fee benchmark for transaction with hash c55dadfb9a60581b90e79d7197b9eb9b8f506972096ead89b9ff640e4917ed60
TRACE Gas Limit: 30000000
TRACE Gas spent on computation: 124781
TRACE Gas spent on pubdata: 4368
TRACE Pubdata published: 52
 INFO Starting executing L1 batch #9
TRACE Fee benchmark for transaction with hash a1b2d426a7683761fa4393d4d4598f08788d6a62d9d9409952a93d741ae0c2b0
TRACE Gas Limit: 30000000
TRACE Gas spent on computation: 124781
TRACE Gas spent on pubdata: 4368
TRACE Pubdata published: 52
 INFO Starting executing L1 batch #10
TRACE Fee benchmark for transaction with hash 28c44be568b0918f060d8cc59278e711f54e48d7f3872b769e9aadac78162d5c
TRACE Gas Limit: 30000000
TRACE Gas spent on computation: 124781
TRACE Gas spent on pubdata: 4368
TRACE Pubdata published: 52
 INFO Starting executing L1 batch #11
TRACE Fee benchmark for transaction with hash 294117619380f085a354b7a596a68b82a1faf6af7db07bd2a4b517b51f03a67d
TRACE Gas Limit: 30000000
TRACE Gas spent on computation: 124781
TRACE Gas spent on pubdata: 4368
TRACE Pubdata published: 52
 INFO Starting executing L1 batch #12
TRACE Fee benchmark for transaction with hash 39b200d64dbc09dfdefb6ed620f028eedb00e595e930671662094106eaf24ded
TRACE Gas Limit: 30000000
TRACE Gas spent on computation: 460267
TRACE Gas spent on pubdata: 1512
TRACE Pubdata published: 18
 INFO Starting executing L1 batch #13
TRACE Fee benchmark for transaction with hash 88f0a573726263e8206ef9c1629b05277b958512cd7b091cb9df0067899846c0
TRACE Gas Limit: 30000000
TRACE Gas spent on computation: 459691
TRACE Gas spent on pubdata: 1512
TRACE Pubdata published: 18
 INFO Starting executing L1 batch #14
TRACE Fee benchmark for transaction with hash ba789dd169049c902a64006baa285c9908a73591e12474e3be2d73d6ed25d7e0
TRACE Gas Limit: 30000000
TRACE Gas spent on computation: 462037
TRACE Gas spent on pubdata: 1512
TRACE Pubdata published: 18
 INFO Starting executing L1 batch #15
TRACE Fee benchmark for transaction with hash ea222880068c2d859a32f1f1525f79ff4b59c4677a85799dabfeb2aa4706188c
TRACE Gas Limit: 30000000
TRACE Gas spent on computation: 460537
TRACE Gas spent on pubdata: 1512
TRACE Pubdata published: 18
 INFO Starting executing L1 batch #16
TRACE Fee benchmark for transaction with hash 23cd23b58b05f369f77b3b1fdbd9550e93bbd6018dbe9abe18f51c0716994318
TRACE Gas Limit: 30000000
TRACE Gas spent on computation: 461095
TRACE Gas spent on pubdata: 1512
TRACE Pubdata published: 18
 INFO Starting executing L1 batch #17
TRACE Fee benchmark for transaction with hash 47ed6596a6341763a307c6c0f61add7fc27058ed5e71c34851eb8baff0bf9f0c
TRACE Gas Limit: 30000000
TRACE Gas spent on computation: 460405
TRACE Gas spent on pubdata: 1512
TRACE Pubdata published: 18
 INFO Starting executing L1 batch #18
TRACE Fee benchmark for transaction with hash 0773f93712c38249113979b0d83f209b9349c1429514be321e83b5586fe73a1f
TRACE Gas Limit: 30000000
TRACE Gas spent on computation: 459835
TRACE Gas spent on pubdata: 1512
TRACE Pubdata published: 18
 INFO Starting executing L1 batch #19
TRACE Fee benchmark for transaction with hash 14ae0bd55e1d77f532bf9cb622ed29ff8a2fdeafffff26fae160b812db47e710
TRACE Gas Limit: 30000000
TRACE Gas spent on computation: 460225
TRACE Gas spent on pubdata: 1512
TRACE Pubdata published: 18
 INFO Starting executing L1 batch #20
TRACE Fee benchmark for transaction with hash 6301d74415af5f3562101091718289291ec58d99166fce65d5cd20074d9e29f3
TRACE Gas Limit: 30000000
TRACE Gas spent on computation: 452680
TRACE Gas spent on pubdata: 1512
TRACE Pubdata published: 18
 INFO Starting executing L1 batch #21
TRACE Fee benchmark for transaction with hash 46adefd9aace297591155a2e10952c6eccedff4f294fa8c1cf854b7d69b781fc
TRACE Gas Limit: 30000000
TRACE Gas spent on computation: 452104
TRACE Gas spent on pubdata: 1512
TRACE Pubdata published: 18
 INFO Starting executing L1 batch #22
TRACE Fee benchmark for transaction with hash 5a1ba31cf2a229858dc78211d6723900a199f183ee7d90ed242321b208214a60
TRACE Gas Limit: 30000000
TRACE Gas spent on computation: 454450
TRACE Gas spent on pubdata: 1512
TRACE Pubdata published: 18
 INFO Starting executing L1 batch #23
TRACE Fee benchmark for transaction with hash 88a349bf91c1b59a6851bfc7d3108d989a490a75a3139c3e07794d4b94d3d809
TRACE Gas Limit: 30000000
TRACE Gas spent on computation: 452950
TRACE Gas spent on pubdata: 1512
TRACE Pubdata published: 18
 INFO Starting executing L1 batch #24
TRACE Fee benchmark for transaction with hash 0bc8b05a2149d4d79ce330145cf2141952f7e787f092092c1a27bc13a5c1eb3f
TRACE Gas Limit: 30000000
TRACE Gas spent on computation: 453508
TRACE Gas spent on pubdata: 1512
TRACE Pubdata published: 18
 INFO Starting executing L1 batch #25
TRACE Fee benchmark for transaction with hash 65d3c23ea16143b41b3474336728cb29e90a5d3abb688bed26415c0e8b9aaedf
TRACE Gas Limit: 30000000
TRACE Gas spent on computation: 452818
TRACE Gas spent on pubdata: 1512
TRACE Pubdata published: 18
 INFO Starting executing L1 batch #26
TRACE Fee benchmark for transaction with hash 0a3f1b9a6c87d601581b3175ebca63f1f70193244044f7a1e6fd428b2831f1bc
TRACE Gas Limit: 30000000
TRACE Gas spent on computation: 452248
TRACE Gas spent on pubdata: 1512
TRACE Pubdata published: 18
 INFO Starting executing L1 batch #27
TRACE Fee benchmark for transaction with hash 8cdfa61b06e8f0a75fec7b2f645a1e15dd184ee74adf7badef268af4f66f983a
TRACE Gas Limit: 30000000
TRACE Gas spent on computation: 452638
TRACE Gas spent on pubdata: 1512
TRACE Pubdata published: 18
 INFO Starting executing L1 batch #28
TRACE Fee benchmark for transaction with hash 274c929bc964966a550c36f343b38f1467e0ec85317e33b8439b6a9c11a6f7c9
TRACE Gas Limit: 30000000
TRACE Gas spent on computation: 452680
TRACE Gas spent on pubdata: 1512
TRACE Pubdata published: 18
 INFO Starting executing L1 batch #29
TRACE Fee benchmark for transaction with hash 9355f3944b85e541a6a88488fe19f26140b4201d510f99a8541adc467bdf2d62
TRACE Gas Limit: 30000000
TRACE Gas spent on computation: 118824
TRACE Gas spent on pubdata: 1512
TRACE Pubdata published: 18
