 INFO initializing system contracts protocol_version=29 use_evm_emulator=false zksync_os.zksync_os=false


                      _  _         _____ _  __
  __ _  _ __  __   __(_)| |       |__  /| |/ / ___  _   _  _ __    ___
 / _` || '_ \ \ \ / /| || | _____   / / | ' / / __|| | | || '_ \  / __|
| (_| || | | | \ V / | || ||_____| / /_ | . \ \__ \| |_| || | | || (__
 \__,_||_| |_|  \_/  |_||_|       /____||_|\_\|___/ \__, ||_| |_| \___|
                                                    |___/

Version:        0.6.11
Repository:     https://github.com/matter-labs/anvil-zksync



Rich Accounts
========================
(0) 0xf39Fd6e51aad88F6F4ce6aB8827279cffFb92266 (10000.000000000000000000 ETH)
(1) 0x70997970C51812dc3A010C7d01b50e0d17dc79C8 (10000.000000000000000000 ETH)



Private Keys
========================
(0) 0xac0974bec39a17e36ba4a6b4d238ff944bacb478cbed5efcae784d7bf4f2ff80
(1) 0x59c6995e998f97a5a0044966f0945389dc9e86dae88c7a8412f4603b6b78690d



Wallet
========================
Mnemonic:            test test test test test test test test test test test junk
Derivation path:     m/44'/60'/0'/0/0


Network Configuration
========================
Chain ID: 260


Gas Configuration
========================
L1 Gas Price (gwei):               2.365348 gwei
L2 Gas Price (gwei):               0.045250 gwei
L1 Pubdata Price (gwei):           0.000000 gwei
Estimated Gas Price Scale Factor:  2
Estimated Gas Limit Scale Factor:  1.3


Genesis Timestamp
========================
1000


Node Configuration
========================
Port:                  18011
EVM Interpreter:       Disabled
Health Check Endpoint: Disabled
ZKsync OS:             Disabled
L1:                    Disabled


========================================
  Listening on 127.0.0.1:18011
========================================

 INFO Starting executing L1 batch #1
TRACE Fee benchmark for transaction with hash cbb7d70e5069ad52822fc7a1c906997d493d3071e3555ad56855508e29f11b9d
TRACE Gas Limit: 400000000
TRACE Gas spent on computation: 487466
TRACE Gas spent on pubdata: 283164
TRACE Pubdata published: 3371

✅ [SUCCESS] Hash: 0xcbb7d70e5069ad52822fc7a1c906997d493d3071e3555ad56855508e29f11b9d
Initiator: 0xf39fd6e51aad88f6f4ce6ab8827279cfffb92266
Payer: 0xf39fd6e51aad88f6f4ce6ab8827279cfffb92266
Gas Limit: 400_000_000 | Used: 769_405 | Refunded: 399_230_595
Paid: 0.000034815576250000 ETH (769405 gas * 0.045250 gwei)
Refunded: 0.018065184423750000 ETH

 INFO Starting executing L1 batch #2
TRACE Fee benchmark for transaction with hash 12019bf8dc4c5f26fc647c90b587419b02dc8665175a88182970caf250487b7d
TRACE Gas Limit: 200000000
TRACE Gas spent on computation: 730737
TRACE Gas spent on pubdata: 452676
TRACE Pubdata published: 5389

✅ [SUCCESS] Hash: 0x12019bf8dc4c5f26fc647c90b587419b02dc8665175a88182970caf250487b7d
Initiator: 0xf39fd6e51aad88f6f4ce6ab8827279cfffb92266
Payer: 0xf39fd6e51aad88f6f4ce6ab8827279cfffb92266
Gas Limit: 200_000_000 | Used: 1_181_454 | Refunded: 198_818_546
Paid: 0.000053460793500000 ETH (1181454 gas * 0.045250 gwei)
Refunded: 0.008996539206500000 ETH

 INFO Starting executing L1 batch #3
TRACE Fee benchmark for transaction with hash 161536358035cb033f5a07669678470d417f952749c9e6bebf1f3bfd7b947e10
TRACE Gas Limit: 30000000
TRACE Gas spent on computation: 124477
TRACE Gas spent on pubdata: 4368
TRACE Pubdata published: 52

✅ [SUCCESS] Hash: 0x161536358035cb033f5a07669678470d417f952749c9e6bebf1f3bfd7b947e10
Initiator: 0xf39fd6e51aad88f6f4ce6ab8827279cfffb92266
Payer: 0xf39fd6e51aad88f6f4ce6ab8827279cfffb92266
Gas Limit: 30_000_000 | Used: 128_826 | Refunded: 29_871_174
Paid: 0.000005829376500000 ETH (128826 gas * 0.045250 gwei)
Refunded: 0.001351670623500000 ETH

 INFO Starting executing L1 batch #4
TRACE Fee benchmark for transaction with hash 4b262f4a23ee588c944c83a9e8b5e9615af5808ed2820a097651b2a9d618c783
TRACE Gas Limit: 30000000
TRACE Gas spent on computation: 124797
TRACE Gas spent on pubdata: 4368
TRACE Pubdata published: 52

✅ [SUCCESS] Hash: 0x4b262f4a23ee588c944c83a9e8b5e9615af5808ed2820a097651b2a9d618c783
Initiator: 0xf39fd6e51aad88f6f4ce6ab8827279cfffb92266
Payer: 0xf39fd6e51aad88f6f4ce6ab8827279cfffb92266
Gas Limit: 30_000_000 | Used: 129_146 | Refunded: 29_870_854
Paid: 0.000005843856500000 ETH (129146 gas * 0.045250 gwei)
Refunded: 0.001351656143500000 ETH

 INFO Starting executing L1 batch #5
TRACE Fee benchmark for transaction with hash 64b737f728f81da9255443edb3bfe8ed365954f3dd4b3d74dc9188af7b08a2b9
TRACE Gas Limit: 30000000
TRACE Gas spent on computation: 124797
TRACE Gas spent on pubdata: 4368
TRACE Pubdata published: 52

✅ [SUCCESS] Hash: 0x64b737f728f81da9255443edb3bfe8ed365954f3dd4b3d74dc9188af7b08a2b9
Initiator: 0xf39fd6e51aad88f6f4ce6ab8827279cfffb92266
Payer: 0xf39fd6e51aad88f6f4ce6ab8827279cfffb92266
Gas Limit: 30_000_000 | Used: 129_146 | Refunded: 29_870_854
Paid: 0.000005843856500000 ETH (129146 gas * 0.045250 gwei)
Refunded: 0.001351656143500000 ETH

 INFO Starting executing L1 batch #6
TRACE Fee benchmark for transaction with hash 9579239f5d2370e2e29074b8ddd10bd801d95c95ac52b1291f001544e6455129
TRACE Gas Limit: 30000000
TRACE Gas spent on computation: 124797
TRACE Gas spent on pubdata: 4368
TRACE Pubdata published: 52

✅ [SUCCESS] Hash: 0x9579239f5d2370e2e29074b8ddd10bd801d95c95ac52b1291f001544e6455129
Initiator: 0xf39fd6e51aad88f6f4ce6ab8827279cfffb92266
Payer: 0xf39fd6e51aad88f6f4ce6ab8827279cfffb92266
Gas Limit: 30_000_000 | Used: 129_146 | Refunded: 29_870_854
Paid: 0.000005843856500000 ETH (129146 gas * 0.045250 gwei)
Refunded: 0.001351656143500000 ETH

 INFO Starting executing L1 batch #7
TRACE Fee benchmark for transaction with hash 57b7bb40ede9c655795bee9d3da2656fe4fbac18b65b799bfa139bc980881eda
TRACE Gas Limit: 30000000
TRACE Gas spent on computation: 124797
TRACE Gas spent on pubdata: 4368
TRACE Pubdata published: 52

✅ [SUCCESS] Hash: 0x57b7bb40ede9c655795bee9d3da2656fe4fbac18b65b799bfa139bc980881eda
Initiator: 0xf39fd6e51aad88f6f4ce6ab8827279cfffb92266
Payer: 0xf39fd6e51aad88f6f4ce6ab8827279cfffb92266
Gas Limit: 30_000_000 | Used: 129_146 | Refunded: 29_870_854
Paid: 0.000005843856500000 ETH (129146 gas * 0.045250 gwei)
Refunded: 0.001351656143500000 ETH

 INFO Starting executing L1 batch #8
TRACE Fee benchmark for transaction with hash a8244a8da284c786069056bc2727c753ade54ff21dfc7e554d08c4573774696e
TRACE Gas Limit: 30000000
TRACE Gas spent on computation: 124797
TRACE Gas spent on pubdata: 4368
TRACE Pubdata published: 52

✅ [SUCCESS] Hash: 0xa8244a8da284c786069056bc2727c753ade54ff21dfc7e554d08c4573774696e
Initiator: 0xf39fd6e51aad88f6f4ce6ab8827279cfffb92266
Payer: 0xf39fd6e51aad88f6f4ce6ab8827279cfffb92266
Gas Limit: 30_000_000 | Used: 129_146 | Refunded: 29_870_854
Paid: 0.000005843856500000 ETH (129146 gas * 0.045250 gwei)
Refunded: 0.001351656143500000 ETH

 INFO Starting executing L1 batch #9
TRACE Fee benchmark for transaction with hash 07a6a92247db8d4d7bd52a90c3149bdd74770235d2c83d951fdef209cedca40f
TRACE Gas Limit: 30000000
TRACE Gas spent on computation: 124797
TRACE Gas spent on pubdata: 4368
TRACE Pubdata published: 52

✅ [SUCCESS] Hash: 0x07a6a92247db8d4d7bd52a90c3149bdd74770235d2c83d951fdef209cedca40f
Initiator: 0xf39fd6e51aad88f6f4ce6ab8827279cfffb92266
Payer: 0xf39fd6e51aad88f6f4ce6ab8827279cfffb92266
Gas Limit: 30_000_000 | Used: 129_146 | Refunded: 29_870_854
Paid: 0.000005843856500000 ETH (129146 gas * 0.045250 gwei)
Refunded: 0.001351656143500000 ETH

 INFO Starting executing L1 batch #10
TRACE Fee benchmark for transaction with hash 7d8c9aa558fa49fac28f265988e4576f7d4a2d08da603b7b58847b4ef8aa4676
TRACE Gas Limit: 30000000
TRACE Gas spent on computation: 124797
TRACE Gas spent on pubdata: 4368
TRACE Pubdata published: 52

✅ [SUCCESS] Hash: 0x7d8c9aa558fa49fac28f265988e4576f7d4a2d08da603b7b58847b4ef8aa4676
Initiator: 0xf39fd6e51aad88f6f4ce6ab8827279cfffb92266
Payer: 0xf39fd6e51aad88f6f4ce6ab8827279cfffb92266
Gas Limit: 30_000_000 | Used: 129_146 | Refunded: 29_870_854
Paid: 0.000005843856500000 ETH (129146 gas * 0.045250 gwei)
Refunded: 0.001351656143500000 ETH

 INFO Starting executing L1 batch #11
TRACE Fee benchmark for transaction with hash d0ade75bb8a2dfc9e1a516fe155886c804efe0b0bfcf123490a37e7c30ead4b7
TRACE Gas Limit: 30000000
TRACE Gas spent on computation: 124797
TRACE Gas spent on pubdata: 4368
TRACE Pubdata published: 52

✅ [SUCCESS] Hash: 0xd0ade75bb8a2dfc9e1a516fe155886c804efe0b0bfcf123490a37e7c30ead4b7
Initiator: 0xf39fd6e51aad88f6f4ce6ab8827279cfffb92266
Payer: 0xf39fd6e51aad88f6f4ce6ab8827279cfffb92266
Gas Limit: 30_000_000 | Used: 129_146 | Refunded: 29_870_854
Paid: 0.000005843856500000 ETH (129146 gas * 0.045250 gwei)
Refunded: 0.001351656143500000 ETH

 INFO Starting executing L1 batch #12
TRACE Fee benchmark for transaction with hash 13cf0d2e31f636f0455d0e37d6971ab07f7e615257f1b124463d456283a1784f
TRACE Gas Limit: 30000000
TRACE Gas spent on computation: 451324
TRACE Gas spent on pubdata: 1512
TRACE Pubdata published: 18

✅ [SUCCESS] Hash: 0x13cf0d2e31f636f0455d0e37d6971ab07f7e615257f1b124463d456283a1784f
Initiator: 0xf39fd6e51aad88f6f4ce6ab8827279cfffb92266
Payer: 0xf39fd6e51aad88f6f4ce6ab8827279cfffb92266
Gas Limit: 30_000_000 | Used: 452_829 | Refunded: 29_547_171
Paid: 0.000020490512250000 ETH (452829 gas * 0.045250 gwei)
Refunded: 0.001337009487750000 ETH

 INFO Starting executing L1 batch #13
TRACE Fee benchmark for transaction with hash c478f86fe3e2e97afe79223ba1f1c52b6c0a60dd51f8b1b2db17cd719fcfd2d1
TRACE Gas Limit: 30000000
TRACE Gas spent on computation: 451324
TRACE Gas spent on pubdata: 1512
TRACE Pubdata published: 18

✅ [SUCCESS] Hash: 0xc478f86fe3e2e97afe79223ba1f1c52b6c0a60dd51f8b1b2db17cd719fcfd2d1
Initiator: 0xf39fd6e51aad88f6f4ce6ab8827279cfffb92266
Payer: 0xf39fd6e51aad88f6f4ce6ab8827279cfffb92266
Gas Limit: 30_000_000 | Used: 452_829 | Refunded: 29_547_171
Paid: 0.000020490512250000 ETH (452829 gas * 0.045250 gwei)
Refunded: 0.001337009487750000 ETH

 INFO Starting executing L1 batch #14
TRACE Fee benchmark for transaction with hash 1d110139ad8c612979d394062cfe87b92758e7fa3210da6f718c31a7069d3fe1
TRACE Gas Limit: 30000000
TRACE Gas spent on computation: 451324
TRACE Gas spent on pubdata: 1512
TRACE Pubdata published: 18

✅ [SUCCESS] Hash: 0x1d110139ad8c612979d394062cfe87b92758e7fa3210da6f718c31a7069d3fe1
Initiator: 0xf39fd6e51aad88f6f4ce6ab8827279cfffb92266
Payer: 0xf39fd6e51aad88f6f4ce6ab8827279cfffb92266
Gas Limit: 30_000_000 | Used: 452_829 | Refunded: 29_547_171
Paid: 0.000020490512250000 ETH (452829 gas * 0.045250 gwei)
Refunded: 0.001337009487750000 ETH

 INFO Starting executing L1 batch #15
TRACE Fee benchmark for transaction with hash 20bb00a5073f2e4a9217f52004d4d71d6fa13447bea369eddc00e8998137912b
TRACE Gas Limit: 30000000
TRACE Gas spent on computation: 451324
TRACE Gas spent on pubdata: 1512
TRACE Pubdata published: 18

✅ [SUCCESS] Hash: 0x20bb00a5073f2e4a9217f52004d4d71d6fa13447bea369eddc00e8998137912b
Initiator: 0xf39fd6e51aad88f6f4ce6ab8827279cfffb92266
Payer: 0xf39fd6e51aad88f6f4ce6ab8827279cfffb92266
Gas Limit: 30_000_000 | Used: 452_829 | Refunded: 29_547_171
Paid: 0.000020490512250000 ETH (452829 gas * 0.045250 gwei)
Refunded: 0.001337009487750000 ETH

 INFO Starting executing L1 batch #16
TRACE Fee benchmark for transaction with hash 33ef6fa1cf886de82e22c82fbc5b903ad8709b926dce1ccc6d4350dd24a61136
TRACE Gas Limit: 30000000
TRACE Gas spent on computation: 451324
TRACE Gas spent on pubdata: 1512
TRACE Pubdata published: 18

✅ [SUCCESS] Hash: 0x33ef6fa1cf886de82e22c82fbc5b903ad8709b926dce1ccc6d4350dd24a61136
Initiator: 0xf39fd6e51aad88f6f4ce6ab8827279cfffb92266
Payer: 0xf39fd6e51aad88f6f4ce6ab8827279cfffb92266
Gas Limit: 30_000_000 | Used: 452_829 | Refunded: 29_547_171
Paid: 0.000020490512250000 ETH (452829 gas * 0.045250 gwei)
Refunded: 0.001337009487750000 ETH

 INFO Starting executing L1 batch #17
TRACE Fee benchmark for transaction with hash aad6bb3ea9c9464aaf9280b36cda7e602f424f16f8ec106d7705fe15b1eb813b
TRACE Gas Limit: 30000000
TRACE Gas spent on computation: 451324
TRACE Gas spent on pubdata: 1512
TRACE Pubdata published: 18

✅ [SUCCESS] Hash: 0xaad6bb3ea9c9464aaf9280b36cda7e602f424f16f8ec106d7705fe15b1eb813b
Initiator: 0xf39fd6e51aad88f6f4ce6ab8827279cfffb92266
Payer: 0xf39fd6e51aad88f6f4ce6ab8827279cfffb92266
Gas Limit: 30_000_000 | Used: 452_829 | Refunded: 29_547_171
Paid: 0.000020490512250000 ETH (452829 gas * 0.045250 gwei)
Refunded: 0.001337009487750000 ETH

 INFO Starting executing L1 batch #18
TRACE Fee benchmark for transaction with hash 113cd5acd2b08ae7898976535b1b1874e1cec07fdadb0d6689517ad9ecb1f2ab
TRACE Gas Limit: 30000000
TRACE Gas spent on computation: 451324
TRACE Gas spent on pubdata: 1512
TRACE Pubdata published: 18

✅ [SUCCESS] Hash: 0x113cd5acd2b08ae7898976535b1b1874e1cec07fdadb0d6689517ad9ecb1f2ab
Initiator: 0xf39fd6e51aad88f6f4ce6ab8827279cfffb92266
Payer: 0xf39fd6e51aad88f6f4ce6ab8827279cfffb92266
Gas Limit: 30_000_000 | Used: 452_829 | Refunded: 29_547_171
Paid: 0.000020490512250000 ETH (452829 gas * 0.045250 gwei)
Refunded: 0.001337009487750000 ETH

 INFO Starting executing L1 batch #19
TRACE Fee benchmark for transaction with hash e81f34909389fde32bb1f23b913f8bce237bcd86862970e9db7cc9c9a7fa0acc
TRACE Gas Limit: 30000000
TRACE Gas spent on computation: 451324
TRACE Gas spent on pubdata: 1512
TRACE Pubdata published: 18

✅ [SUCCESS] Hash: 0xe81f34909389fde32bb1f23b913f8bce237bcd86862970e9db7cc9c9a7fa0acc
Initiator: 0xf39fd6e51aad88f6f4ce6ab8827279cfffb92266
Payer: 0xf39fd6e51aad88f6f4ce6ab8827279cfffb92266
Gas Limit: 30_000_000 | Used: 452_829 | Refunded: 29_547_171
Paid: 0.000020490512250000 ETH (452829 gas * 0.045250 gwei)
Refunded: 0.001337009487750000 ETH

 INFO Starting executing L1 batch #20
TRACE Fee benchmark for transaction with hash 8036e360f780bcd14b26ec80de40040a8e1f88201873484556b123e606c04272
TRACE Gas Limit: 30000000
TRACE Gas spent on computation: 444311
TRACE Gas spent on pubdata: 1512
TRACE Pubdata published: 18

✅ [SUCCESS] Hash: 0x8036e360f780bcd14b26ec80de40040a8e1f88201873484556b123e606c04272
Initiator: 0xf39fd6e51aad88f6f4ce6ab8827279cfffb92266
Payer: 0xf39fd6e51aad88f6f4ce6ab8827279cfffb92266
Gas Limit: 30_000_000 | Used: 445_816 | Refunded: 29_554_184
Paid: 0.000020173174000000 ETH (445816 gas * 0.045250 gwei)
Refunded: 0.001337326826000000 ETH

 INFO Starting executing L1 batch #21
TRACE Fee benchmark for transaction with hash 94a9b6f38ca0e42056bafc2721e223d8f658c794e527ebb98c8604c920fc351b
TRACE Gas Limit: 30000000
TRACE Gas spent on computation: 444311
TRACE Gas spent on pubdata: 1512
TRACE Pubdata published: 18

✅ [SUCCESS] Hash: 0x94a9b6f38ca0e42056bafc2721e223d8f658c794e527ebb98c8604c920fc351b
Initiator: 0xf39fd6e51aad88f6f4ce6ab8827279cfffb92266
Payer: 0xf39fd6e51aad88f6f4ce6ab8827279cfffb92266
Gas Limit: 30_000_000 | Used: 445_816 | Refunded: 29_554_184
Paid: 0.000020173174000000 ETH (445816 gas * 0.045250 gwei)
Refunded: 0.001337326826000000 ETH

 INFO Starting executing L1 batch #22
TRACE Fee benchmark for transaction with hash 681f28b372e3e5312b6c3edb7f595543dd9cd5716f0ae70f069db78e91fb9f56
TRACE Gas Limit: 30000000
TRACE Gas spent on computation: 444311
TRACE Gas spent on pubdata: 1512
TRACE Pubdata published: 18

✅ [SUCCESS] Hash: 0x681f28b372e3e5312b6c3edb7f595543dd9cd5716f0ae70f069db78e91fb9f56
Initiator: 0xf39fd6e51aad88f6f4ce6ab8827279cfffb92266
Payer: 0xf39fd6e51aad88f6f4ce6ab8827279cfffb92266
Gas Limit: 30_000_000 | Used: 445_816 | Refunded: 29_554_184
Paid: 0.000020173174000000 ETH (445816 gas * 0.045250 gwei)
Refunded: 0.001337326826000000 ETH

 INFO Starting executing L1 batch #23
TRACE Fee benchmark for transaction with hash c3ccac15da4c25faf2f8c55c7744a40869175fec77b683353c0fe025ed74b904
TRACE Gas Limit: 30000000
TRACE Gas spent on computation: 444311
TRACE Gas spent on pubdata: 1512
TRACE Pubdata published: 18

✅ [SUCCESS] Hash: 0xc3ccac15da4c25faf2f8c55c7744a40869175fec77b683353c0fe025ed74b904
Initiator: 0xf39fd6e51aad88f6f4ce6ab8827279cfffb92266
Payer: 0xf39fd6e51aad88f6f4ce6ab8827279cfffb92266
Gas Limit: 30_000_000 | Used: 445_816 | Refunded: 29_554_184
Paid: 0.000020173174000000 ETH (445816 gas * 0.045250 gwei)
Refunded: 0.001337326826000000 ETH

 INFO Starting executing L1 batch #24
TRACE Fee benchmark for transaction with hash 44ff46ca4aadfc365dede7b42b474fc7f7f13966683b7c4041bc126a61008d5a
TRACE Gas Limit: 30000000
TRACE Gas spent on computation: 444311
TRACE Gas spent on pubdata: 1512
TRACE Pubdata published: 18

✅ [SUCCESS] Hash: 0x44ff46ca4aadfc365dede7b42b474fc7f7f13966683b7c4041bc126a61008d5a
Initiator: 0xf39fd6e51aad88f6f4ce6ab8827279cfffb92266
Payer: 0xf39fd6e51aad88f6f4ce6ab8827279cfffb92266
Gas Limit: 30_000_000 | Used: 445_816 | Refunded: 29_554_184
Paid: 0.000020173174000000 ETH (445816 gas * 0.045250 gwei)
Refunded: 0.001337326826000000 ETH

 INFO Starting executing L1 batch #25
TRACE Fee benchmark for transaction with hash 8a9b71eb6b27c9c63714b5071e6c0985e5f23f637bbeffd61815783f46bc0295
TRACE Gas Limit: 30000000
TRACE Gas spent on computation: 444311
TRACE Gas spent on pubdata: 1512
TRACE Pubdata published: 18

✅ [SUCCESS] Hash: 0x8a9b71eb6b27c9c63714b5071e6c0985e5f23f637bbeffd61815783f46bc0295
Initiator: 0xf39fd6e51aad88f6f4ce6ab8827279cfffb92266
Payer: 0xf39fd6e51aad88f6f4ce6ab8827279cfffb92266
Gas Limit: 30_000_000 | Used: 445_816 | Refunded: 29_554_184
Paid: 0.000020173174000000 ETH (445816 gas * 0.045250 gwei)
Refunded: 0.001337326826000000 ETH

 INFO Starting executing L1 batch #26
TRACE Fee benchmark for transaction with hash cfc01bba3f979342a147b9e2809488c0ad4c2ad70aa1fdbdbb7f7603a81828b9
TRACE Gas Limit: 30000000
TRACE Gas spent on computation: 444311
TRACE Gas spent on pubdata: 1512
TRACE Pubdata published: 18

✅ [SUCCESS] Hash: 0xcfc01bba3f979342a147b9e2809488c0ad4c2ad70aa1fdbdbb7f7603a81828b9
Initiator: 0xf39fd6e51aad88f6f4ce6ab8827279cfffb92266
Payer: 0xf39fd6e51aad88f6f4ce6ab8827279cfffb92266
Gas Limit: 30_000_000 | Used: 445_816 | Refunded: 29_554_184
Paid: 0.000020173174000000 ETH (445816 gas * 0.045250 gwei)
Refunded: 0.001337326826000000 ETH

 INFO Starting executing L1 batch #27
TRACE Fee benchmark for transaction with hash 82c018b78827a6c04e2532a5a829167deec4a824652768ba0815186a78dba8a2
TRACE Gas Limit: 30000000
TRACE Gas spent on computation: 444311
TRACE Gas spent on pubdata: 1512
TRACE Pubdata published: 18

✅ [SUCCESS] Hash: 0x82c018b78827a6c04e2532a5a829167deec4a824652768ba0815186a78dba8a2
Initiator: 0xf39fd6e51aad88f6f4ce6ab8827279cfffb92266
Payer: 0xf39fd6e51aad88f6f4ce6ab8827279cfffb92266
Gas Limit: 30_000_000 | Used: 445_816 | Refunded: 29_554_184
Paid: 0.000020173174000000 ETH (445816 gas * 0.045250 gwei)
Refunded: 0.001337326826000000 ETH

 INFO Starting executing L1 batch #28
TRACE Fee benchmark for transaction with hash a61136143d61751b9f66abb4233cec2bf3a2cb0b2829df31d78ee78e3a011636
TRACE Gas Limit: 30000000
TRACE Gas spent on computation: 444311
TRACE Gas spent on pubdata: 1512
TRACE Pubdata published: 18

✅ [SUCCESS] Hash: 0xa61136143d61751b9f66abb4233cec2bf3a2cb0b2829df31d78ee78e3a011636
Initiator: 0xf39fd6e51aad88f6f4ce6ab8827279cfffb92266
Payer: 0xf39fd6e51aad88f6f4ce6ab8827279cfffb92266
Gas Limit: 30_000_000 | Used: 445_816 | Refunded: 29_554_184
Paid: 0.000020173174000000 ETH (445816 gas * 0.045250 gwei)
Refunded: 0.001337326826000000 ETH

 INFO Starting executing L1 batch #29
TRACE Fee benchmark for transaction with hash c87532476a0d3a6730b844680bc02da248428078d4678fb780346109f48e5bc0
TRACE Gas Limit: 30000000
TRACE Gas spent on computation: 118680
TRACE Gas spent on pubdata: 1512
TRACE Pubdata published: 18

❌ [FAILED] Hash: 0xc87532476a0d3a6730b844680bc02da248428078d4678fb780346109f48e5bc0
Initiator: 0xf39fd6e51aad88f6f4ce6ab8827279cfffb92266
Payer: 0xf39fd6e51aad88f6f4ce6ab8827279cfffb92266
Gas Limit: 30_000_000 | Used: 120_185 | Refunded: 29_879_815
Paid: 0.000005438371250000 ETH (120185 gas * 0.045250 gwei)
Refunded: 0.001352061628750000 ETH

