#0 building with "desktop-linux" instance using docker driver

#1 [internal] load build definition from Dockerfile
#1 transferring dockerfile: 837B done
#1 DONE 0.0s

#2 [internal] load metadata for docker.io/library/node:18.20.8-bookworm-slim@sha256:f9ab18e354e6855ae56ef2b290dd225c1e51a564f87584b9bd21dd651838830e
#2 DONE 0.0s

#3 [internal] load .dockerignore
#3 transferring context: 2B done
#3 DONE 0.0s

#4 [internal] load build context
#4 transferring context: 173B done
#4 DONE 0.0s

#5 [1/5] FROM docker.io/library/node:18.20.8-bookworm-slim@sha256:f9ab18e354e6855ae56ef2b290dd225c1e51a564f87584b9bd21dd651838830e
#5 resolve docker.io/library/node:18.20.8-bookworm-slim@sha256:f9ab18e354e6855ae56ef2b290dd225c1e51a564f87584b9bd21dd651838830e done
#5 DONE 0.0s

#6 [2/5] WORKDIR /opt/zcorp-d1
#6 CACHED

#7 [3/5] COPY package.json package-lock.json ./
#7 CACHED

#8 [4/5] RUN npm ci --omit=dev --ignore-scripts --no-audit --no-fund && npm cache clean --force
#8 CACHED

#9 [5/5] COPY cpu-visibility.js d1_harness.js d1_regen.js ./
#9 CACHED

#10 exporting to image
#10 exporting layers done
#10 exporting manifest sha256:ed5f267abfc6d6682b1f91a2d9e30df7ff0ac57a951de1ee04f4a7f012daf4cd done
#10 exporting config sha256:2b9e8da8808ac03950d6ae0ba8336f54cd24097a190e26520ee3494b2226cadd done
#10 exporting attestation manifest sha256:9a7e13c3d16ea70e263367a43b557b312f31cd120f72b425afdc2ff669598cb6 done
#10 exporting manifest list sha256:d9babb176d39a04172db98646bc4cd55ec85295424b68380028835700e3b342b done
#10 naming to docker.io/library/zcorp-d1:12acbadfe805 done
#10 unpacking to docker.io/library/zcorp-d1:12acbadfe805 done
#10 DONE 0.0s
