 INFO initializing system contracts protocol_version=29 use_evm_emulator=false zksync_os.zksync_os=false


                      _  _         _____ _  __
  __ _  _ __  __   __(_)| |       |__  /| |/ / ___  _   _  _ __    ___
 / _` || '_ \ \ \ / /| || | _____   / / | ' / / __|| | | || '_ \  / __|
| (_| || | | | \ V / | || ||_____| / /_ | . \ \__ \| |_| || | | || (__
 \__,_||_| |_|  \_/  |_||_|       /____||_|\_\|___/ \__, ||_| |_| \___|
                                                    |___/

Version:        0.6.11
Repository:     https://github.com/matter-labs/anvil-zksync



Rich Accounts
========================
(0) 0xf39Fd6e51aad88F6F4ce6aB8827279cffFb92266 (10000.000000000000000000 ETH)
(1) 0x70997970C51812dc3A010C7d01b50e0d17dc79C8 (10000.000000000000000000 ETH)



Private Keys
========================
(0) 0xac0974bec39a17e36ba4a6b4d238ff944bacb478cbed5efcae784d7bf4f2ff80
(1) 0x59c6995e998f97a5a0044966f0945389dc9e86dae88c7a8412f4603b6b78690d



Wallet
========================
Mnemonic:            test test test test test test test test test test test junk
Derivation path:     m/44'/60'/0'/0/0


Network Configuration
========================
Chain ID: 260


Gas Configuration
========================
L1 Gas Price (gwei):               2.365348 gwei
L2 Gas Price (gwei):               0.045250 gwei
L1 Pubdata Price (gwei):           0.000000 gwei
Estimated Gas Price Scale Factor:  2
Estimated Gas Limit Scale Factor:  1.3


Genesis Timestamp
========================
1000


Node Configuration
========================
Port:                  18011
EVM Interpreter:       Disabled
Health Check Endpoint: Disabled
ZKsync OS:             Disabled
L1:                    Disabled


========================================
  Listening on 127.0.0.1:18011
========================================

 INFO Starting executing L1 batch #1
TRACE Fee benchmark for transaction with hash 6e795d0ce64b9b41f1a2c291709df9a6088c1dd339b0bb06590b4baa4d72cf05
TRACE Gas Limit: 400000000
TRACE Gas spent on computation: 11743088
TRACE Gas spent on pubdata: 8244348
TRACE Pubdata published: 98147

✅ [SUCCESS] Hash: 0x6e795d0ce64b9b41f1a2c291709df9a6088c1dd339b0bb06590b4baa4d72cf05
Initiator: 0xf39fd6e51aad88f6f4ce6ab8827279cfffb92266
Payer: 0xf39fd6e51aad88f6f4ce6ab8827279cfffb92266
Gas Limit: 400_000_000 | Used: 19_951_774 | Refunded: 380_048_226
Paid: 0.000902817773500000 ETH (19951774 gas * 0.045250 gwei)
Refunded: 0.017197182226500000 ETH

 INFO Starting executing L1 batch #2
TRACE Fee benchmark for transaction with hash 9673693589d63f7f22906f579befccae8027d29eb76496a9399fff2753ec3473
TRACE Gas Limit: 200000000
TRACE Gas spent on computation: 719851
TRACE Gas spent on pubdata: 443940
TRACE Pubdata published: 5285

✅ [SUCCESS] Hash: 0x9673693589d63f7f22906f579befccae8027d29eb76496a9399fff2753ec3473
Initiator: 0xf39fd6e51aad88f6f4ce6ab8827279cfffb92266
Payer: 0xf39fd6e51aad88f6f4ce6ab8827279cfffb92266
Gas Limit: 200_000_000 | Used: 1_161_870 | Refunded: 198_838_130
Paid: 0.000052574617500000 ETH (1161870 gas * 0.045250 gwei)
Refunded: 0.008997425382500000 ETH

 INFO Starting executing L1 batch #3
TRACE Fee benchmark for transaction with hash 161536358035cb033f5a07669678470d417f952749c9e6bebf1f3bfd7b947e10
TRACE Gas Limit: 30000000
TRACE Gas spent on computation: 124461
TRACE Gas spent on pubdata: 4368
TRACE Pubdata published: 52

✅ [SUCCESS] Hash: 0x161536358035cb033f5a07669678470d417f952749c9e6bebf1f3bfd7b947e10
Initiator: 0xf39fd6e51aad88f6f4ce6ab8827279cfffb92266
Payer: 0xf39fd6e51aad88f6f4ce6ab8827279cfffb92266
Gas Limit: 30_000_000 | Used: 128_810 | Refunded: 29_871_190
Paid: 0.000005828652500000 ETH (128810 gas * 0.045250 gwei)
Refunded: 0.001351671347500000 ETH

 INFO Starting executing L1 batch #4
TRACE Fee benchmark for transaction with hash 4b262f4a23ee588c944c83a9e8b5e9615af5808ed2820a097651b2a9d618c783
TRACE Gas Limit: 30000000
TRACE Gas spent on computation: 124781
TRACE Gas spent on pubdata: 4368
TRACE Pubdata published: 52

✅ [SUCCESS] Hash: 0x4b262f4a23ee588c944c83a9e8b5e9615af5808ed2820a097651b2a9d618c783
Initiator: 0xf39fd6e51aad88f6f4ce6ab8827279cfffb92266
Payer: 0xf39fd6e51aad88f6f4ce6ab8827279cfffb92266
Gas Limit: 30_000_000 | Used: 129_130 | Refunded: 29_870_870
Paid: 0.000005843132500000 ETH (129130 gas * 0.045250 gwei)
Refunded: 0.001351656867500000 ETH

 INFO Starting executing L1 batch #5
TRACE Fee benchmark for transaction with hash 64b737f728f81da9255443edb3bfe8ed365954f3dd4b3d74dc9188af7b08a2b9
TRACE Gas Limit: 30000000
TRACE Gas spent on computation: 124781
TRACE Gas spent on pubdata: 4368
TRACE Pubdata published: 52

✅ [SUCCESS] Hash: 0x64b737f728f81da9255443edb3bfe8ed365954f3dd4b3d74dc9188af7b08a2b9
Initiator: 0xf39fd6e51aad88f6f4ce6ab8827279cfffb92266
Payer: 0xf39fd6e51aad88f6f4ce6ab8827279cfffb92266
Gas Limit: 30_000_000 | Used: 129_130 | Refunded: 29_870_870
Paid: 0.000005843132500000 ETH (129130 gas * 0.045250 gwei)
Refunded: 0.001351656867500000 ETH

 INFO Starting executing L1 batch #6
TRACE Fee benchmark for transaction with hash 9579239f5d2370e2e29074b8ddd10bd801d95c95ac52b1291f001544e6455129
TRACE Gas Limit: 30000000
TRACE Gas spent on computation: 124781
TRACE Gas spent on pubdata: 4368
TRACE Pubdata published: 52

✅ [SUCCESS] Hash: 0x9579239f5d2370e2e29074b8ddd10bd801d95c95ac52b1291f001544e6455129
Initiator: 0xf39fd6e51aad88f6f4ce6ab8827279cfffb92266
Payer: 0xf39fd6e51aad88f6f4ce6ab8827279cfffb92266
Gas Limit: 30_000_000 | Used: 129_130 | Refunded: 29_870_870
Paid: 0.000005843132500000 ETH (129130 gas * 0.045250 gwei)
Refunded: 0.001351656867500000 ETH

 INFO Starting executing L1 batch #7
TRACE Fee benchmark for transaction with hash 57b7bb40ede9c655795bee9d3da2656fe4fbac18b65b799bfa139bc980881eda
TRACE Gas Limit: 30000000
TRACE Gas spent on computation: 124781
TRACE Gas spent on pubdata: 4368
TRACE Pubdata published: 52

✅ [SUCCESS] Hash: 0x57b7bb40ede9c655795bee9d3da2656fe4fbac18b65b799bfa139bc980881eda
Initiator: 0xf39fd6e51aad88f6f4ce6ab8827279cfffb92266
Payer: 0xf39fd6e51aad88f6f4ce6ab8827279cfffb92266
Gas Limit: 30_000_000 | Used: 129_130 | Refunded: 29_870_870
Paid: 0.000005843132500000 ETH (129130 gas * 0.045250 gwei)
Refunded: 0.001351656867500000 ETH

 INFO Starting executing L1 batch #8
TRACE Fee benchmark for transaction with hash a8244a8da284c786069056bc2727c753ade54ff21dfc7e554d08c4573774696e
TRACE Gas Limit: 30000000
TRACE Gas spent on computation: 124781
TRACE Gas spent on pubdata: 4368
TRACE Pubdata published: 52

✅ [SUCCESS] Hash: 0xa8244a8da284c786069056bc2727c753ade54ff21dfc7e554d08c4573774696e
Initiator: 0xf39fd6e51aad88f6f4ce6ab8827279cfffb92266
Payer: 0xf39fd6e51aad88f6f4ce6ab8827279cfffb92266
Gas Limit: 30_000_000 | Used: 129_130 | Refunded: 29_870_870
Paid: 0.000005843132500000 ETH (129130 gas * 0.045250 gwei)
Refunded: 0.001351656867500000 ETH

 INFO Starting executing L1 batch #9
TRACE Fee benchmark for transaction with hash 07a6a92247db8d4d7bd52a90c3149bdd74770235d2c83d951fdef209cedca40f
TRACE Gas Limit: 30000000
TRACE Gas spent on computation: 124781
TRACE Gas spent on pubdata: 4368
TRACE Pubdata published: 52

✅ [SUCCESS] Hash: 0x07a6a92247db8d4d7bd52a90c3149bdd74770235d2c83d951fdef209cedca40f
Initiator: 0xf39fd6e51aad88f6f4ce6ab8827279cfffb92266
Payer: 0xf39fd6e51aad88f6f4ce6ab8827279cfffb92266
Gas Limit: 30_000_000 | Used: 129_130 | Refunded: 29_870_870
Paid: 0.000005843132500000 ETH (129130 gas * 0.045250 gwei)
Refunded: 0.001351656867500000 ETH

 INFO Starting executing L1 batch #10
TRACE Fee benchmark for transaction with hash 7d8c9aa558fa49fac28f265988e4576f7d4a2d08da603b7b58847b4ef8aa4676
TRACE Gas Limit: 30000000
TRACE Gas spent on computation: 124781
TRACE Gas spent on pubdata: 4368
TRACE Pubdata published: 52

✅ [SUCCESS] Hash: 0x7d8c9aa558fa49fac28f265988e4576f7d4a2d08da603b7b58847b4ef8aa4676
Initiator: 0xf39fd6e51aad88f6f4ce6ab8827279cfffb92266
Payer: 0xf39fd6e51aad88f6f4ce6ab8827279cfffb92266
Gas Limit: 30_000_000 | Used: 129_130 | Refunded: 29_870_870
Paid: 0.000005843132500000 ETH (129130 gas * 0.045250 gwei)
Refunded: 0.001351656867500000 ETH

 INFO Starting executing L1 batch #11
TRACE Fee benchmark for transaction with hash d0ade75bb8a2dfc9e1a516fe155886c804efe0b0bfcf123490a37e7c30ead4b7
TRACE Gas Limit: 30000000
TRACE Gas spent on computation: 124781
TRACE Gas spent on pubdata: 4368
TRACE Pubdata published: 52

✅ [SUCCESS] Hash: 0xd0ade75bb8a2dfc9e1a516fe155886c804efe0b0bfcf123490a37e7c30ead4b7
Initiator: 0xf39fd6e51aad88f6f4ce6ab8827279cfffb92266
Payer: 0xf39fd6e51aad88f6f4ce6ab8827279cfffb92266
Gas Limit: 30_000_000 | Used: 129_130 | Refunded: 29_870_870
Paid: 0.000005843132500000 ETH (129130 gas * 0.045250 gwei)
Refunded: 0.001351656867500000 ETH

 INFO Starting executing L1 batch #12
TRACE Fee benchmark for transaction with hash d1adca0164bf9d40466c31d630a9f64cf7dc5bc370c8926f7edfd4c59e1c50fa
TRACE Gas Limit: 30000000
TRACE Gas spent on computation: 483006
TRACE Gas spent on pubdata: 1512
TRACE Pubdata published: 18

✅ [SUCCESS] Hash: 0xd1adca0164bf9d40466c31d630a9f64cf7dc5bc370c8926f7edfd4c59e1c50fa
Initiator: 0xf39fd6e51aad88f6f4ce6ab8827279cfffb92266
Payer: 0xf39fd6e51aad88f6f4ce6ab8827279cfffb92266
Gas Limit: 30_000_000 | Used: 484_511 | Refunded: 29_515_489
Paid: 0.000021924122750000 ETH (484511 gas * 0.045250 gwei)
Refunded: 0.001335575877250000 ETH

 INFO Starting executing L1 batch #13
TRACE Fee benchmark for transaction with hash 66c253996a9d1aadf591cc4a5538e4cd2b66ccf70b328de17c0794496189c799
TRACE Gas Limit: 30000000
TRACE Gas spent on computation: 482244
TRACE Gas spent on pubdata: 1512
TRACE Pubdata published: 18

✅ [SUCCESS] Hash: 0x66c253996a9d1aadf591cc4a5538e4cd2b66ccf70b328de17c0794496189c799
Initiator: 0xf39fd6e51aad88f6f4ce6ab8827279cfffb92266
Payer: 0xf39fd6e51aad88f6f4ce6ab8827279cfffb92266
Gas Limit: 30_000_000 | Used: 483_749 | Refunded: 29_516_251
Paid: 0.000021889642250000 ETH (483749 gas * 0.045250 gwei)
Refunded: 0.001335610357750000 ETH

 INFO Starting executing L1 batch #14
TRACE Fee benchmark for transaction with hash bd6934cb6121fac59bdf1ec56d3d9c78c1ddff5d7ad0d8eb473105509f5d7f12
TRACE Gas Limit: 30000000
TRACE Gas spent on computation: 481854
TRACE Gas spent on pubdata: 1512
TRACE Pubdata published: 18

✅ [SUCCESS] Hash: 0xbd6934cb6121fac59bdf1ec56d3d9c78c1ddff5d7ad0d8eb473105509f5d7f12
Initiator: 0xf39fd6e51aad88f6f4ce6ab8827279cfffb92266
Payer: 0xf39fd6e51aad88f6f4ce6ab8827279cfffb92266
Gas Limit: 30_000_000 | Used: 483_359 | Refunded: 29_516_641
Paid: 0.000021871994750000 ETH (483359 gas * 0.045250 gwei)
Refunded: 0.001335628005250000 ETH

 INFO Starting executing L1 batch #15
TRACE Fee benchmark for transaction with hash d156264724c14f214ed4fdb295d2040d8cceaaf35481d5cadb08abbd88394904
TRACE Gas Limit: 30000000
TRACE Gas spent on computation: 480204
TRACE Gas spent on pubdata: 1512
TRACE Pubdata published: 18

✅ [SUCCESS] Hash: 0xd156264724c14f214ed4fdb295d2040d8cceaaf35481d5cadb08abbd88394904
Initiator: 0xf39fd6e51aad88f6f4ce6ab8827279cfffb92266
Payer: 0xf39fd6e51aad88f6f4ce6ab8827279cfffb92266
Gas Limit: 30_000_000 | Used: 481_709 | Refunded: 29_518_291
Paid: 0.000021797332250000 ETH (481709 gas * 0.045250 gwei)
Refunded: 0.001335702667750000 ETH

 INFO Starting executing L1 batch #16
TRACE Fee benchmark for transaction with hash 53934a36a81429e383c73ff3473b456ff0ee7dc4c46c99f1f03ee9c6ef3c7fcc
TRACE Gas Limit: 30000000
TRACE Gas spent on computation: 480924
TRACE Gas spent on pubdata: 1512
TRACE Pubdata published: 18

✅ [SUCCESS] Hash: 0x53934a36a81429e383c73ff3473b456ff0ee7dc4c46c99f1f03ee9c6ef3c7fcc
Initiator: 0xf39fd6e51aad88f6f4ce6ab8827279cfffb92266
Payer: 0xf39fd6e51aad88f6f4ce6ab8827279cfffb92266
Gas Limit: 30_000_000 | Used: 482_429 | Refunded: 29_517_571
Paid: 0.000021829912250000 ETH (482429 gas * 0.045250 gwei)
Refunded: 0.001335670087750000 ETH

 INFO Starting executing L1 batch #17
TRACE Fee benchmark for transaction with hash f86f7c379ead46320985f2a0183423f047c0348ffd9284ec534393ca03e67355
TRACE Gas Limit: 30000000
TRACE Gas spent on computation: 481140
TRACE Gas spent on pubdata: 1512
TRACE Pubdata published: 18

✅ [SUCCESS] Hash: 0xf86f7c379ead46320985f2a0183423f047c0348ffd9284ec534393ca03e67355
Initiator: 0xf39fd6e51aad88f6f4ce6ab8827279cfffb92266
Payer: 0xf39fd6e51aad88f6f4ce6ab8827279cfffb92266
Gas Limit: 30_000_000 | Used: 482_645 | Refunded: 29_517_355
Paid: 0.000021839686250000 ETH (482645 gas * 0.045250 gwei)
Refunded: 0.001335660313750000 ETH

 INFO Starting executing L1 batch #18
TRACE Fee benchmark for transaction with hash 6ea2aca1e0d9dcad8d79cd5d5ffc838db018c7f8f31b68d8705e9c1b90527d2e
TRACE Gas Limit: 30000000
TRACE Gas spent on computation: 481176
TRACE Gas spent on pubdata: 1512
TRACE Pubdata published: 18

✅ [SUCCESS] Hash: 0x6ea2aca1e0d9dcad8d79cd5d5ffc838db018c7f8f31b68d8705e9c1b90527d2e
Initiator: 0xf39fd6e51aad88f6f4ce6ab8827279cfffb92266
Payer: 0xf39fd6e51aad88f6f4ce6ab8827279cfffb92266
Gas Limit: 30_000_000 | Used: 482_681 | Refunded: 29_517_319
Paid: 0.000021841315250000 ETH (482681 gas * 0.045250 gwei)
Refunded: 0.001335658684750000 ETH

 INFO Starting executing L1 batch #19
TRACE Fee benchmark for transaction with hash 2f75626e282ee4f2de3dce9c407099327b8da7af8453041d4ebbc2601f9e71d0
TRACE Gas Limit: 30000000
TRACE Gas spent on computation: 481974
TRACE Gas spent on pubdata: 1512
TRACE Pubdata published: 18

✅ [SUCCESS] Hash: 0x2f75626e282ee4f2de3dce9c407099327b8da7af8453041d4ebbc2601f9e71d0
Initiator: 0xf39fd6e51aad88f6f4ce6ab8827279cfffb92266
Payer: 0xf39fd6e51aad88f6f4ce6ab8827279cfffb92266
Gas Limit: 30_000_000 | Used: 483_479 | Refunded: 29_516_521
Paid: 0.000021877424750000 ETH (483479 gas * 0.045250 gwei)
Refunded: 0.001335622575250000 ETH

 INFO Starting executing L1 batch #20
TRACE Fee benchmark for transaction with hash ce647b43dcf26e2081e664820d843840d5942b023065b59663de1d7c837259f2
TRACE Gas Limit: 30000000
TRACE Gas spent on computation: 475035
TRACE Gas spent on pubdata: 1512
TRACE Pubdata published: 18

✅ [SUCCESS] Hash: 0xce647b43dcf26e2081e664820d843840d5942b023065b59663de1d7c837259f2
Initiator: 0xf39fd6e51aad88f6f4ce6ab8827279cfffb92266
Payer: 0xf39fd6e51aad88f6f4ce6ab8827279cfffb92266
Gas Limit: 30_000_000 | Used: 476_540 | Refunded: 29_523_460
Paid: 0.000021563435000000 ETH (476540 gas * 0.045250 gwei)
Refunded: 0.001335936565000000 ETH

 INFO Starting executing L1 batch #21
TRACE Fee benchmark for transaction with hash d1baa564e9571c3cf8e3290c4197c7ad9cdbe26be7257b6d0f057562681a52a6
TRACE Gas Limit: 30000000
TRACE Gas spent on computation: 474273
TRACE Gas spent on pubdata: 1512
TRACE Pubdata published: 18

✅ [SUCCESS] Hash: 0xd1baa564e9571c3cf8e3290c4197c7ad9cdbe26be7257b6d0f057562681a52a6
Initiator: 0xf39fd6e51aad88f6f4ce6ab8827279cfffb92266
Payer: 0xf39fd6e51aad88f6f4ce6ab8827279cfffb92266
Gas Limit: 30_000_000 | Used: 475_778 | Refunded: 29_524_222
Paid: 0.000021528954500000 ETH (475778 gas * 0.045250 gwei)
Refunded: 0.001335971045500000 ETH

 INFO Starting executing L1 batch #22
TRACE Fee benchmark for transaction with hash fe943053ba7d732da694a2b93d4792d1a1e890d4d9f3bccb1e354c0a3b084f45
TRACE Gas Limit: 30000000
TRACE Gas spent on computation: 473883
TRACE Gas spent on pubdata: 1512
TRACE Pubdata published: 18

✅ [SUCCESS] Hash: 0xfe943053ba7d732da694a2b93d4792d1a1e890d4d9f3bccb1e354c0a3b084f45
Initiator: 0xf39fd6e51aad88f6f4ce6ab8827279cfffb92266
Payer: 0xf39fd6e51aad88f6f4ce6ab8827279cfffb92266
Gas Limit: 30_000_000 | Used: 475_388 | Refunded: 29_524_612
Paid: 0.000021511307000000 ETH (475388 gas * 0.045250 gwei)
Refunded: 0.001335988693000000 ETH

 INFO Starting executing L1 batch #23
TRACE Fee benchmark for transaction with hash e4e608ad8f96c1f9f614ddd8f7809120d9fe364437b916f7042f41b86b1fb02d
TRACE Gas Limit: 30000000
TRACE Gas spent on computation: 472233
TRACE Gas spent on pubdata: 1512
TRACE Pubdata published: 18

✅ [SUCCESS] Hash: 0xe4e608ad8f96c1f9f614ddd8f7809120d9fe364437b916f7042f41b86b1fb02d
Initiator: 0xf39fd6e51aad88f6f4ce6ab8827279cfffb92266
Payer: 0xf39fd6e51aad88f6f4ce6ab8827279cfffb92266
Gas Limit: 30_000_000 | Used: 473_738 | Refunded: 29_526_262
Paid: 0.000021436644500000 ETH (473738 gas * 0.045250 gwei)
Refunded: 0.001336063355500000 ETH

 INFO Starting executing L1 batch #24
TRACE Fee benchmark for transaction with hash 1b7811775a82c77768a06b0e29cd61647e91646c00aeb18317cb5497d34bc3ef
TRACE Gas Limit: 30000000
TRACE Gas spent on computation: 472953
TRACE Gas spent on pubdata: 1512
TRACE Pubdata published: 18

✅ [SUCCESS] Hash: 0x1b7811775a82c77768a06b0e29cd61647e91646c00aeb18317cb5497d34bc3ef
Initiator: 0xf39fd6e51aad88f6f4ce6ab8827279cfffb92266
Payer: 0xf39fd6e51aad88f6f4ce6ab8827279cfffb92266
Gas Limit: 30_000_000 | Used: 474_458 | Refunded: 29_525_542
Paid: 0.000021469224500000 ETH (474458 gas * 0.045250 gwei)
Refunded: 0.001336030775500000 ETH

 INFO Starting executing L1 batch #25
TRACE Fee benchmark for transaction with hash e38b76b2085681f33ce921082d93f2283f9eeaece20bf1aa9d035aa30e5c43c2
TRACE Gas Limit: 30000000
TRACE Gas spent on computation: 473169
TRACE Gas spent on pubdata: 1512
TRACE Pubdata published: 18

✅ [SUCCESS] Hash: 0xe38b76b2085681f33ce921082d93f2283f9eeaece20bf1aa9d035aa30e5c43c2
Initiator: 0xf39fd6e51aad88f6f4ce6ab8827279cfffb92266
Payer: 0xf39fd6e51aad88f6f4ce6ab8827279cfffb92266
Gas Limit: 30_000_000 | Used: 474_674 | Refunded: 29_525_326
Paid: 0.000021478998500000 ETH (474674 gas * 0.045250 gwei)
Refunded: 0.001336021001500000 ETH

 INFO Starting executing L1 batch #26
TRACE Fee benchmark for transaction with hash a1537a0e6a025ae752aa8f648c4c30b5f7c0619de721864cd595640c3d0df20a
TRACE Gas Limit: 30000000
TRACE Gas spent on computation: 473205
TRACE Gas spent on pubdata: 1512
TRACE Pubdata published: 18

✅ [SUCCESS] Hash: 0xa1537a0e6a025ae752aa8f648c4c30b5f7c0619de721864cd595640c3d0df20a
Initiator: 0xf39fd6e51aad88f6f4ce6ab8827279cfffb92266
Payer: 0xf39fd6e51aad88f6f4ce6ab8827279cfffb92266
Gas Limit: 30_000_000 | Used: 474_710 | Refunded: 29_525_290
Paid: 0.000021480627500000 ETH (474710 gas * 0.045250 gwei)
Refunded: 0.001336019372500000 ETH

 INFO Starting executing L1 batch #27
TRACE Fee benchmark for transaction with hash 13e2d862c6a23c9cdf622217de6f11dcb4e31718a6f57a9ba2c79535ec17e6e2
TRACE Gas Limit: 30000000
TRACE Gas spent on computation: 474003
TRACE Gas spent on pubdata: 1512
TRACE Pubdata published: 18

✅ [SUCCESS] Hash: 0x13e2d862c6a23c9cdf622217de6f11dcb4e31718a6f57a9ba2c79535ec17e6e2
Initiator: 0xf39fd6e51aad88f6f4ce6ab8827279cfffb92266
Payer: 0xf39fd6e51aad88f6f4ce6ab8827279cfffb92266
Gas Limit: 30_000_000 | Used: 475_508 | Refunded: 29_524_492
Paid: 0.000021516737000000 ETH (475508 gas * 0.045250 gwei)
Refunded: 0.001335983263000000 ETH

 INFO Starting executing L1 batch #28
TRACE Fee benchmark for transaction with hash d2966a20b2579514c4d23c2e5d461a7b10196dabf235a4f9c9cfffc8d9c61731
TRACE Gas Limit: 30000000
TRACE Gas spent on computation: 475035
TRACE Gas spent on pubdata: 1512
TRACE Pubdata published: 18

✅ [SUCCESS] Hash: 0xd2966a20b2579514c4d23c2e5d461a7b10196dabf235a4f9c9cfffc8d9c61731
Initiator: 0xf39fd6e51aad88f6f4ce6ab8827279cfffb92266
Payer: 0xf39fd6e51aad88f6f4ce6ab8827279cfffb92266
Gas Limit: 30_000_000 | Used: 476_540 | Refunded: 29_523_460
Paid: 0.000021563435000000 ETH (476540 gas * 0.045250 gwei)
Refunded: 0.001335936565000000 ETH

 INFO Starting executing L1 batch #29
TRACE Fee benchmark for transaction with hash 944d5dfdfea58aeec3971ea6b468fe38a701dee2f759179fb64734728e2220d0
TRACE Gas Limit: 30000000
TRACE Gas spent on computation: 118944
TRACE Gas spent on pubdata: 1512
TRACE Pubdata published: 18

❌ [FAILED] Hash: 0x944d5dfdfea58aeec3971ea6b468fe38a701dee2f759179fb64734728e2220d0
Initiator: 0xf39fd6e51aad88f6f4ce6ab8827279cfffb92266
Payer: 0xf39fd6e51aad88f6f4ce6ab8827279cfffb92266
Gas Limit: 30_000_000 | Used: 120_449 | Refunded: 29_879_551
Paid: 0.000005450317250000 ETH (120449 gas * 0.045250 gwei)
Refunded: 0.001352049682750000 ETH

