 INFO initializing system contracts protocol_version=29 use_evm_emulator=false zksync_os.zksync_os=false
 INFO Starting executing L1 batch #1
TRACE Fee benchmark for transaction with hash 9f43919124631541019977c95f85cb62005704d77b8502aea306928d210c8bdd
TRACE Gas Limit: 400000000
TRACE Gas spent on computation: 3402540
TRACE Gas spent on pubdata: 2260860
TRACE Pubdata published: 26915
 INFO Starting executing L1 batch #2
TRACE Fee benchmark for transaction with hash b796b1f7863b89b5b2f7dad4d52ab8507781ee9c139ce438ad7234280d067def
TRACE Gas Limit: 200000000
TRACE Gas spent on computation: 734001
TRACE Gas spent on pubdata: 456036
TRACE Pubdata published: 5429
 INFO Starting executing L1 batch #3
TRACE Fee benchmark for transaction with hash 161536358035cb033f5a07669678470d417f952749c9e6bebf1f3bfd7b947e10
TRACE Gas Limit: 30000000
TRACE Gas spent on computation: 124477
TRACE Gas spent on pubdata: 4368
TRACE Pubdata published: 52
 INFO Starting executing L1 batch #4
TRACE Fee benchmark for transaction with hash 4b262f4a23ee588c944c83a9e8b5e9615af5808ed2820a097651b2a9d618c783
TRACE Gas Limit: 30000000
TRACE Gas spent on computation: 124785
TRACE Gas spent on pubdata: 4368
TRACE Pubdata published: 52
 INFO Starting executing L1 batch #5
TRACE Fee benchmark for transaction with hash 64b737f728f81da9255443edb3bfe8ed365954f3dd4b3d74dc9188af7b08a2b9
TRACE Gas Limit: 30000000
TRACE Gas spent on computation: 124785
TRACE Gas spent on pubdata: 4368
TRACE Pubdata published: 52
 INFO Starting executing L1 batch #6
TRACE Fee benchmark for transaction with hash 9579239f5d2370e2e29074b8ddd10bd801d95c95ac52b1291f001544e6455129
TRACE Gas Limit: 30000000
TRACE Gas spent on computation: 124785
TRACE Gas spent on pubdata: 4368
TRACE Pubdata published: 52
 INFO Starting executing L1 batch #7
TRACE Fee benchmark for transaction with hash 57b7bb40ede9c655795bee9d3da2656fe4fbac18b65b799bfa139bc980881eda
TRACE Gas Limit: 30000000
TRACE Gas spent on computation: 124785
TRACE Gas spent on pubdata: 4368
TRACE Pubdata published: 52
 INFO Starting executing L1 batch #8
TRACE Fee benchmark for transaction with hash a8244a8da284c786069056bc2727c753ade54ff21dfc7e554d08c4573774696e
TRACE Gas Limit: 30000000
TRACE Gas spent on computation: 124785
TRACE Gas spent on pubdata: 4368
TRACE Pubdata published: 52
 INFO Starting executing L1 batch #9
TRACE Fee benchmark for transaction with hash 07a6a92247db8d4d7bd52a90c3149bdd74770235d2c83d951fdef209cedca40f
TRACE Gas Limit: 30000000
TRACE Gas spent on computation: 124785
TRACE Gas spent on pubdata: 4368
TRACE Pubdata published: 52
 INFO Starting executing L1 batch #10
TRACE Fee benchmark for transaction with hash 7d8c9aa558fa49fac28f265988e4576f7d4a2d08da603b7b58847b4ef8aa4676
TRACE Gas Limit: 30000000
TRACE Gas spent on computation: 124785
TRACE Gas spent on pubdata: 4368
TRACE Pubdata published: 52
 INFO Starting executing L1 batch #11
TRACE Fee benchmark for transaction with hash d0ade75bb8a2dfc9e1a516fe155886c804efe0b0bfcf123490a37e7c30ead4b7
TRACE Gas Limit: 30000000
TRACE Gas spent on computation: 124785
TRACE Gas spent on pubdata: 4368
TRACE Pubdata published: 52
 INFO Starting executing L1 batch #12
TRACE Fee benchmark for transaction with hash 5a3fe5cecbe1b8534180e11092cb54f889fdfefc7c8de20d45180e3770500009
TRACE Gas Limit: 30000000
TRACE Gas spent on computation: 891499
TRACE Gas spent on pubdata: 1512
TRACE Pubdata published: 18
 INFO Starting executing L1 batch #13
TRACE Fee benchmark for transaction with hash 8605a2f1ff10b84e76c3accc741edd925d8ca7dfd0da731ac4b2fe11b0e11f57
TRACE Gas Limit: 30000000
TRACE Gas spent on computation: 891499
TRACE Gas spent on pubdata: 1512
TRACE Pubdata published: 18
 INFO Starting executing L1 batch #14
TRACE Fee benchmark for transaction with hash 92be75cadc97f39969165b93d9b184a9f5a106d1d5ea0a75515e3de6353eb94d
TRACE Gas Limit: 30000000
TRACE Gas spent on computation: 891499
TRACE Gas spent on pubdata: 1512
TRACE Pubdata published: 18
 INFO Starting executing L1 batch #15
TRACE Fee benchmark for transaction with hash 66eb3a1d118680ea480443a145b022b14950abf5032a4f484b2583e7c65a93a2
TRACE Gas Limit: 30000000
TRACE Gas spent on computation: 891499
TRACE Gas spent on pubdata: 1512
TRACE Pubdata published: 18
 INFO Starting executing L1 batch #16
TRACE Fee benchmark for transaction with hash f4ce7dd2413008ecda898302eee6104faf27493ad5ce315b544364f91afe59e8
TRACE Gas Limit: 30000000
TRACE Gas spent on computation: 891499
TRACE Gas spent on pubdata: 1512
TRACE Pubdata published: 18
 INFO Starting executing L1 batch #17
TRACE Fee benchmark for transaction with hash 4a702100a8aee65ca0fb87ab22bf181e3400045efb196c4ce4b979d9b159f975
TRACE Gas Limit: 30000000
TRACE Gas spent on computation: 891499
TRACE Gas spent on pubdata: 1512
TRACE Pubdata published: 18
 INFO Starting executing L1 batch #18
TRACE Fee benchmark for transaction with hash e5403763db74ca8c7613cf76ddcc11835fc1bc9d09fd0ed1836c1e677976f073
TRACE Gas Limit: 30000000
TRACE Gas spent on computation: 891499
TRACE Gas spent on pubdata: 1512
TRACE Pubdata published: 18
 INFO Starting executing L1 batch #19
TRACE Fee benchmark for transaction with hash e46cce8ed2a3ebaf85b37abbd49c5050f54c02f7cda83448e93700ec00802b37
TRACE Gas Limit: 30000000
TRACE Gas spent on computation: 891499
TRACE Gas spent on pubdata: 1512
TRACE Pubdata published: 18
 INFO Starting executing L1 batch #20
TRACE Fee benchmark for transaction with hash 929fc18415c20022d120fdd130218e83e89c18a77c20520270158aa54a2a775e
TRACE Gas Limit: 30000000
TRACE Gas spent on computation: 882464
TRACE Gas spent on pubdata: 1512
TRACE Pubdata published: 18
 INFO Starting executing L1 batch #21
TRACE Fee benchmark for transaction with hash b4d3767963679174ee547f358deef15e2fa6c0eb75d2e012a5b3581a28d987f4
TRACE Gas Limit: 30000000
TRACE Gas spent on computation: 882464
TRACE Gas spent on pubdata: 1512
TRACE Pubdata published: 18
 INFO Starting executing L1 batch #22
TRACE Fee benchmark for transaction with hash eba47e0044fff7067f8131784366dce2df593ce582605179527b81795b8380ac
TRACE Gas Limit: 30000000
TRACE Gas spent on computation: 882464
TRACE Gas spent on pubdata: 1512
TRACE Pubdata published: 18
 INFO Starting executing L1 batch #23
TRACE Fee benchmark for transaction with hash 1a6ef8e9fa9f209a3c06953c5df40a00ff73acee33f10d6ba96e5292db5f7679
TRACE Gas Limit: 30000000
TRACE Gas spent on computation: 882464
TRACE Gas spent on pubdata: 1512
TRACE Pubdata published: 18
 INFO Starting executing L1 batch #24
TRACE Fee benchmark for transaction with hash 153fbba31f03975d1b404a1c5afe2dbccc17c61031900daef01d7d7bb5b77afc
TRACE Gas Limit: 30000000
TRACE Gas spent on computation: 882464
TRACE Gas spent on pubdata: 1512
TRACE Pubdata published: 18
 INFO Starting executing L1 batch #25
TRACE Fee benchmark for transaction with hash bcc5e4019a3af213cdefb41e7748fdb1ee0be5c9c8293a486e58c1a9734d1ce4
TRACE Gas Limit: 30000000
TRACE Gas spent on computation: 882464
TRACE Gas spent on pubdata: 1512
TRACE Pubdata published: 18
 INFO Starting executing L1 batch #26
TRACE Fee benchmark for transaction with hash ddb970add86e3a30e84dfdb1bbd8784f3151a678266075f7ee7dd245d03bfd0c
TRACE Gas Limit: 30000000
TRACE Gas spent on computation: 882464
TRACE Gas spent on pubdata: 1512
TRACE Pubdata published: 18
 INFO Starting executing L1 batch #27
TRACE Fee benchmark for transaction with hash ba31016498c1fd7aaae99a1575965fd6e34affdf40434ccb375a2eca46f37fc4
TRACE Gas Limit: 30000000
TRACE Gas spent on computation: 882464
TRACE Gas spent on pubdata: 1512
TRACE Pubdata published: 18
 INFO Starting executing L1 batch #28
TRACE Fee benchmark for transaction with hash 7b26153e5c3391089bf1a421391c71d45ec1bb7d962ee92e18172a6300eff5a2
TRACE Gas Limit: 30000000
TRACE Gas spent on computation: 882464
TRACE Gas spent on pubdata: 1512
TRACE Pubdata published: 18
 INFO Starting executing L1 batch #29
TRACE Fee benchmark for transaction with hash fdcd7143e3722d0fc26fb796a50adab600b7d933a111eb6092d9e03a434f14d8
TRACE Gas Limit: 30000000
TRACE Gas spent on computation: 119228
TRACE Gas spent on pubdata: 1512
TRACE Pubdata published: 18
