 INFO initializing system contracts protocol_version=27 use_evm_emulator=false zksync_os.zksync_os=false
 INFO Starting executing L1 batch #1
TRACE Fee benchmark for transaction with hash cbb7d70e5069ad52822fc7a1c906997d493d3071e3555ad56855508e29f11b9d
TRACE Gas Limit: 400000000
TRACE Gas spent on computation: 484606
TRACE Gas spent on pubdata: 283164
TRACE Pubdata published: 3371
 INFO Starting executing L1 batch #2
TRACE Fee benchmark for transaction with hash 12019bf8dc4c5f26fc647c90b587419b02dc8665175a88182970caf250487b7d
TRACE Gas Limit: 200000000
TRACE Gas spent on computation: 727877
TRACE Gas spent on pubdata: 452676
TRACE Pubdata published: 5389
 INFO Starting executing L1 batch #3
TRACE Fee benchmark for transaction with hash 161536358035cb033f5a07669678470d417f952749c9e6bebf1f3bfd7b947e10
TRACE Gas Limit: 30000000
TRACE Gas spent on computation: 122085
TRACE Gas spent on pubdata: 4368
TRACE Pubdata published: 52
 INFO Starting executing L1 batch #4
TRACE Fee benchmark for transaction with hash 4b262f4a23ee588c944c83a9e8b5e9615af5808ed2820a097651b2a9d618c783
TRACE Gas Limit: 30000000
TRACE Gas spent on computation: 122405
TRACE Gas spent on pubdata: 4368
TRACE Pubdata published: 52
 INFO Starting executing L1 batch #5
TRACE Fee benchmark for transaction with hash 64b737f728f81da9255443edb3bfe8ed365954f3dd4b3d74dc9188af7b08a2b9
TRACE Gas Limit: 30000000
TRACE Gas spent on computation: 122405
TRACE Gas spent on pubdata: 4368
TRACE Pubdata published: 52
 INFO Starting executing L1 batch #6
TRACE Fee benchmark for transaction with hash 9579239f5d2370e2e29074b8ddd10bd801d95c95ac52b1291f001544e6455129
TRACE Gas Limit: 30000000
TRACE Gas spent on computation: 122405
TRACE Gas spent on pubdata: 4368
TRACE Pubdata published: 52
 INFO Starting executing L1 batch #7
TRACE Fee benchmark for transaction with hash 57b7bb40ede9c655795bee9d3da2656fe4fbac18b65b799bfa139bc980881eda
TRACE Gas Limit: 30000000
TRACE Gas spent on computation: 122405
TRACE Gas spent on pubdata: 4368
TRACE Pubdata published: 52
 INFO Starting executing L1 batch #8
TRACE Fee benchmark for transaction with hash a8244a8da284c786069056bc2727c753ade54ff21dfc7e554d08c4573774696e
TRACE Gas Limit: 30000000
TRACE Gas spent on computation: 122405
TRACE Gas spent on pubdata: 4368
TRACE Pubdata published: 52
 INFO Starting executing L1 batch #9
TRACE Fee benchmark for transaction with hash 07a6a92247db8d4d7bd52a90c3149bdd74770235d2c83d951fdef209cedca40f
TRACE Gas Limit: 30000000
TRACE Gas spent on computation: 122405
TRACE Gas spent on pubdata: 4368
TRACE Pubdata published: 52
 INFO Starting executing L1 batch #10
TRACE Fee benchmark for transaction with hash 7d8c9aa558fa49fac28f265988e4576f7d4a2d08da603b7b58847b4ef8aa4676
TRACE Gas Limit: 30000000
TRACE Gas spent on computation: 122405
TRACE Gas spent on pubdata: 4368
TRACE Pubdata published: 52
 INFO Starting executing L1 batch #11
TRACE Fee benchmark for transaction with hash d0ade75bb8a2dfc9e1a516fe155886c804efe0b0bfcf123490a37e7c30ead4b7
TRACE Gas Limit: 30000000
TRACE Gas spent on computation: 122405
TRACE Gas spent on pubdata: 4368
TRACE Pubdata published: 52
 INFO Starting executing L1 batch #12
TRACE Fee benchmark for transaction with hash 13cf0d2e31f636f0455d0e37d6971ab07f7e615257f1b124463d456283a1784f
TRACE Gas Limit: 30000000
TRACE Gas spent on computation: 8686404
TRACE Gas spent on pubdata: 1512
TRACE Pubdata published: 18
 INFO Starting executing L1 batch #13
TRACE Fee benchmark for transaction with hash c478f86fe3e2e97afe79223ba1f1c52b6c0a60dd51f8b1b2db17cd719fcfd2d1
TRACE Gas Limit: 30000000
TRACE Gas spent on computation: 8688750
TRACE Gas spent on pubdata: 1512
TRACE Pubdata published: 18
 INFO Starting executing L1 batch #14
TRACE Fee benchmark for transaction with hash 1d110139ad8c612979d394062cfe87b92758e7fa3210da6f718c31a7069d3fe1
TRACE Gas Limit: 30000000
TRACE Gas spent on computation: 8689968
TRACE Gas spent on pubdata: 1512
TRACE Pubdata published: 18
 INFO Starting executing L1 batch #15
TRACE Fee benchmark for transaction with hash 20bb00a5073f2e4a9217f52004d4d71d6fa13447bea369eddc00e8998137912b
TRACE Gas Limit: 30000000
TRACE Gas spent on computation: 8691486
TRACE Gas spent on pubdata: 1512
TRACE Pubdata published: 18
 INFO Starting executing L1 batch #16
TRACE Fee benchmark for transaction with hash 33ef6fa1cf886de82e22c82fbc5b903ad8709b926dce1ccc6d4350dd24a61136
TRACE Gas Limit: 30000000
TRACE Gas spent on computation: 8700528
TRACE Gas spent on pubdata: 1512
TRACE Pubdata published: 18
 INFO Starting executing L1 batch #17
TRACE Fee benchmark for transaction with hash aad6bb3ea9c9464aaf9280b36cda7e602f424f16f8ec106d7705fe15b1eb813b
TRACE Gas Limit: 30000000
TRACE Gas spent on computation: 8676150
TRACE Gas spent on pubdata: 1512
TRACE Pubdata published: 18
 INFO Starting executing L1 batch #18
TRACE Fee benchmark for transaction with hash 113cd5acd2b08ae7898976535b1b1874e1cec07fdadb0d6689517ad9ecb1f2ab
TRACE Gas Limit: 30000000
TRACE Gas spent on computation: 8678550
TRACE Gas spent on pubdata: 1512
TRACE Pubdata published: 18
 INFO Starting executing L1 batch #19
TRACE Fee benchmark for transaction with hash e81f34909389fde32bb1f23b913f8bce237bcd86862970e9db7cc9c9a7fa0acc
TRACE Gas Limit: 30000000
TRACE Gas spent on computation: 8697462
TRACE Gas spent on pubdata: 1512
TRACE Pubdata published: 18
 INFO Starting executing L1 batch #20
TRACE Fee benchmark for transaction with hash 8036e360f780bcd14b26ec80de40040a8e1f88201873484556b123e606c04272
TRACE Gas Limit: 30000000
TRACE Gas spent on computation: 8679391
TRACE Gas spent on pubdata: 1512
TRACE Pubdata published: 18
 INFO Starting executing L1 batch #21
TRACE Fee benchmark for transaction with hash 94a9b6f38ca0e42056bafc2721e223d8f658c794e527ebb98c8604c920fc351b
TRACE Gas Limit: 30000000
TRACE Gas spent on computation: 8681737
TRACE Gas spent on pubdata: 1512
TRACE Pubdata published: 18
 INFO Starting executing L1 batch #22
TRACE Fee benchmark for transaction with hash 681f28b372e3e5312b6c3edb7f595543dd9cd5716f0ae70f069db78e91fb9f56
TRACE Gas Limit: 30000000
TRACE Gas spent on computation: 8682955
TRACE Gas spent on pubdata: 1512
TRACE Pubdata published: 18
 INFO Starting executing L1 batch #23
TRACE Fee benchmark for transaction with hash c3ccac15da4c25faf2f8c55c7744a40869175fec77b683353c0fe025ed74b904
TRACE Gas Limit: 30000000
TRACE Gas spent on computation: 8684473
TRACE Gas spent on pubdata: 1512
TRACE Pubdata published: 18
 INFO Starting executing L1 batch #24
TRACE Fee benchmark for transaction with hash 44ff46ca4aadfc365dede7b42b474fc7f7f13966683b7c4041bc126a61008d5a
TRACE Gas Limit: 30000000
TRACE Gas spent on computation: 8693515
TRACE Gas spent on pubdata: 1512
TRACE Pubdata published: 18
 INFO Starting executing L1 batch #25
TRACE Fee benchmark for transaction with hash 8a9b71eb6b27c9c63714b5071e6c0985e5f23f637bbeffd61815783f46bc0295
TRACE Gas Limit: 30000000
TRACE Gas spent on computation: 8669137
TRACE Gas spent on pubdata: 1512
TRACE Pubdata published: 18
 INFO Starting executing L1 batch #26
TRACE Fee benchmark for transaction with hash cfc01bba3f979342a147b9e2809488c0ad4c2ad70aa1fdbdbb7f7603a81828b9
TRACE Gas Limit: 30000000
TRACE Gas spent on computation: 8671537
TRACE Gas spent on pubdata: 1512
TRACE Pubdata published: 18
 INFO Starting executing L1 batch #27
TRACE Fee benchmark for transaction with hash 82c018b78827a6c04e2532a5a829167deec4a824652768ba0815186a78dba8a2
TRACE Gas Limit: 30000000
TRACE Gas spent on computation: 8690449
TRACE Gas spent on pubdata: 1512
TRACE Pubdata published: 18
 INFO Starting executing L1 batch #28
TRACE Fee benchmark for transaction with hash a61136143d61751b9f66abb4233cec2bf3a2cb0b2829df31d78ee78e3a011636
TRACE Gas Limit: 30000000
TRACE Gas spent on computation: 8679391
TRACE Gas spent on pubdata: 1512
TRACE Pubdata published: 18
 INFO Starting executing L1 batch #29
TRACE Fee benchmark for transaction with hash c87532476a0d3a6730b844680bc02da248428078d4678fb780346109f48e5bc0
TRACE Gas Limit: 30000000
TRACE Gas spent on computation: 116408
TRACE Gas spent on pubdata: 1512
TRACE Pubdata published: 18
