 INFO initializing system contracts protocol_version=27 use_evm_emulator=false zksync_os.zksync_os=false


                      _  _         _____ _  __
  __ _  _ __  __   __(_)| |       |__  /| |/ / ___  _   _  _ __    ___
 / _` || '_ \ \ \ / /| || | _____   / / | ' / / __|| | | || '_ \  / __|
| (_| || | | | \ V / | || ||_____| / /_ | . \ \__ \| |_| || | | || (__
 \__,_||_| |_|  \_/  |_||_|       /____||_|\_\|___/ \__, ||_| |_| \___|
                                                    |___/

Version:        0.6.11
Repository:     https://github.com/matter-labs/anvil-zksync



Rich Accounts
========================
(0) 0xf39Fd6e51aad88F6F4ce6aB8827279cffFb92266 (10000.000000000000000000 ETH)
(1) 0x70997970C51812dc3A010C7d01b50e0d17dc79C8 (10000.000000000000000000 ETH)



Private Keys
========================
(0) 0xac0974bec39a17e36ba4a6b4d238ff944bacb478cbed5efcae784d7bf4f2ff80
(1) 0x59c6995e998f97a5a0044966f0945389dc9e86dae88c7a8412f4603b6b78690d



Wallet
========================
Mnemonic:            test test test test test test test test test test test junk
Derivation path:     m/44'/60'/0'/0/0


Network Configuration
========================
Chain ID: 260


Gas Configuration
========================
L1 Gas Price (gwei):               2.365348 gwei
L2 Gas Price (gwei):               0.045250 gwei
L1 Pubdata Price (gwei):           0.000000 gwei
Estimated Gas Price Scale Factor:  2
Estimated Gas Limit Scale Factor:  1.3


Genesis Timestamp
========================
1000


Node Configuration
========================
Port:                  18011
EVM Interpreter:       Disabled
Health Check Endpoint: Disabled
ZKsync OS:             Disabled
L1:                    Disabled


========================================
  Listening on 127.0.0.1:18011
========================================

 INFO Starting executing L1 batch #1
TRACE Fee benchmark for transaction with hash 6c2f4aa122066386ee1ff03b75874d988541696a6ec0779b152e5f91a5b33c61
TRACE Gas Limit: 400000000
TRACE Gas spent on computation: 4466883
TRACE Gas spent on pubdata: 3196284
TRACE Pubdata published: 38051

✅ [SUCCESS] Hash: 0x6c2f4aa122066386ee1ff03b75874d988541696a6ec0779b152e5f91a5b33c61
Initiator: 0xf39fd6e51aad88f6f4ce6ab8827279cfffb92266
Payer: 0xf39fd6e51aad88f6f4ce6ab8827279cfffb92266
Gas Limit: 400_000_000 | Used: 7_649_341 | Refunded: 392_350_659
Paid: 0.000346132680250000 ETH (7649341 gas * 0.045250 gwei)
Refunded: 0.017753867319750000 ETH

 INFO Starting executing L1 batch #2
TRACE Fee benchmark for transaction with hash 247444725a8d27b02a0061a1b7e6ee3749f699e8db78e798fa3e9c6254a78eae
TRACE Gas Limit: 200000000
TRACE Gas spent on computation: 717631
TRACE Gas spent on pubdata: 444612
TRACE Pubdata published: 5293

✅ [SUCCESS] Hash: 0x247444725a8d27b02a0061a1b7e6ee3749f699e8db78e798fa3e9c6254a78eae
Initiator: 0xf39fd6e51aad88f6f4ce6ab8827279cfffb92266
Payer: 0xf39fd6e51aad88f6f4ce6ab8827279cfffb92266
Gas Limit: 200_000_000 | Used: 1_160_319 | Refunded: 198_839_681
Paid: 0.000052504434750000 ETH (1160319 gas * 0.045250 gwei)
Refunded: 0.008997495565250000 ETH

 INFO Starting executing L1 batch #3
TRACE Fee benchmark for transaction with hash 161536358035cb033f5a07669678470d417f952749c9e6bebf1f3bfd7b947e10
TRACE Gas Limit: 30000000
TRACE Gas spent on computation: 122069
TRACE Gas spent on pubdata: 4368
TRACE Pubdata published: 52

✅ [SUCCESS] Hash: 0x161536358035cb033f5a07669678470d417f952749c9e6bebf1f3bfd7b947e10
Initiator: 0xf39fd6e51aad88f6f4ce6ab8827279cfffb92266
Payer: 0xf39fd6e51aad88f6f4ce6ab8827279cfffb92266
Gas Limit: 30_000_000 | Used: 126_418 | Refunded: 29_873_582
Paid: 0.000005720414500000 ETH (126418 gas * 0.045250 gwei)
Refunded: 0.001351779585500000 ETH

 INFO Starting executing L1 batch #4
TRACE Fee benchmark for transaction with hash 4b262f4a23ee588c944c83a9e8b5e9615af5808ed2820a097651b2a9d618c783
TRACE Gas Limit: 30000000
TRACE Gas spent on computation: 122377
TRACE Gas spent on pubdata: 4368
TRACE Pubdata published: 52

✅ [SUCCESS] Hash: 0x4b262f4a23ee588c944c83a9e8b5e9615af5808ed2820a097651b2a9d618c783
Initiator: 0xf39fd6e51aad88f6f4ce6ab8827279cfffb92266
Payer: 0xf39fd6e51aad88f6f4ce6ab8827279cfffb92266
Gas Limit: 30_000_000 | Used: 126_726 | Refunded: 29_873_274
Paid: 0.000005734351500000 ETH (126726 gas * 0.045250 gwei)
Refunded: 0.001351765648500000 ETH

 INFO Starting executing L1 batch #5
TRACE Fee benchmark for transaction with hash 64b737f728f81da9255443edb3bfe8ed365954f3dd4b3d74dc9188af7b08a2b9
TRACE Gas Limit: 30000000
TRACE Gas spent on computation: 122377
TRACE Gas spent on pubdata: 4368
TRACE Pubdata published: 52

✅ [SUCCESS] Hash: 0x64b737f728f81da9255443edb3bfe8ed365954f3dd4b3d74dc9188af7b08a2b9
Initiator: 0xf39fd6e51aad88f6f4ce6ab8827279cfffb92266
Payer: 0xf39fd6e51aad88f6f4ce6ab8827279cfffb92266
Gas Limit: 30_000_000 | Used: 126_726 | Refunded: 29_873_274
Paid: 0.000005734351500000 ETH (126726 gas * 0.045250 gwei)
Refunded: 0.001351765648500000 ETH

 INFO Starting executing L1 batch #6
TRACE Fee benchmark for transaction with hash 9579239f5d2370e2e29074b8ddd10bd801d95c95ac52b1291f001544e6455129
TRACE Gas Limit: 30000000
TRACE Gas spent on computation: 122377
TRACE Gas spent on pubdata: 4368
TRACE Pubdata published: 52

✅ [SUCCESS] Hash: 0x9579239f5d2370e2e29074b8ddd10bd801d95c95ac52b1291f001544e6455129
Initiator: 0xf39fd6e51aad88f6f4ce6ab8827279cfffb92266
Payer: 0xf39fd6e51aad88f6f4ce6ab8827279cfffb92266
Gas Limit: 30_000_000 | Used: 126_726 | Refunded: 29_873_274
Paid: 0.000005734351500000 ETH (126726 gas * 0.045250 gwei)
Refunded: 0.001351765648500000 ETH

 INFO Starting executing L1 batch #7
TRACE Fee benchmark for transaction with hash 57b7bb40ede9c655795bee9d3da2656fe4fbac18b65b799bfa139bc980881eda
TRACE Gas Limit: 30000000
TRACE Gas spent on computation: 122377
TRACE Gas spent on pubdata: 4368
TRACE Pubdata published: 52

✅ [SUCCESS] Hash: 0x57b7bb40ede9c655795bee9d3da2656fe4fbac18b65b799bfa139bc980881eda
Initiator: 0xf39fd6e51aad88f6f4ce6ab8827279cfffb92266
Payer: 0xf39fd6e51aad88f6f4ce6ab8827279cfffb92266
Gas Limit: 30_000_000 | Used: 126_726 | Refunded: 29_873_274
Paid: 0.000005734351500000 ETH (126726 gas * 0.045250 gwei)
Refunded: 0.001351765648500000 ETH

 INFO Starting executing L1 batch #8
TRACE Fee benchmark for transaction with hash a8244a8da284c786069056bc2727c753ade54ff21dfc7e554d08c4573774696e
TRACE Gas Limit: 30000000
TRACE Gas spent on computation: 122377
TRACE Gas spent on pubdata: 4368
TRACE Pubdata published: 52

✅ [SUCCESS] Hash: 0xa8244a8da284c786069056bc2727c753ade54ff21dfc7e554d08c4573774696e
Initiator: 0xf39fd6e51aad88f6f4ce6ab8827279cfffb92266
Payer: 0xf39fd6e51aad88f6f4ce6ab8827279cfffb92266
Gas Limit: 30_000_000 | Used: 126_726 | Refunded: 29_873_274
Paid: 0.000005734351500000 ETH (126726 gas * 0.045250 gwei)
Refunded: 0.001351765648500000 ETH

 INFO Starting executing L1 batch #9
TRACE Fee benchmark for transaction with hash 07a6a92247db8d4d7bd52a90c3149bdd74770235d2c83d951fdef209cedca40f
TRACE Gas Limit: 30000000
TRACE Gas spent on computation: 122377
TRACE Gas spent on pubdata: 4368
TRACE Pubdata published: 52

✅ [SUCCESS] Hash: 0x07a6a92247db8d4d7bd52a90c3149bdd74770235d2c83d951fdef209cedca40f
Initiator: 0xf39fd6e51aad88f6f4ce6ab8827279cfffb92266
Payer: 0xf39fd6e51aad88f6f4ce6ab8827279cfffb92266
Gas Limit: 30_000_000 | Used: 126_726 | Refunded: 29_873_274
Paid: 0.000005734351500000 ETH (126726 gas * 0.045250 gwei)
Refunded: 0.001351765648500000 ETH

 INFO Starting executing L1 batch #10
TRACE Fee benchmark for transaction with hash 7d8c9aa558fa49fac28f265988e4576f7d4a2d08da603b7b58847b4ef8aa4676
TRACE Gas Limit: 30000000
TRACE Gas spent on computation: 122377
TRACE Gas spent on pubdata: 4368
TRACE Pubdata published: 52

✅ [SUCCESS] Hash: 0x7d8c9aa558fa49fac28f265988e4576f7d4a2d08da603b7b58847b4ef8aa4676
Initiator: 0xf39fd6e51aad88f6f4ce6ab8827279cfffb92266
Payer: 0xf39fd6e51aad88f6f4ce6ab8827279cfffb92266
Gas Limit: 30_000_000 | Used: 126_726 | Refunded: 29_873_274
Paid: 0.000005734351500000 ETH (126726 gas * 0.045250 gwei)
Refunded: 0.001351765648500000 ETH

 INFO Starting executing L1 batch #11
TRACE Fee benchmark for transaction with hash d0ade75bb8a2dfc9e1a516fe155886c804efe0b0bfcf123490a37e7c30ead4b7
TRACE Gas Limit: 30000000
TRACE Gas spent on computation: 122377
TRACE Gas spent on pubdata: 4368
TRACE Pubdata published: 52

✅ [SUCCESS] Hash: 0xd0ade75bb8a2dfc9e1a516fe155886c804efe0b0bfcf123490a37e7c30ead4b7
Initiator: 0xf39fd6e51aad88f6f4ce6ab8827279cfffb92266
Payer: 0xf39fd6e51aad88f6f4ce6ab8827279cfffb92266
Gas Limit: 30_000_000 | Used: 126_726 | Refunded: 29_873_274
Paid: 0.000005734351500000 ETH (126726 gas * 0.045250 gwei)
Refunded: 0.001351765648500000 ETH

 INFO Starting executing L1 batch #12
TRACE Fee benchmark for transaction with hash 4219bdde22e2fc86f7c26eb62707bdbd67d26c30730bf8e1b29a73898a44ed75
TRACE Gas Limit: 30000000
TRACE Gas spent on computation: 10533011
TRACE Gas spent on pubdata: 1512
TRACE Pubdata published: 18

✅ [SUCCESS] Hash: 0x4219bdde22e2fc86f7c26eb62707bdbd67d26c30730bf8e1b29a73898a44ed75
Initiator: 0xf39fd6e51aad88f6f4ce6ab8827279cfffb92266
Payer: 0xf39fd6e51aad88f6f4ce6ab8827279cfffb92266
Gas Limit: 30_000_000 | Used: 10_534_516 | Refunded: 19_465_484
Paid: 0.000476686849000000 ETH (10534516 gas * 0.045250 gwei)
Refunded: 0.000880813151000000 ETH

 INFO Starting executing L1 batch #13
TRACE Fee benchmark for transaction with hash 131e9ac9a06ed20892085bed3f26a51e71a01112e9d21782ef7e2bac8b88956c
TRACE Gas Limit: 30000000
TRACE Gas spent on computation: 10555691
TRACE Gas spent on pubdata: 1512
TRACE Pubdata published: 18

✅ [SUCCESS] Hash: 0x131e9ac9a06ed20892085bed3f26a51e71a01112e9d21782ef7e2bac8b88956c
Initiator: 0xf39fd6e51aad88f6f4ce6ab8827279cfffb92266
Payer: 0xf39fd6e51aad88f6f4ce6ab8827279cfffb92266
Gas Limit: 30_000_000 | Used: 10_557_196 | Refunded: 19_442_804
Paid: 0.000477713119000000 ETH (10557196 gas * 0.045250 gwei)
Refunded: 0.000879786881000000 ETH

 INFO Starting executing L1 batch #14
TRACE Fee benchmark for transaction with hash db67174c83d0d2fb8ef5fe0ef6131db22f70ceeff0c96b77c455689017fe2abe
TRACE Gas Limit: 30000000
TRACE Gas spent on computation: 10508609
TRACE Gas spent on pubdata: 1512
TRACE Pubdata published: 18

✅ [SUCCESS] Hash: 0xdb67174c83d0d2fb8ef5fe0ef6131db22f70ceeff0c96b77c455689017fe2abe
Initiator: 0xf39fd6e51aad88f6f4ce6ab8827279cfffb92266
Payer: 0xf39fd6e51aad88f6f4ce6ab8827279cfffb92266
Gas Limit: 30_000_000 | Used: 10_510_114 | Refunded: 19_489_886
Paid: 0.000475582658500000 ETH (10510114 gas * 0.045250 gwei)
Refunded: 0.000881917341500000 ETH

 INFO Starting executing L1 batch #15
TRACE Fee benchmark for transaction with hash 689738ea532d7ce88856edf834ffeb28b9ae83d849146ba434fe4dbd8e8cdc00
TRACE Gas Limit: 30000000
TRACE Gas spent on computation: 10512917
TRACE Gas spent on pubdata: 1512
TRACE Pubdata published: 18

✅ [SUCCESS] Hash: 0x689738ea532d7ce88856edf834ffeb28b9ae83d849146ba434fe4dbd8e8cdc00
Initiator: 0xf39fd6e51aad88f6f4ce6ab8827279cfffb92266
Payer: 0xf39fd6e51aad88f6f4ce6ab8827279cfffb92266
Gas Limit: 30_000_000 | Used: 10_514_422 | Refunded: 19_485_578
Paid: 0.000475777595500000 ETH (10514422 gas * 0.045250 gwei)
Refunded: 0.000881722404500000 ETH

 INFO Starting executing L1 batch #16
TRACE Fee benchmark for transaction with hash 46c03ab1b52e83a95aa8f563a8d7483c194c6cea6bfaf8abf0b217ec6ee59689
TRACE Gas Limit: 30000000
TRACE Gas spent on computation: 10537661
TRACE Gas spent on pubdata: 1512
TRACE Pubdata published: 18

✅ [SUCCESS] Hash: 0x46c03ab1b52e83a95aa8f563a8d7483c194c6cea6bfaf8abf0b217ec6ee59689
Initiator: 0xf39fd6e51aad88f6f4ce6ab8827279cfffb92266
Payer: 0xf39fd6e51aad88f6f4ce6ab8827279cfffb92266
Gas Limit: 30_000_000 | Used: 10_539_166 | Refunded: 19_460_834
Paid: 0.000476897261500000 ETH (10539166 gas * 0.045250 gwei)
Refunded: 0.000880602738500000 ETH

 INFO Starting executing L1 batch #17
TRACE Fee benchmark for transaction with hash 3a79ad829aa39e988528e57b24765c627ba98728a244ae4cc4ebc0f00f8f47fe
TRACE Gas Limit: 30000000
TRACE Gas spent on computation: 10500779
TRACE Gas spent on pubdata: 1512
TRACE Pubdata published: 18

✅ [SUCCESS] Hash: 0x3a79ad829aa39e988528e57b24765c627ba98728a244ae4cc4ebc0f00f8f47fe
Initiator: 0xf39fd6e51aad88f6f4ce6ab8827279cfffb92266
Payer: 0xf39fd6e51aad88f6f4ce6ab8827279cfffb92266
Gas Limit: 30_000_000 | Used: 10_502_284 | Refunded: 19_497_716
Paid: 0.000475228351000000 ETH (10502284 gas * 0.045250 gwei)
Refunded: 0.000882271649000000 ETH

 INFO Starting executing L1 batch #18
TRACE Fee benchmark for transaction with hash 6d7eda57487008399a9abca8db94f047f6d9c3b5d7c29d35a74a0bba4972ecb4
TRACE Gas Limit: 30000000
TRACE Gas spent on computation: 10552709
TRACE Gas spent on pubdata: 1512
TRACE Pubdata published: 18

✅ [SUCCESS] Hash: 0x6d7eda57487008399a9abca8db94f047f6d9c3b5d7c29d35a74a0bba4972ecb4
Initiator: 0xf39fd6e51aad88f6f4ce6ab8827279cfffb92266
Payer: 0xf39fd6e51aad88f6f4ce6ab8827279cfffb92266
Gas Limit: 30_000_000 | Used: 10_554_214 | Refunded: 19_445_786
Paid: 0.000477578183500000 ETH (10554214 gas * 0.045250 gwei)
Refunded: 0.000879921816500000 ETH

 INFO Starting executing L1 batch #19
TRACE Fee benchmark for transaction with hash 33239b7008d98394f2fdf06ebea8b9ae7e0dca075f1b7631d096ae75461a4aab
TRACE Gas Limit: 30000000
TRACE Gas spent on computation: 10566197
TRACE Gas spent on pubdata: 1512
TRACE Pubdata published: 18

✅ [SUCCESS] Hash: 0x33239b7008d98394f2fdf06ebea8b9ae7e0dca075f1b7631d096ae75461a4aab
Initiator: 0xf39fd6e51aad88f6f4ce6ab8827279cfffb92266
Payer: 0xf39fd6e51aad88f6f4ce6ab8827279cfffb92266
Gas Limit: 30_000_000 | Used: 10_567_702 | Refunded: 19_432_298
Paid: 0.000478188515500000 ETH (10567702 gas * 0.045250 gwei)
Refunded: 0.000879311484500000 ETH

 INFO Starting executing L1 batch #20
TRACE Fee benchmark for transaction with hash b56b689ef29e367ddef38d530ee86b7ca94336646cf54f8663a33bfc0a81d297
TRACE Gas Limit: 30000000
TRACE Gas spent on computation: 10525052
TRACE Gas spent on pubdata: 1512
TRACE Pubdata published: 18

✅ [SUCCESS] Hash: 0xb56b689ef29e367ddef38d530ee86b7ca94336646cf54f8663a33bfc0a81d297
Initiator: 0xf39fd6e51aad88f6f4ce6ab8827279cfffb92266
Payer: 0xf39fd6e51aad88f6f4ce6ab8827279cfffb92266
Gas Limit: 30_000_000 | Used: 10_526_557 | Refunded: 19_473_443
Paid: 0.000476326704250000 ETH (10526557 gas * 0.045250 gwei)
Refunded: 0.000881173295750000 ETH

 INFO Starting executing L1 batch #21
TRACE Fee benchmark for transaction with hash 711e994a7cdcbe012f4504959cbf91377c0e7e2ed0e96f3524f1080b34a9ac54
TRACE Gas Limit: 30000000
TRACE Gas spent on computation: 10547732
TRACE Gas spent on pubdata: 1512
TRACE Pubdata published: 18

✅ [SUCCESS] Hash: 0x711e994a7cdcbe012f4504959cbf91377c0e7e2ed0e96f3524f1080b34a9ac54
Initiator: 0xf39fd6e51aad88f6f4ce6ab8827279cfffb92266
Payer: 0xf39fd6e51aad88f6f4ce6ab8827279cfffb92266
Gas Limit: 30_000_000 | Used: 10_549_237 | Refunded: 19_450_763
Paid: 0.000477352974250000 ETH (10549237 gas * 0.045250 gwei)
Refunded: 0.000880147025750000 ETH

 INFO Starting executing L1 batch #22
TRACE Fee benchmark for transaction with hash 574bfa14d2d7064c69788a88b51e52d53298b5d351e925e5b66d9f93d30dac9e
TRACE Gas Limit: 30000000
TRACE Gas spent on computation: 10500650
TRACE Gas spent on pubdata: 1512
TRACE Pubdata published: 18

✅ [SUCCESS] Hash: 0x574bfa14d2d7064c69788a88b51e52d53298b5d351e925e5b66d9f93d30dac9e
Initiator: 0xf39fd6e51aad88f6f4ce6ab8827279cfffb92266
Payer: 0xf39fd6e51aad88f6f4ce6ab8827279cfffb92266
Gas Limit: 30_000_000 | Used: 10_502_155 | Refunded: 19_497_845
Paid: 0.000475222513750000 ETH (10502155 gas * 0.045250 gwei)
Refunded: 0.000882277486250000 ETH

 INFO Starting executing L1 batch #23
TRACE Fee benchmark for transaction with hash ae28cb4d170f301480280107c65f1d7b6fede3fb65dc128a8810f8f934cb0073
TRACE Gas Limit: 30000000
TRACE Gas spent on computation: 10504958
TRACE Gas spent on pubdata: 1512
TRACE Pubdata published: 18

✅ [SUCCESS] Hash: 0xae28cb4d170f301480280107c65f1d7b6fede3fb65dc128a8810f8f934cb0073
Initiator: 0xf39fd6e51aad88f6f4ce6ab8827279cfffb92266
Payer: 0xf39fd6e51aad88f6f4ce6ab8827279cfffb92266
Gas Limit: 30_000_000 | Used: 10_506_463 | Refunded: 19_493_537
Paid: 0.000475417450750000 ETH (10506463 gas * 0.045250 gwei)
Refunded: 0.000882082549250000 ETH

 INFO Starting executing L1 batch #24
TRACE Fee benchmark for transaction with hash 729b8494678062163439babb0a832ecbc8822b75a096a578fc669c3da8a44a16
TRACE Gas Limit: 30000000
TRACE Gas spent on computation: 10529702
TRACE Gas spent on pubdata: 1512
TRACE Pubdata published: 18

✅ [SUCCESS] Hash: 0x729b8494678062163439babb0a832ecbc8822b75a096a578fc669c3da8a44a16
Initiator: 0xf39fd6e51aad88f6f4ce6ab8827279cfffb92266
Payer: 0xf39fd6e51aad88f6f4ce6ab8827279cfffb92266
Gas Limit: 30_000_000 | Used: 10_531_207 | Refunded: 19_468_793
Paid: 0.000476537116750000 ETH (10531207 gas * 0.045250 gwei)
Refunded: 0.000880962883250000 ETH

 INFO Starting executing L1 batch #25
TRACE Fee benchmark for transaction with hash ac5e70ac0339f90e947f9d8aed379528c23c14f2e039d7abac0a6a8fcb2df270
TRACE Gas Limit: 30000000
TRACE Gas spent on computation: 10492820
TRACE Gas spent on pubdata: 1512
TRACE Pubdata published: 18

✅ [SUCCESS] Hash: 0xac5e70ac0339f90e947f9d8aed379528c23c14f2e039d7abac0a6a8fcb2df270
Initiator: 0xf39fd6e51aad88f6f4ce6ab8827279cfffb92266
Payer: 0xf39fd6e51aad88f6f4ce6ab8827279cfffb92266
Gas Limit: 30_000_000 | Used: 10_494_325 | Refunded: 19_505_675
Paid: 0.000474868206250000 ETH (10494325 gas * 0.045250 gwei)
Refunded: 0.000882631793750000 ETH

 INFO Starting executing L1 batch #26
TRACE Fee benchmark for transaction with hash d93f03118b9644432f362bbfe08d06dac2eb1640c7e773033ab6bb582a5110f7
TRACE Gas Limit: 30000000
TRACE Gas spent on computation: 10544750
TRACE Gas spent on pubdata: 1512
TRACE Pubdata published: 18

✅ [SUCCESS] Hash: 0xd93f03118b9644432f362bbfe08d06dac2eb1640c7e773033ab6bb582a5110f7
Initiator: 0xf39fd6e51aad88f6f4ce6ab8827279cfffb92266
Payer: 0xf39fd6e51aad88f6f4ce6ab8827279cfffb92266
Gas Limit: 30_000_000 | Used: 10_546_255 | Refunded: 19_453_745
Paid: 0.000477218038750000 ETH (10546255 gas * 0.045250 gwei)
Refunded: 0.000880281961250000 ETH

 INFO Starting executing L1 batch #27
TRACE Fee benchmark for transaction with hash 6d6d96c3a36c54cb84be87b327ed30216aa103d42ab6336a5180f17bad6cb8c9
TRACE Gas Limit: 30000000
TRACE Gas spent on computation: 10558238
TRACE Gas spent on pubdata: 1512
TRACE Pubdata published: 18

✅ [SUCCESS] Hash: 0x6d6d96c3a36c54cb84be87b327ed30216aa103d42ab6336a5180f17bad6cb8c9
Initiator: 0xf39fd6e51aad88f6f4ce6ab8827279cfffb92266
Payer: 0xf39fd6e51aad88f6f4ce6ab8827279cfffb92266
Gas Limit: 30_000_000 | Used: 10_559_743 | Refunded: 19_440_257
Paid: 0.000477828370750000 ETH (10559743 gas * 0.045250 gwei)
Refunded: 0.000879671629250000 ETH

 INFO Starting executing L1 batch #28
TRACE Fee benchmark for transaction with hash 2d034cc08d423974544b19a84056f34d3627cc0703b4d628a42cda40050a443c
TRACE Gas Limit: 30000000
TRACE Gas spent on computation: 10525052
TRACE Gas spent on pubdata: 1512
TRACE Pubdata published: 18

✅ [SUCCESS] Hash: 0x2d034cc08d423974544b19a84056f34d3627cc0703b4d628a42cda40050a443c
Initiator: 0xf39fd6e51aad88f6f4ce6ab8827279cfffb92266
Payer: 0xf39fd6e51aad88f6f4ce6ab8827279cfffb92266
Gas Limit: 30_000_000 | Used: 10_526_557 | Refunded: 19_473_443
Paid: 0.000476326704250000 ETH (10526557 gas * 0.045250 gwei)
Refunded: 0.000881173295750000 ETH

 INFO Starting executing L1 batch #29
TRACE Fee benchmark for transaction with hash 80328805d95cb43159966052e03ef6a6219f0b930d7d4ca26f66ee9b83a9abde
TRACE Gas Limit: 30000000
TRACE Gas spent on computation: 116660
TRACE Gas spent on pubdata: 1512
TRACE Pubdata published: 18

❌ [FAILED] Hash: 0x80328805d95cb43159966052e03ef6a6219f0b930d7d4ca26f66ee9b83a9abde
Initiator: 0xf39fd6e51aad88f6f4ce6ab8827279cfffb92266
Payer: 0xf39fd6e51aad88f6f4ce6ab8827279cfffb92266
Gas Limit: 30_000_000 | Used: 118_165 | Refunded: 29_881_835
Paid: 0.000005346966250000 ETH (118165 gas * 0.045250 gwei)
Refunded: 0.001352153033750000 ETH

