 INFO initializing system contracts protocol_version=29 use_evm_emulator=false zksync_os.zksync_os=false


                      _  _         _____ _  __
  __ _  _ __  __   __(_)| |       |__  /| |/ / ___  _   _  _ __    ___
 / _` || '_ \ \ \ / /| || | _____   / / | ' / / __|| | | || '_ \  / __|
| (_| || | | | \ V / | || ||_____| / /_ | . \ \__ \| |_| || | | || (__
 \__,_||_| |_|  \_/  |_||_|       /____||_|\_\|___/ \__, ||_| |_| \___|
                                                    |___/

Version:        0.6.11
Repository:     https://github.com/matter-labs/anvil-zksync



Rich Accounts
========================
(0) 0xf39Fd6e51aad88F6F4ce6aB8827279cffFb92266 (10000.000000000000000000 ETH)
(1) 0x70997970C51812dc3A010C7d01b50e0d17dc79C8 (10000.000000000000000000 ETH)



Private Keys
========================
(0) 0xac0974bec39a17e36ba4a6b4d238ff944bacb478cbed5efcae784d7bf4f2ff80
(1) 0x59c6995e998f97a5a0044966f0945389dc9e86dae88c7a8412f4603b6b78690d



Wallet
========================
Mnemonic:            test test test test test test test test test test test junk
Derivation path:     m/44'/60'/0'/0/0


Network Configuration
========================
Chain ID: 260


Gas Configuration
========================
L1 Gas Price (gwei):               2.365348 gwei
L2 Gas Price (gwei):               0.045250 gwei
L1 Pubdata Price (gwei):           0.000000 gwei
Estimated Gas Price Scale Factor:  2
Estimated Gas Limit Scale Factor:  1.3


Genesis Timestamp
========================
1000


Node Configuration
========================
Port:                  18011
EVM Interpreter:       Disabled
Health Check Endpoint: Disabled
ZKsync OS:             Disabled
L1:                    Disabled


========================================
  Listening on 127.0.0.1:18011
========================================

 INFO Starting executing L1 batch #1
TRACE Fee benchmark for transaction with hash 6e13d1266c76845700d36ab0f7fc8afd699fe137340df77b9f10fe3e6043ddd5
TRACE Gas Limit: 400000000
TRACE Gas spent on computation: 5970165
TRACE Gas spent on pubdata: 4274844
TRACE Pubdata published: 50891

✅ [SUCCESS] Hash: 0x6e13d1266c76845700d36ab0f7fc8afd699fe137340df77b9f10fe3e6043ddd5
Initiator: 0xf39fd6e51aad88f6f4ce6ab8827279cfffb92266
Payer: 0xf39fd6e51aad88f6f4ce6ab8827279cfffb92266
Gas Limit: 400_000_000 | Used: 10_226_517 | Refunded: 389_773_483
Paid: 0.000462749894250000 ETH (10226517 gas * 0.045250 gwei)
Refunded: 0.017637250105750000 ETH

 INFO Starting executing L1 batch #2
TRACE Fee benchmark for transaction with hash cc570b5406997735fb29c086a7ec8748c8bbe9d8ef167443b8d002ab0aa61e36
TRACE Gas Limit: 200000000
TRACE Gas spent on computation: 720491
TRACE Gas spent on pubdata: 444612
TRACE Pubdata published: 5293

✅ [SUCCESS] Hash: 0xcc570b5406997735fb29c086a7ec8748c8bbe9d8ef167443b8d002ab0aa61e36
Initiator: 0xf39fd6e51aad88f6f4ce6ab8827279cfffb92266
Payer: 0xf39fd6e51aad88f6f4ce6ab8827279cfffb92266
Gas Limit: 200_000_000 | Used: 1_163_179 | Refunded: 198_836_821
Paid: 0.000052633849750000 ETH (1163179 gas * 0.045250 gwei)
Refunded: 0.008997366150250000 ETH

 INFO Starting executing L1 batch #3
TRACE Fee benchmark for transaction with hash 161536358035cb033f5a07669678470d417f952749c9e6bebf1f3bfd7b947e10
TRACE Gas Limit: 30000000
TRACE Gas spent on computation: 124461
TRACE Gas spent on pubdata: 4368
TRACE Pubdata published: 52

✅ [SUCCESS] Hash: 0x161536358035cb033f5a07669678470d417f952749c9e6bebf1f3bfd7b947e10
Initiator: 0xf39fd6e51aad88f6f4ce6ab8827279cfffb92266
Payer: 0xf39fd6e51aad88f6f4ce6ab8827279cfffb92266
Gas Limit: 30_000_000 | Used: 128_810 | Refunded: 29_871_190
Paid: 0.000005828652500000 ETH (128810 gas * 0.045250 gwei)
Refunded: 0.001351671347500000 ETH

 INFO Starting executing L1 batch #4
TRACE Fee benchmark for transaction with hash 4b262f4a23ee588c944c83a9e8b5e9615af5808ed2820a097651b2a9d618c783
TRACE Gas Limit: 30000000
TRACE Gas spent on computation: 124781
TRACE Gas spent on pubdata: 4368
TRACE Pubdata published: 52

✅ [SUCCESS] Hash: 0x4b262f4a23ee588c944c83a9e8b5e9615af5808ed2820a097651b2a9d618c783
Initiator: 0xf39fd6e51aad88f6f4ce6ab8827279cfffb92266
Payer: 0xf39fd6e51aad88f6f4ce6ab8827279cfffb92266
Gas Limit: 30_000_000 | Used: 129_130 | Refunded: 29_870_870
Paid: 0.000005843132500000 ETH (129130 gas * 0.045250 gwei)
Refunded: 0.001351656867500000 ETH

 INFO Starting executing L1 batch #5
TRACE Fee benchmark for transaction with hash 64b737f728f81da9255443edb3bfe8ed365954f3dd4b3d74dc9188af7b08a2b9
TRACE Gas Limit: 30000000
TRACE Gas spent on computation: 124781
TRACE Gas spent on pubdata: 4368
TRACE Pubdata published: 52

✅ [SUCCESS] Hash: 0x64b737f728f81da9255443edb3bfe8ed365954f3dd4b3d74dc9188af7b08a2b9
Initiator: 0xf39fd6e51aad88f6f4ce6ab8827279cfffb92266
Payer: 0xf39fd6e51aad88f6f4ce6ab8827279cfffb92266
Gas Limit: 30_000_000 | Used: 129_130 | Refunded: 29_870_870
Paid: 0.000005843132500000 ETH (129130 gas * 0.045250 gwei)
Refunded: 0.001351656867500000 ETH

 INFO Starting executing L1 batch #6
TRACE Fee benchmark for transaction with hash 9579239f5d2370e2e29074b8ddd10bd801d95c95ac52b1291f001544e6455129
TRACE Gas Limit: 30000000
TRACE Gas spent on computation: 124781
TRACE Gas spent on pubdata: 4368
TRACE Pubdata published: 52

✅ [SUCCESS] Hash: 0x9579239f5d2370e2e29074b8ddd10bd801d95c95ac52b1291f001544e6455129
Initiator: 0xf39fd6e51aad88f6f4ce6ab8827279cfffb92266
Payer: 0xf39fd6e51aad88f6f4ce6ab8827279cfffb92266
Gas Limit: 30_000_000 | Used: 129_130 | Refunded: 29_870_870
Paid: 0.000005843132500000 ETH (129130 gas * 0.045250 gwei)
Refunded: 0.001351656867500000 ETH

 INFO Starting executing L1 batch #7
TRACE Fee benchmark for transaction with hash 57b7bb40ede9c655795bee9d3da2656fe4fbac18b65b799bfa139bc980881eda
TRACE Gas Limit: 30000000
TRACE Gas spent on computation: 124781
TRACE Gas spent on pubdata: 4368
TRACE Pubdata published: 52

✅ [SUCCESS] Hash: 0x57b7bb40ede9c655795bee9d3da2656fe4fbac18b65b799bfa139bc980881eda
Initiator: 0xf39fd6e51aad88f6f4ce6ab8827279cfffb92266
Payer: 0xf39fd6e51aad88f6f4ce6ab8827279cfffb92266
Gas Limit: 30_000_000 | Used: 129_130 | Refunded: 29_870_870
Paid: 0.000005843132500000 ETH (129130 gas * 0.045250 gwei)
Refunded: 0.001351656867500000 ETH

 INFO Starting executing L1 batch #8
TRACE Fee benchmark for transaction with hash a8244a8da284c786069056bc2727c753ade54ff21dfc7e554d08c4573774696e
TRACE Gas Limit: 30000000
TRACE Gas spent on computation: 124781
TRACE Gas spent on pubdata: 4368
TRACE Pubdata published: 52

✅ [SUCCESS] Hash: 0xa8244a8da284c786069056bc2727c753ade54ff21dfc7e554d08c4573774696e
Initiator: 0xf39fd6e51aad88f6f4ce6ab8827279cfffb92266
Payer: 0xf39fd6e51aad88f6f4ce6ab8827279cfffb92266
Gas Limit: 30_000_000 | Used: 129_130 | Refunded: 29_870_870
Paid: 0.000005843132500000 ETH (129130 gas * 0.045250 gwei)
Refunded: 0.001351656867500000 ETH

 INFO Starting executing L1 batch #9
TRACE Fee benchmark for transaction with hash 07a6a92247db8d4d7bd52a90c3149bdd74770235d2c83d951fdef209cedca40f
TRACE Gas Limit: 30000000
TRACE Gas spent on computation: 124781
TRACE Gas spent on pubdata: 4368
TRACE Pubdata published: 52

✅ [SUCCESS] Hash: 0x07a6a92247db8d4d7bd52a90c3149bdd74770235d2c83d951fdef209cedca40f
Initiator: 0xf39fd6e51aad88f6f4ce6ab8827279cfffb92266
Payer: 0xf39fd6e51aad88f6f4ce6ab8827279cfffb92266
Gas Limit: 30_000_000 | Used: 129_130 | Refunded: 29_870_870
Paid: 0.000005843132500000 ETH (129130 gas * 0.045250 gwei)
Refunded: 0.001351656867500000 ETH

 INFO Starting executing L1 batch #10
TRACE Fee benchmark for transaction with hash 7d8c9aa558fa49fac28f265988e4576f7d4a2d08da603b7b58847b4ef8aa4676
TRACE Gas Limit: 30000000
TRACE Gas spent on computation: 124781
TRACE Gas spent on pubdata: 4368
TRACE Pubdata published: 52

✅ [SUCCESS] Hash: 0x7d8c9aa558fa49fac28f265988e4576f7d4a2d08da603b7b58847b4ef8aa4676
Initiator: 0xf39fd6e51aad88f6f4ce6ab8827279cfffb92266
Payer: 0xf39fd6e51aad88f6f4ce6ab8827279cfffb92266
Gas Limit: 30_000_000 | Used: 129_130 | Refunded: 29_870_870
Paid: 0.000005843132500000 ETH (129130 gas * 0.045250 gwei)
Refunded: 0.001351656867500000 ETH

 INFO Starting executing L1 batch #11
TRACE Fee benchmark for transaction with hash d0ade75bb8a2dfc9e1a516fe155886c804efe0b0bfcf123490a37e7c30ead4b7
TRACE Gas Limit: 30000000
TRACE Gas spent on computation: 124781
TRACE Gas spent on pubdata: 4368
TRACE Pubdata published: 52

✅ [SUCCESS] Hash: 0xd0ade75bb8a2dfc9e1a516fe155886c804efe0b0bfcf123490a37e7c30ead4b7
Initiator: 0xf39fd6e51aad88f6f4ce6ab8827279cfffb92266
Payer: 0xf39fd6e51aad88f6f4ce6ab8827279cfffb92266
Gas Limit: 30_000_000 | Used: 129_130 | Refunded: 29_870_870
Paid: 0.000005843132500000 ETH (129130 gas * 0.045250 gwei)
Refunded: 0.001351656867500000 ETH

 INFO Starting executing L1 batch #12
TRACE Fee benchmark for transaction with hash 9d8124b8b114d3729ea22cb240d4efabcef98bca1b26e256e10e6768469d3e00
TRACE Gas Limit: 30000000
TRACE Gas spent on computation: 519919
TRACE Gas spent on pubdata: 1512
TRACE Pubdata published: 18

✅ [SUCCESS] Hash: 0x9d8124b8b114d3729ea22cb240d4efabcef98bca1b26e256e10e6768469d3e00
Initiator: 0xf39fd6e51aad88f6f4ce6ab8827279cfffb92266
Payer: 0xf39fd6e51aad88f6f4ce6ab8827279cfffb92266
Gas Limit: 30_000_000 | Used: 521_424 | Refunded: 29_478_576
Paid: 0.000023594436000000 ETH (521424 gas * 0.045250 gwei)
Refunded: 0.001333905564000000 ETH

 INFO Starting executing L1 batch #13
TRACE Fee benchmark for transaction with hash eadf3ddc387656144903c55c373afd1dbb77d1c306fe3bac439cc37b2dc20329
TRACE Gas Limit: 30000000
TRACE Gas spent on computation: 523375
TRACE Gas spent on pubdata: 1512
TRACE Pubdata published: 18

✅ [SUCCESS] Hash: 0xeadf3ddc387656144903c55c373afd1dbb77d1c306fe3bac439cc37b2dc20329
Initiator: 0xf39fd6e51aad88f6f4ce6ab8827279cfffb92266
Payer: 0xf39fd6e51aad88f6f4ce6ab8827279cfffb92266
Gas Limit: 30_000_000 | Used: 524_880 | Refunded: 29_475_120
Paid: 0.000023750820000000 ETH (524880 gas * 0.045250 gwei)
Refunded: 0.001333749180000000 ETH

 INFO Starting executing L1 batch #14
TRACE Fee benchmark for transaction with hash 69aa1eb3fb50fc22e0955e3ed586a5f43a38eb62c1cef08b34ded9f78c4d9d1d
TRACE Gas Limit: 30000000
TRACE Gas spent on computation: 522043
TRACE Gas spent on pubdata: 1512
TRACE Pubdata published: 18

✅ [SUCCESS] Hash: 0x69aa1eb3fb50fc22e0955e3ed586a5f43a38eb62c1cef08b34ded9f78c4d9d1d
Initiator: 0xf39fd6e51aad88f6f4ce6ab8827279cfffb92266
Payer: 0xf39fd6e51aad88f6f4ce6ab8827279cfffb92266
Gas Limit: 30_000_000 | Used: 523_548 | Refunded: 29_476_452
Paid: 0.000023690547000000 ETH (523548 gas * 0.045250 gwei)
Refunded: 0.001333809453000000 ETH

 INFO Starting executing L1 batch #15
TRACE Fee benchmark for transaction with hash 49e0eae1cfa2e6c3ab0f12ee34b62d3911c6ade13bb5cb4d97a0625fc9f90ee3
TRACE Gas Limit: 30000000
TRACE Gas spent on computation: 519631
TRACE Gas spent on pubdata: 1512
TRACE Pubdata published: 18

✅ [SUCCESS] Hash: 0x49e0eae1cfa2e6c3ab0f12ee34b62d3911c6ade13bb5cb4d97a0625fc9f90ee3
Initiator: 0xf39fd6e51aad88f6f4ce6ab8827279cfffb92266
Payer: 0xf39fd6e51aad88f6f4ce6ab8827279cfffb92266
Gas Limit: 30_000_000 | Used: 521_136 | Refunded: 29_478_864
Paid: 0.000023581404000000 ETH (521136 gas * 0.045250 gwei)
Refunded: 0.001333918596000000 ETH

 INFO Starting executing L1 batch #16
TRACE Fee benchmark for transaction with hash 12ed1525c29b459a24b0ec781a1b299eebecc278e5cc00e917cde42de8b8a79a
TRACE Gas Limit: 30000000
TRACE Gas spent on computation: 520153
TRACE Gas spent on pubdata: 1512
TRACE Pubdata published: 18

✅ [SUCCESS] Hash: 0x12ed1525c29b459a24b0ec781a1b299eebecc278e5cc00e917cde42de8b8a79a
Initiator: 0xf39fd6e51aad88f6f4ce6ab8827279cfffb92266
Payer: 0xf39fd6e51aad88f6f4ce6ab8827279cfffb92266
Gas Limit: 30_000_000 | Used: 521_658 | Refunded: 29_478_342
Paid: 0.000023605024500000 ETH (521658 gas * 0.045250 gwei)
Refunded: 0.001333894975500000 ETH

 INFO Starting executing L1 batch #17
TRACE Fee benchmark for transaction with hash 59b84363c6fbc648fc5fab2346a0dd9ab73c346eb6882cf3ee49cb4b2d736455
TRACE Gas Limit: 30000000
TRACE Gas spent on computation: 521941
TRACE Gas spent on pubdata: 1512
TRACE Pubdata published: 18

✅ [SUCCESS] Hash: 0x59b84363c6fbc648fc5fab2346a0dd9ab73c346eb6882cf3ee49cb4b2d736455
Initiator: 0xf39fd6e51aad88f6f4ce6ab8827279cfffb92266
Payer: 0xf39fd6e51aad88f6f4ce6ab8827279cfffb92266
Gas Limit: 30_000_000 | Used: 523_446 | Refunded: 29_476_554
Paid: 0.000023685931500000 ETH (523446 gas * 0.045250 gwei)
Refunded: 0.001333814068500000 ETH

 INFO Starting executing L1 batch #18
TRACE Fee benchmark for transaction with hash d0e3e5df0c5d63daef22d48f1d6c50da6b6abd033e4666fc5fdd1e3189375a67
TRACE Gas Limit: 30000000
TRACE Gas spent on computation: 518719
TRACE Gas spent on pubdata: 1512
TRACE Pubdata published: 18

✅ [SUCCESS] Hash: 0xd0e3e5df0c5d63daef22d48f1d6c50da6b6abd033e4666fc5fdd1e3189375a67
Initiator: 0xf39fd6e51aad88f6f4ce6ab8827279cfffb92266
Payer: 0xf39fd6e51aad88f6f4ce6ab8827279cfffb92266
Gas Limit: 30_000_000 | Used: 520_224 | Refunded: 29_479_776
Paid: 0.000023540136000000 ETH (520224 gas * 0.045250 gwei)
Refunded: 0.001333959864000000 ETH

 INFO Starting executing L1 batch #19
TRACE Fee benchmark for transaction with hash fb2bf2bfa36cf9564beba788bfaf48bf2d7f48d069bdc94aeaa5d890091cfd7a
TRACE Gas Limit: 30000000
TRACE Gas spent on computation: 519697
TRACE Gas spent on pubdata: 1512
TRACE Pubdata published: 18

✅ [SUCCESS] Hash: 0xfb2bf2bfa36cf9564beba788bfaf48bf2d7f48d069bdc94aeaa5d890091cfd7a
Initiator: 0xf39fd6e51aad88f6f4ce6ab8827279cfffb92266
Payer: 0xf39fd6e51aad88f6f4ce6ab8827279cfffb92266
Gas Limit: 30_000_000 | Used: 521_202 | Refunded: 29_478_798
Paid: 0.000023584390500000 ETH (521202 gas * 0.045250 gwei)
Refunded: 0.001333915609500000 ETH

 INFO Starting executing L1 batch #20
TRACE Fee benchmark for transaction with hash 6d9aaeb57b496952f20c2a4e820b3595805bf39d5444861847b3b458e4c88674
TRACE Gas Limit: 30000000
TRACE Gas spent on computation: 511460
TRACE Gas spent on pubdata: 1512
TRACE Pubdata published: 18

✅ [SUCCESS] Hash: 0x6d9aaeb57b496952f20c2a4e820b3595805bf39d5444861847b3b458e4c88674
Initiator: 0xf39fd6e51aad88f6f4ce6ab8827279cfffb92266
Payer: 0xf39fd6e51aad88f6f4ce6ab8827279cfffb92266
Gas Limit: 30_000_000 | Used: 512_965 | Refunded: 29_487_035
Paid: 0.000023211666250000 ETH (512965 gas * 0.045250 gwei)
Refunded: 0.001334288333750000 ETH

 INFO Starting executing L1 batch #21
TRACE Fee benchmark for transaction with hash e472afb5d2837d9a96023e85dbb265a4ad2c885bdda8c5ea0571c0ce69b56f5c
TRACE Gas Limit: 30000000
TRACE Gas spent on computation: 514916
TRACE Gas spent on pubdata: 1512
TRACE Pubdata published: 18

✅ [SUCCESS] Hash: 0xe472afb5d2837d9a96023e85dbb265a4ad2c885bdda8c5ea0571c0ce69b56f5c
Initiator: 0xf39fd6e51aad88f6f4ce6ab8827279cfffb92266
Payer: 0xf39fd6e51aad88f6f4ce6ab8827279cfffb92266
Gas Limit: 30_000_000 | Used: 516_421 | Refunded: 29_483_579
Paid: 0.000023368050250000 ETH (516421 gas * 0.045250 gwei)
Refunded: 0.001334131949750000 ETH

 INFO Starting executing L1 batch #22
TRACE Fee benchmark for transaction with hash 18db9563e87d3da6cb13f95c688f909a926f9a83f387deda43f9f41d6de69827
TRACE Gas Limit: 30000000
TRACE Gas spent on computation: 513584
TRACE Gas spent on pubdata: 1512
TRACE Pubdata published: 18

✅ [SUCCESS] Hash: 0x18db9563e87d3da6cb13f95c688f909a926f9a83f387deda43f9f41d6de69827
Initiator: 0xf39fd6e51aad88f6f4ce6ab8827279cfffb92266
Payer: 0xf39fd6e51aad88f6f4ce6ab8827279cfffb92266
Gas Limit: 30_000_000 | Used: 515_089 | Refunded: 29_484_911
Paid: 0.000023307777250000 ETH (515089 gas * 0.045250 gwei)
Refunded: 0.001334192222750000 ETH

 INFO Starting executing L1 batch #23
TRACE Fee benchmark for transaction with hash 37cbedc3e4b2b8c21d689771240c483275e35377b00aaae0539efe6d842256d4
TRACE Gas Limit: 30000000
TRACE Gas spent on computation: 511172
TRACE Gas spent on pubdata: 1512
TRACE Pubdata published: 18

✅ [SUCCESS] Hash: 0x37cbedc3e4b2b8c21d689771240c483275e35377b00aaae0539efe6d842256d4
Initiator: 0xf39fd6e51aad88f6f4ce6ab8827279cfffb92266
Payer: 0xf39fd6e51aad88f6f4ce6ab8827279cfffb92266
Gas Limit: 30_000_000 | Used: 512_677 | Refunded: 29_487_323
Paid: 0.000023198634250000 ETH (512677 gas * 0.045250 gwei)
Refunded: 0.001334301365750000 ETH

 INFO Starting executing L1 batch #24
TRACE Fee benchmark for transaction with hash ba9db533261c508c26c43a36c4df4095aa9f68c80bbf0fd617772279c91a8390
TRACE Gas Limit: 30000000
TRACE Gas spent on computation: 511694
TRACE Gas spent on pubdata: 1512
TRACE Pubdata published: 18

✅ [SUCCESS] Hash: 0xba9db533261c508c26c43a36c4df4095aa9f68c80bbf0fd617772279c91a8390
Initiator: 0xf39fd6e51aad88f6f4ce6ab8827279cfffb92266
Payer: 0xf39fd6e51aad88f6f4ce6ab8827279cfffb92266
Gas Limit: 30_000_000 | Used: 513_199 | Refunded: 29_486_801
Paid: 0.000023222254750000 ETH (513199 gas * 0.045250 gwei)
Refunded: 0.001334277745250000 ETH

 INFO Starting executing L1 batch #25
TRACE Fee benchmark for transaction with hash 450089dc40cf64bb5cd35594a5bbe45a362cbda0ddc2a6f6531e289b5ef3ff5a
TRACE Gas Limit: 30000000
TRACE Gas spent on computation: 513482
TRACE Gas spent on pubdata: 1512
TRACE Pubdata published: 18

✅ [SUCCESS] Hash: 0x450089dc40cf64bb5cd35594a5bbe45a362cbda0ddc2a6f6531e289b5ef3ff5a
Initiator: 0xf39fd6e51aad88f6f4ce6ab8827279cfffb92266
Payer: 0xf39fd6e51aad88f6f4ce6ab8827279cfffb92266
Gas Limit: 30_000_000 | Used: 514_987 | Refunded: 29_485_013
Paid: 0.000023303161750000 ETH (514987 gas * 0.045250 gwei)
Refunded: 0.001334196838250000 ETH

 INFO Starting executing L1 batch #26
TRACE Fee benchmark for transaction with hash da1c2c4ea37463b6232f7e76380c596cd9f1b1d939f00f937df5c674cc91c946
TRACE Gas Limit: 30000000
TRACE Gas spent on computation: 510260
TRACE Gas spent on pubdata: 1512
TRACE Pubdata published: 18

✅ [SUCCESS] Hash: 0xda1c2c4ea37463b6232f7e76380c596cd9f1b1d939f00f937df5c674cc91c946
Initiator: 0xf39fd6e51aad88f6f4ce6ab8827279cfffb92266
Payer: 0xf39fd6e51aad88f6f4ce6ab8827279cfffb92266
Gas Limit: 30_000_000 | Used: 511_765 | Refunded: 29_488_235
Paid: 0.000023157366250000 ETH (511765 gas * 0.045250 gwei)
Refunded: 0.001334342633750000 ETH

 INFO Starting executing L1 batch #27
TRACE Fee benchmark for transaction with hash 8a783b08b52add5058855ce415c69afdaa1f4795c63d5a03770bc07449507967
TRACE Gas Limit: 30000000
TRACE Gas spent on computation: 511238
TRACE Gas spent on pubdata: 1512
TRACE Pubdata published: 18

✅ [SUCCESS] Hash: 0x8a783b08b52add5058855ce415c69afdaa1f4795c63d5a03770bc07449507967
Initiator: 0xf39fd6e51aad88f6f4ce6ab8827279cfffb92266
Payer: 0xf39fd6e51aad88f6f4ce6ab8827279cfffb92266
Gas Limit: 30_000_000 | Used: 512_743 | Refunded: 29_487_257
Paid: 0.000023201620750000 ETH (512743 gas * 0.045250 gwei)
Refunded: 0.001334298379250000 ETH

 INFO Starting executing L1 batch #28
TRACE Fee benchmark for transaction with hash 0c98a669e37a1ea402330cc046b4d81479239f5ca09c069e9564413560c8ba21
TRACE Gas Limit: 30000000
TRACE Gas spent on computation: 511460
TRACE Gas spent on pubdata: 1512
TRACE Pubdata published: 18

✅ [SUCCESS] Hash: 0x0c98a669e37a1ea402330cc046b4d81479239f5ca09c069e9564413560c8ba21
Initiator: 0xf39fd6e51aad88f6f4ce6ab8827279cfffb92266
Payer: 0xf39fd6e51aad88f6f4ce6ab8827279cfffb92266
Gas Limit: 30_000_000 | Used: 512_965 | Refunded: 29_487_035
Paid: 0.000023211666250000 ETH (512965 gas * 0.045250 gwei)
Refunded: 0.001334288333750000 ETH

 INFO Starting executing L1 batch #29
TRACE Fee benchmark for transaction with hash 74d41f5fed40d58a8d27e528b9279a723bb875036b18aa6a93054b7cf6e55392
TRACE Gas Limit: 30000000
TRACE Gas spent on computation: 119080
TRACE Gas spent on pubdata: 1512
TRACE Pubdata published: 18

❌ [FAILED] Hash: 0x74d41f5fed40d58a8d27e528b9279a723bb875036b18aa6a93054b7cf6e55392
Initiator: 0xf39fd6e51aad88f6f4ce6ab8827279cfffb92266
Payer: 0xf39fd6e51aad88f6f4ce6ab8827279cfffb92266
Gas Limit: 30_000_000 | Used: 120_585 | Refunded: 29_879_415
Paid: 0.000005456471250000 ETH (120585 gas * 0.045250 gwei)
Refunded: 0.001352043528750000 ETH

