 INFO initializing system contracts protocol_version=29 use_evm_emulator=false zksync_os.zksync_os=false
 INFO Starting executing L1 batch #1
TRACE Fee benchmark for transaction with hash 5fa2f1622e890468b3530fddf01b896ca24c50cae5c89918a12232ac8571371e
TRACE Gas Limit: 400000000
TRACE Gas spent on computation: 3533555
TRACE Gas spent on pubdata: 2522940
TRACE Pubdata published: 30035
 INFO Starting executing L1 batch #2
TRACE Fee benchmark for transaction with hash 095d3bcdd6531682da1bd6596c6cd7a0660f508a046c1eb5eba186b1ffdc8aab
TRACE Gas Limit: 200000000
TRACE Gas spent on computation: 719851
TRACE Gas spent on pubdata: 443940
TRACE Pubdata published: 5285
 INFO Starting executing L1 batch #3
TRACE Fee benchmark for transaction with hash 161536358035cb033f5a07669678470d417f952749c9e6bebf1f3bfd7b947e10
TRACE Gas Limit: 30000000
TRACE Gas spent on computation: 124461
TRACE Gas spent on pubdata: 4368
TRACE Pubdata published: 52
 INFO Starting executing L1 batch #4
TRACE Fee benchmark for transaction with hash 4b262f4a23ee588c944c83a9e8b5e9615af5808ed2820a097651b2a9d618c783
TRACE Gas Limit: 30000000
TRACE Gas spent on computation: 124781
TRACE Gas spent on pubdata: 4368
TRACE Pubdata published: 52
 INFO Starting executing L1 batch #5
TRACE Fee benchmark for transaction with hash 64b737f728f81da9255443edb3bfe8ed365954f3dd4b3d74dc9188af7b08a2b9
TRACE Gas Limit: 30000000
TRACE Gas spent on computation: 124781
TRACE Gas spent on pubdata: 4368
TRACE Pubdata published: 52
 INFO Starting executing L1 batch #6
TRACE Fee benchmark for transaction with hash 9579239f5d2370e2e29074b8ddd10bd801d95c95ac52b1291f001544e6455129
TRACE Gas Limit: 30000000
TRACE Gas spent on computation: 124781
TRACE Gas spent on pubdata: 4368
TRACE Pubdata published: 52
 INFO Starting executing L1 batch #7
TRACE Fee benchmark for transaction with hash 57b7bb40ede9c655795bee9d3da2656fe4fbac18b65b799bfa139bc980881eda
TRACE Gas Limit: 30000000
TRACE Gas spent on computation: 124781
TRACE Gas spent on pubdata: 4368
TRACE Pubdata published: 52
 INFO Starting executing L1 batch #8
TRACE Fee benchmark for transaction with hash a8244a8da284c786069056bc2727c753ade54ff21dfc7e554d08c4573774696e
TRACE Gas Limit: 30000000
TRACE Gas spent on computation: 124781
TRACE Gas spent on pubdata: 4368
TRACE Pubdata published: 52
 INFO Starting executing L1 batch #9
TRACE Fee benchmark for transaction with hash 07a6a92247db8d4d7bd52a90c3149bdd74770235d2c83d951fdef209cedca40f
TRACE Gas Limit: 30000000
TRACE Gas spent on computation: 124781
TRACE Gas spent on pubdata: 4368
TRACE Pubdata published: 52
 INFO Starting executing L1 batch #10
TRACE Fee benchmark for transaction with hash 7d8c9aa558fa49fac28f265988e4576f7d4a2d08da603b7b58847b4ef8aa4676
TRACE Gas Limit: 30000000
TRACE Gas spent on computation: 124781
TRACE Gas spent on pubdata: 4368
TRACE Pubdata published: 52
 INFO Starting executing L1 batch #11
TRACE Fee benchmark for transaction with hash d0ade75bb8a2dfc9e1a516fe155886c804efe0b0bfcf123490a37e7c30ead4b7
TRACE Gas Limit: 30000000
TRACE Gas spent on computation: 124781
TRACE Gas spent on pubdata: 4368
TRACE Pubdata published: 52
 INFO Starting executing L1 batch #12
TRACE Fee benchmark for transaction with hash f28dbb8ee982146f803934647e86be350da5efd0c8f4bbfab98a6eeac222d0e9
TRACE Gas Limit: 30000000
TRACE Gas spent on computation: 464485
TRACE Gas spent on pubdata: 1512
TRACE Pubdata published: 18
 INFO Starting executing L1 batch #13
TRACE Fee benchmark for transaction with hash d87d348148a81f7fbeee513e95ca17d39aaa140b78cf1223d5fc0680971da25c
TRACE Gas Limit: 30000000
TRACE Gas spent on computation: 463969
TRACE Gas spent on pubdata: 1512
TRACE Pubdata published: 18
 INFO Starting executing L1 batch #14
TRACE Fee benchmark for transaction with hash a79b54b3e9e061b1c32ac71a4395411986b06edbe1a4fbe57fd0a7256596fa1b
TRACE Gas Limit: 30000000
TRACE Gas spent on computation: 463129
TRACE Gas spent on pubdata: 1512
TRACE Pubdata published: 18
 INFO Starting executing L1 batch #15
TRACE Fee benchmark for transaction with hash 3c95128a0bd97dc5537b9d8bf7121fae4b33e6618645e84927b43a656f8c2e74
TRACE Gas Limit: 30000000
TRACE Gas spent on computation: 464455
TRACE Gas spent on pubdata: 1512
TRACE Pubdata published: 18
 INFO Starting executing L1 batch #16
TRACE Fee benchmark for transaction with hash b109874c1bc9650cf07627b82ef374d345bbe92c28554da8a1a3afd001191a0a
TRACE Gas Limit: 30000000
TRACE Gas spent on computation: 461545
TRACE Gas spent on pubdata: 1512
TRACE Pubdata published: 18
 INFO Starting executing L1 batch #17
TRACE Fee benchmark for transaction with hash f1288768d4a1322e857bfd27c95c9b7d0e36014e29e54fa3ca2ef0b97a46cd57
TRACE Gas Limit: 30000000
TRACE Gas spent on computation: 463999
TRACE Gas spent on pubdata: 1512
TRACE Pubdata published: 18
 INFO Starting executing L1 batch #18
TRACE Fee benchmark for transaction with hash befa3bbc170dbb5cf5ea50152ddeb544dc0f35fbf13950be48b6acfdfbfa3372
TRACE Gas Limit: 30000000
TRACE Gas spent on computation: 463657
TRACE Gas spent on pubdata: 1512
TRACE Pubdata published: 18
 INFO Starting executing L1 batch #19
TRACE Fee benchmark for transaction with hash a8cea1aa935dff083816a3440694f65d691db4b0dd4e39bd6659f7137c7cc29f
TRACE Gas Limit: 30000000
TRACE Gas spent on computation: 466411
TRACE Gas spent on pubdata: 1512
TRACE Pubdata published: 18
 INFO Starting executing L1 batch #20
TRACE Fee benchmark for transaction with hash de583dab9f6e29ae34ed07208c33970af154b14e9fdd8cf6c28c29e499cffb40
TRACE Gas Limit: 30000000
TRACE Gas spent on computation: 456834
TRACE Gas spent on pubdata: 1512
TRACE Pubdata published: 18
 INFO Starting executing L1 batch #21
TRACE Fee benchmark for transaction with hash 6c6c51d447f8b8e719d4323ea5bc01b47afe62c9f2f15d08ab9cae691671342e
TRACE Gas Limit: 30000000
TRACE Gas spent on computation: 456318
TRACE Gas spent on pubdata: 1512
TRACE Pubdata published: 18
 INFO Starting executing L1 batch #22
TRACE Fee benchmark for transaction with hash 2b49452350b30ffe4724274d71e983469253cda5b9a138461d46936ab8df51f6
TRACE Gas Limit: 30000000
TRACE Gas spent on computation: 455478
TRACE Gas spent on pubdata: 1512
TRACE Pubdata published: 18
 INFO Starting executing L1 batch #23
TRACE Fee benchmark for transaction with hash f3fe013540393ee24e906e77194cd291211f3a23ac44f6c7161269efae6b0623
TRACE Gas Limit: 30000000
TRACE Gas spent on computation: 456804
TRACE Gas spent on pubdata: 1512
TRACE Pubdata published: 18
 INFO Starting executing L1 batch #24
TRACE Fee benchmark for transaction with hash b0e55c071e979a7e4ea95c66756be855d86d9a6dbc9cb623c4877da8cc73a94f
TRACE Gas Limit: 30000000
TRACE Gas spent on computation: 453894
TRACE Gas spent on pubdata: 1512
TRACE Pubdata published: 18
 INFO Starting executing L1 batch #25
TRACE Fee benchmark for transaction with hash 911e61bf2b946183fa4a64b693c7c6a9c3361c8649a0f6c6a2e00dbb0262a380
TRACE Gas Limit: 30000000
TRACE Gas spent on computation: 456348
TRACE Gas spent on pubdata: 1512
TRACE Pubdata published: 18
 INFO Starting executing L1 batch #26
TRACE Fee benchmark for transaction with hash e0e9c637eacb558dd839ec1e152cd7d59b74e886972cadb9a1147975ac1689cf
TRACE Gas Limit: 30000000
TRACE Gas spent on computation: 456006
TRACE Gas spent on pubdata: 1512
TRACE Pubdata published: 18
 INFO Starting executing L1 batch #27
TRACE Fee benchmark for transaction with hash 2f1ddf2127ce19d1d8aef853e918510defb205554045699c9505dd553f3c2365
TRACE Gas Limit: 30000000
TRACE Gas spent on computation: 458760
TRACE Gas spent on pubdata: 1512
TRACE Pubdata published: 18
 INFO Starting executing L1 batch #28
TRACE Fee benchmark for transaction with hash 81ddd97268b98c07f263a74cbfd03c02c36b39e94d79ba436f02d57b281f49e5
TRACE Gas Limit: 30000000
TRACE Gas spent on computation: 456834
TRACE Gas spent on pubdata: 1512
TRACE Pubdata published: 18
 INFO Starting executing L1 batch #29
TRACE Fee benchmark for transaction with hash c1c600294241f8545d1b5381473997618238ee61573d854149d59c13bdaa3254
TRACE Gas Limit: 30000000
TRACE Gas spent on computation: 118864
TRACE Gas spent on pubdata: 1512
TRACE Pubdata published: 18
