 INFO initializing system contracts protocol_version=29 use_evm_emulator=false zksync_os.zksync_os=false


                      _  _         _____ _  __
  __ _  _ __  __   __(_)| |       |__  /| |/ / ___  _   _  _ __    ___
 / _` || '_ \ \ \ / /| || | _____   / / | ' / / __|| | | || '_ \  / __|
| (_| || | | | \ V / | || ||_____| / /_ | . \ \__ \| |_| || | | || (__
 \__,_||_| |_|  \_/  |_||_|       /____||_|\_\|___/ \__, ||_| |_| \___|
                                                    |___/

Version:        0.6.11
Repository:     https://github.com/matter-labs/anvil-zksync



Rich Accounts
========================
(0) 0xf39Fd6e51aad88F6F4ce6aB8827279cffFb92266 (10000.000000000000000000 ETH)
(1) 0x70997970C51812dc3A010C7d01b50e0d17dc79C8 (10000.000000000000000000 ETH)



Private Keys
========================
(0) 0xac0974bec39a17e36ba4a6b4d238ff944bacb478cbed5efcae784d7bf4f2ff80
(1) 0x59c6995e998f97a5a0044966f0945389dc9e86dae88c7a8412f4603b6b78690d



Wallet
========================
Mnemonic:            test test test test test test test test test test test junk
Derivation path:     m/44'/60'/0'/0/0


Network Configuration
========================
Chain ID: 260


Gas Configuration
========================
L1 Gas Price (gwei):               2.365348 gwei
L2 Gas Price (gwei):               0.045250 gwei
L1 Pubdata Price (gwei):           0.000000 gwei
Estimated Gas Price Scale Factor:  2
Estimated Gas Limit Scale Factor:  1.3


Genesis Timestamp
========================
1000


Node Configuration
========================
Port:                  18011
EVM Interpreter:       Disabled
Health Check Endpoint: Disabled
ZKsync OS:             Disabled
L1:                    Disabled


========================================
  Listening on 127.0.0.1:18011
========================================

 INFO Starting executing L1 batch #1
TRACE Fee benchmark for transaction with hash b5ef6d8a90ebf7939ef21fcc000fe7a184d21bf050b2fdb08c349ccafec76e8d
TRACE Gas Limit: 400000000
TRACE Gas spent on computation: 2924800
TRACE Gas spent on pubdata: 2072028
TRACE Pubdata published: 24667

✅ [SUCCESS] Hash: 0xb5ef6d8a90ebf7939ef21fcc000fe7a184d21bf050b2fdb08c349ccafec76e8d
Initiator: 0xf39fd6e51aad88f6f4ce6ab8827279cfffb92266
Payer: 0xf39fd6e51aad88f6f4ce6ab8827279cfffb92266
Gas Limit: 400_000_000 | Used: 4_987_865 | Refunded: 395_012_135
Paid: 0.000225700891250000 ETH (4987865 gas * 0.045250 gwei)
Refunded: 0.017874299108750000 ETH

 INFO Starting executing L1 batch #2
TRACE Fee benchmark for transaction with hash 91efeacd9473070db6e3aa4843f0913d5140645ed47594ece59edb10ecef2237
TRACE Gas Limit: 200000000
TRACE Gas spent on computation: 717867
TRACE Gas spent on pubdata: 441924
TRACE Pubdata published: 5261

✅ [SUCCESS] Hash: 0x91efeacd9473070db6e3aa4843f0913d5140645ed47594ece59edb10ecef2237
Initiator: 0xf39fd6e51aad88f6f4ce6ab8827279cfffb92266
Payer: 0xf39fd6e51aad88f6f4ce6ab8827279cfffb92266
Gas Limit: 200_000_000 | Used: 1_157_879 | Refunded: 198_842_121
Paid: 0.000052394024750000 ETH (1157879 gas * 0.045250 gwei)
Refunded: 0.008997605975250000 ETH

 INFO Starting executing L1 batch #3
TRACE Fee benchmark for transaction with hash 161536358035cb033f5a07669678470d417f952749c9e6bebf1f3bfd7b947e10
TRACE Gas Limit: 30000000
TRACE Gas spent on computation: 124461
TRACE Gas spent on pubdata: 4368
TRACE Pubdata published: 52

✅ [SUCCESS] Hash: 0x161536358035cb033f5a07669678470d417f952749c9e6bebf1f3bfd7b947e10
Initiator: 0xf39fd6e51aad88f6f4ce6ab8827279cfffb92266
Payer: 0xf39fd6e51aad88f6f4ce6ab8827279cfffb92266
Gas Limit: 30_000_000 | Used: 128_810 | Refunded: 29_871_190
Paid: 0.000005828652500000 ETH (128810 gas * 0.045250 gwei)
Refunded: 0.001351671347500000 ETH

 INFO Starting executing L1 batch #4
TRACE Fee benchmark for transaction with hash 4b262f4a23ee588c944c83a9e8b5e9615af5808ed2820a097651b2a9d618c783
TRACE Gas Limit: 30000000
TRACE Gas spent on computation: 124781
TRACE Gas spent on pubdata: 4368
TRACE Pubdata published: 52

✅ [SUCCESS] Hash: 0x4b262f4a23ee588c944c83a9e8b5e9615af5808ed2820a097651b2a9d618c783
Initiator: 0xf39fd6e51aad88f6f4ce6ab8827279cfffb92266
Payer: 0xf39fd6e51aad88f6f4ce6ab8827279cfffb92266
Gas Limit: 30_000_000 | Used: 129_130 | Refunded: 29_870_870
Paid: 0.000005843132500000 ETH (129130 gas * 0.045250 gwei)
Refunded: 0.001351656867500000 ETH

 INFO Starting executing L1 batch #5
TRACE Fee benchmark for transaction with hash 64b737f728f81da9255443edb3bfe8ed365954f3dd4b3d74dc9188af7b08a2b9
TRACE Gas Limit: 30000000
TRACE Gas spent on computation: 124781
TRACE Gas spent on pubdata: 4368
TRACE Pubdata published: 52

✅ [SUCCESS] Hash: 0x64b737f728f81da9255443edb3bfe8ed365954f3dd4b3d74dc9188af7b08a2b9
Initiator: 0xf39fd6e51aad88f6f4ce6ab8827279cfffb92266
Payer: 0xf39fd6e51aad88f6f4ce6ab8827279cfffb92266
Gas Limit: 30_000_000 | Used: 129_130 | Refunded: 29_870_870
Paid: 0.000005843132500000 ETH (129130 gas * 0.045250 gwei)
Refunded: 0.001351656867500000 ETH

 INFO Starting executing L1 batch #6
TRACE Fee benchmark for transaction with hash 9579239f5d2370e2e29074b8ddd10bd801d95c95ac52b1291f001544e6455129
TRACE Gas Limit: 30000000
TRACE Gas spent on computation: 124781
TRACE Gas spent on pubdata: 4368
TRACE Pubdata published: 52

✅ [SUCCESS] Hash: 0x9579239f5d2370e2e29074b8ddd10bd801d95c95ac52b1291f001544e6455129
Initiator: 0xf39fd6e51aad88f6f4ce6ab8827279cfffb92266
Payer: 0xf39fd6e51aad88f6f4ce6ab8827279cfffb92266
Gas Limit: 30_000_000 | Used: 129_130 | Refunded: 29_870_870
Paid: 0.000005843132500000 ETH (129130 gas * 0.045250 gwei)
Refunded: 0.001351656867500000 ETH

 INFO Starting executing L1 batch #7
TRACE Fee benchmark for transaction with hash 57b7bb40ede9c655795bee9d3da2656fe4fbac18b65b799bfa139bc980881eda
TRACE Gas Limit: 30000000
TRACE Gas spent on computation: 124781
TRACE Gas spent on pubdata: 4368
TRACE Pubdata published: 52

✅ [SUCCESS] Hash: 0x57b7bb40ede9c655795bee9d3da2656fe4fbac18b65b799bfa139bc980881eda
Initiator: 0xf39fd6e51aad88f6f4ce6ab8827279cfffb92266
Payer: 0xf39fd6e51aad88f6f4ce6ab8827279cfffb92266
Gas Limit: 30_000_000 | Used: 129_130 | Refunded: 29_870_870
Paid: 0.000005843132500000 ETH (129130 gas * 0.045250 gwei)
Refunded: 0.001351656867500000 ETH

 INFO Starting executing L1 batch #8
TRACE Fee benchmark for transaction with hash a8244a8da284c786069056bc2727c753ade54ff21dfc7e554d08c4573774696e
TRACE Gas Limit: 30000000
TRACE Gas spent on computation: 124781
TRACE Gas spent on pubdata: 4368
TRACE Pubdata published: 52

✅ [SUCCESS] Hash: 0xa8244a8da284c786069056bc2727c753ade54ff21dfc7e554d08c4573774696e
Initiator: 0xf39fd6e51aad88f6f4ce6ab8827279cfffb92266
Payer: 0xf39fd6e51aad88f6f4ce6ab8827279cfffb92266
Gas Limit: 30_000_000 | Used: 129_130 | Refunded: 29_870_870
Paid: 0.000005843132500000 ETH (129130 gas * 0.045250 gwei)
Refunded: 0.001351656867500000 ETH

 INFO Starting executing L1 batch #9
TRACE Fee benchmark for transaction with hash 07a6a92247db8d4d7bd52a90c3149bdd74770235d2c83d951fdef209cedca40f
TRACE Gas Limit: 30000000
TRACE Gas spent on computation: 124781
TRACE Gas spent on pubdata: 4368
TRACE Pubdata published: 52

✅ [SUCCESS] Hash: 0x07a6a92247db8d4d7bd52a90c3149bdd74770235d2c83d951fdef209cedca40f
Initiator: 0xf39fd6e51aad88f6f4ce6ab8827279cfffb92266
Payer: 0xf39fd6e51aad88f6f4ce6ab8827279cfffb92266
Gas Limit: 30_000_000 | Used: 129_130 | Refunded: 29_870_870
Paid: 0.000005843132500000 ETH (129130 gas * 0.045250 gwei)
Refunded: 0.001351656867500000 ETH

 INFO Starting executing L1 batch #10
TRACE Fee benchmark for transaction with hash 7d8c9aa558fa49fac28f265988e4576f7d4a2d08da603b7b58847b4ef8aa4676
TRACE Gas Limit: 30000000
TRACE Gas spent on computation: 124781
TRACE Gas spent on pubdata: 4368
TRACE Pubdata published: 52

✅ [SUCCESS] Hash: 0x7d8c9aa558fa49fac28f265988e4576f7d4a2d08da603b7b58847b4ef8aa4676
Initiator: 0xf39fd6e51aad88f6f4ce6ab8827279cfffb92266
Payer: 0xf39fd6e51aad88f6f4ce6ab8827279cfffb92266
Gas Limit: 30_000_000 | Used: 129_130 | Refunded: 29_870_870
Paid: 0.000005843132500000 ETH (129130 gas * 0.045250 gwei)
Refunded: 0.001351656867500000 ETH

 INFO Starting executing L1 batch #11
TRACE Fee benchmark for transaction with hash d0ade75bb8a2dfc9e1a516fe155886c804efe0b0bfcf123490a37e7c30ead4b7
TRACE Gas Limit: 30000000
TRACE Gas spent on computation: 124781
TRACE Gas spent on pubdata: 4368
TRACE Pubdata published: 52

✅ [SUCCESS] Hash: 0xd0ade75bb8a2dfc9e1a516fe155886c804efe0b0bfcf123490a37e7c30ead4b7
Initiator: 0xf39fd6e51aad88f6f4ce6ab8827279cfffb92266
Payer: 0xf39fd6e51aad88f6f4ce6ab8827279cfffb92266
Gas Limit: 30_000_000 | Used: 129_130 | Refunded: 29_870_870
Paid: 0.000005843132500000 ETH (129130 gas * 0.045250 gwei)
Refunded: 0.001351656867500000 ETH

 INFO Starting executing L1 batch #12
TRACE Fee benchmark for transaction with hash 6dd5cc4961e361c9a83cc07ce360806134a1669e804a4d7408f79ff7571bc8da
TRACE Gas Limit: 30000000
TRACE Gas spent on computation: 455901
TRACE Gas spent on pubdata: 1512
TRACE Pubdata published: 18

✅ [SUCCESS] Hash: 0x6dd5cc4961e361c9a83cc07ce360806134a1669e804a4d7408f79ff7571bc8da
Initiator: 0xf39fd6e51aad88f6f4ce6ab8827279cfffb92266
Payer: 0xf39fd6e51aad88f6f4ce6ab8827279cfffb92266
Gas Limit: 30_000_000 | Used: 457_406 | Refunded: 29_542_594
Paid: 0.000020697621500000 ETH (457406 gas * 0.045250 gwei)
Refunded: 0.001336802378500000 ETH

 INFO Starting executing L1 batch #13
TRACE Fee benchmark for transaction with hash ca18986ae79e965733ca3e4f1253da0ba3ecc3cac59e0bae557e4f4a7cc4a2d5
TRACE Gas Limit: 30000000
TRACE Gas spent on computation: 451881
TRACE Gas spent on pubdata: 1512
TRACE Pubdata published: 18

✅ [SUCCESS] Hash: 0xca18986ae79e965733ca3e4f1253da0ba3ecc3cac59e0bae557e4f4a7cc4a2d5
Initiator: 0xf39fd6e51aad88f6f4ce6ab8827279cfffb92266
Payer: 0xf39fd6e51aad88f6f4ce6ab8827279cfffb92266
Gas Limit: 30_000_000 | Used: 453_386 | Refunded: 29_546_614
Paid: 0.000020515716500000 ETH (453386 gas * 0.045250 gwei)
Refunded: 0.001336984283500000 ETH

 INFO Starting executing L1 batch #14
TRACE Fee benchmark for transaction with hash 0b933873ea3a552b301faf404e955d4c422f8a4634ada2cbf668af3a9d4d1257
TRACE Gas Limit: 30000000
TRACE Gas spent on computation: 454077
TRACE Gas spent on pubdata: 1512
TRACE Pubdata published: 18

✅ [SUCCESS] Hash: 0x0b933873ea3a552b301faf404e955d4c422f8a4634ada2cbf668af3a9d4d1257
Initiator: 0xf39fd6e51aad88f6f4ce6ab8827279cfffb92266
Payer: 0xf39fd6e51aad88f6f4ce6ab8827279cfffb92266
Gas Limit: 30_000_000 | Used: 455_582 | Refunded: 29_544_418
Paid: 0.000020615085500000 ETH (455582 gas * 0.045250 gwei)
Refunded: 0.001336884914500000 ETH

 INFO Starting executing L1 batch #15
TRACE Fee benchmark for transaction with hash de744290906adf0b6cf9d99e9470ab87c433243b6caffa83996b742b09d7ec55
TRACE Gas Limit: 30000000
TRACE Gas spent on computation: 452463
TRACE Gas spent on pubdata: 1512
TRACE Pubdata published: 18

✅ [SUCCESS] Hash: 0xde744290906adf0b6cf9d99e9470ab87c433243b6caffa83996b742b09d7ec55
Initiator: 0xf39fd6e51aad88f6f4ce6ab8827279cfffb92266
Payer: 0xf39fd6e51aad88f6f4ce6ab8827279cfffb92266
Gas Limit: 30_000_000 | Used: 453_968 | Refunded: 29_546_032
Paid: 0.000020542052000000 ETH (453968 gas * 0.045250 gwei)
Refunded: 0.001336957948000000 ETH

 INFO Starting executing L1 batch #16
TRACE Fee benchmark for transaction with hash 92f42bcdae7ae0a1e97ff1f8a95bb52d7fa4cb2226ac291cc32e73efa2777b05
TRACE Gas Limit: 30000000
TRACE Gas spent on computation: 454251
TRACE Gas spent on pubdata: 1512
TRACE Pubdata published: 18

✅ [SUCCESS] Hash: 0x92f42bcdae7ae0a1e97ff1f8a95bb52d7fa4cb2226ac291cc32e73efa2777b05
Initiator: 0xf39fd6e51aad88f6f4ce6ab8827279cfffb92266
Payer: 0xf39fd6e51aad88f6f4ce6ab8827279cfffb92266
Gas Limit: 30_000_000 | Used: 455_756 | Refunded: 29_544_244
Paid: 0.000020622959000000 ETH (455756 gas * 0.045250 gwei)
Refunded: 0.001336877041000000 ETH

 INFO Starting executing L1 batch #17
TRACE Fee benchmark for transaction with hash a08e20e1d89df75fc09eb39b2b6faca6e2be1d340925f48897f57f9cdcd93b43
TRACE Gas Limit: 30000000
TRACE Gas spent on computation: 453987
TRACE Gas spent on pubdata: 1512
TRACE Pubdata published: 18

✅ [SUCCESS] Hash: 0xa08e20e1d89df75fc09eb39b2b6faca6e2be1d340925f48897f57f9cdcd93b43
Initiator: 0xf39fd6e51aad88f6f4ce6ab8827279cfffb92266
Payer: 0xf39fd6e51aad88f6f4ce6ab8827279cfffb92266
Gas Limit: 30_000_000 | Used: 455_492 | Refunded: 29_544_508
Paid: 0.000020611013000000 ETH (455492 gas * 0.045250 gwei)
Refunded: 0.001336888987000000 ETH

 INFO Starting executing L1 batch #18
TRACE Fee benchmark for transaction with hash c17bc909c331b5919c2c8122e1218aca110982364c53b0e08f72571504a05a85
TRACE Gas Limit: 30000000
TRACE Gas spent on computation: 452481
TRACE Gas spent on pubdata: 1512
TRACE Pubdata published: 18

✅ [SUCCESS] Hash: 0xc17bc909c331b5919c2c8122e1218aca110982364c53b0e08f72571504a05a85
Initiator: 0xf39fd6e51aad88f6f4ce6ab8827279cfffb92266
Payer: 0xf39fd6e51aad88f6f4ce6ab8827279cfffb92266
Gas Limit: 30_000_000 | Used: 453_986 | Refunded: 29_546_014
Paid: 0.000020542866500000 ETH (453986 gas * 0.045250 gwei)
Refunded: 0.001336957133500000 ETH

 INFO Starting executing L1 batch #19
TRACE Fee benchmark for transaction with hash 6482e922d54e9c5168531344c35275e11e7e4bcecd0e623f2e6575caf973d4e7
TRACE Gas Limit: 30000000
TRACE Gas spent on computation: 451713
TRACE Gas spent on pubdata: 1512
TRACE Pubdata published: 18

✅ [SUCCESS] Hash: 0x6482e922d54e9c5168531344c35275e11e7e4bcecd0e623f2e6575caf973d4e7
Initiator: 0xf39fd6e51aad88f6f4ce6ab8827279cfffb92266
Payer: 0xf39fd6e51aad88f6f4ce6ab8827279cfffb92266
Gas Limit: 30_000_000 | Used: 453_218 | Refunded: 29_546_782
Paid: 0.000020508114500000 ETH (453218 gas * 0.045250 gwei)
Refunded: 0.001336991885500000 ETH

 INFO Starting executing L1 batch #20
TRACE Fee benchmark for transaction with hash 42f0aa7d056ab8a4cd063200a9e3c485b324428668d94974fd1b1ba004f14b53
TRACE Gas Limit: 30000000
TRACE Gas spent on computation: 448452
TRACE Gas spent on pubdata: 1512
TRACE Pubdata published: 18

✅ [SUCCESS] Hash: 0x42f0aa7d056ab8a4cd063200a9e3c485b324428668d94974fd1b1ba004f14b53
Initiator: 0xf39fd6e51aad88f6f4ce6ab8827279cfffb92266
Payer: 0xf39fd6e51aad88f6f4ce6ab8827279cfffb92266
Gas Limit: 30_000_000 | Used: 449_957 | Refunded: 29_550_043
Paid: 0.000020360554250000 ETH (449957 gas * 0.045250 gwei)
Refunded: 0.001337139445750000 ETH

 INFO Starting executing L1 batch #21
TRACE Fee benchmark for transaction with hash 669ad3eb7c217fd2a0697b14fccf0daa3880c1aea99c8d42c030bc22afd4e438
TRACE Gas Limit: 30000000
TRACE Gas spent on computation: 444432
TRACE Gas spent on pubdata: 1512
TRACE Pubdata published: 18

✅ [SUCCESS] Hash: 0x669ad3eb7c217fd2a0697b14fccf0daa3880c1aea99c8d42c030bc22afd4e438
Initiator: 0xf39fd6e51aad88f6f4ce6ab8827279cfffb92266
Payer: 0xf39fd6e51aad88f6f4ce6ab8827279cfffb92266
Gas Limit: 30_000_000 | Used: 445_937 | Refunded: 29_554_063
Paid: 0.000020178649250000 ETH (445937 gas * 0.045250 gwei)
Refunded: 0.001337321350750000 ETH

 INFO Starting executing L1 batch #22
TRACE Fee benchmark for transaction with hash bf653d5fb102178c1dd8bf117e7361c5c701b43542ca29115322aba0270bf8af
TRACE Gas Limit: 30000000
TRACE Gas spent on computation: 446628
TRACE Gas spent on pubdata: 1512
TRACE Pubdata published: 18

✅ [SUCCESS] Hash: 0xbf653d5fb102178c1dd8bf117e7361c5c701b43542ca29115322aba0270bf8af
Initiator: 0xf39fd6e51aad88f6f4ce6ab8827279cfffb92266
Payer: 0xf39fd6e51aad88f6f4ce6ab8827279cfffb92266
Gas Limit: 30_000_000 | Used: 448_133 | Refunded: 29_551_867
Paid: 0.000020278018250000 ETH (448133 gas * 0.045250 gwei)
Refunded: 0.001337221981750000 ETH

 INFO Starting executing L1 batch #23
TRACE Fee benchmark for transaction with hash d87cc32fe18259318dfc76bc6c0c278531a263481d213caf7a5533f3d8a7ab2e
TRACE Gas Limit: 30000000
TRACE Gas spent on computation: 445014
TRACE Gas spent on pubdata: 1512
TRACE Pubdata published: 18

✅ [SUCCESS] Hash: 0xd87cc32fe18259318dfc76bc6c0c278531a263481d213caf7a5533f3d8a7ab2e
Initiator: 0xf39fd6e51aad88f6f4ce6ab8827279cfffb92266
Payer: 0xf39fd6e51aad88f6f4ce6ab8827279cfffb92266
Gas Limit: 30_000_000 | Used: 446_519 | Refunded: 29_553_481
Paid: 0.000020204984750000 ETH (446519 gas * 0.045250 gwei)
Refunded: 0.001337295015250000 ETH

 INFO Starting executing L1 batch #24
TRACE Fee benchmark for transaction with hash 7e13e79aa8814bdf590ccfa662144bf47505d4a9b681a92b1ab68c52a70d737f
TRACE Gas Limit: 30000000
TRACE Gas spent on computation: 446802
TRACE Gas spent on pubdata: 1512
TRACE Pubdata published: 18

✅ [SUCCESS] Hash: 0x7e13e79aa8814bdf590ccfa662144bf47505d4a9b681a92b1ab68c52a70d737f
Initiator: 0xf39fd6e51aad88f6f4ce6ab8827279cfffb92266
Payer: 0xf39fd6e51aad88f6f4ce6ab8827279cfffb92266
Gas Limit: 30_000_000 | Used: 448_307 | Refunded: 29_551_693
Paid: 0.000020285891750000 ETH (448307 gas * 0.045250 gwei)
Refunded: 0.001337214108250000 ETH

 INFO Starting executing L1 batch #25
TRACE Fee benchmark for transaction with hash 89b581a3b58dbc4bce9df3661c4f6523fbf7b7411783416f4d0a13d2c7927f0e
TRACE Gas Limit: 30000000
TRACE Gas spent on computation: 446538
TRACE Gas spent on pubdata: 1512
TRACE Pubdata published: 18

✅ [SUCCESS] Hash: 0x89b581a3b58dbc4bce9df3661c4f6523fbf7b7411783416f4d0a13d2c7927f0e
Initiator: 0xf39fd6e51aad88f6f4ce6ab8827279cfffb92266
Payer: 0xf39fd6e51aad88f6f4ce6ab8827279cfffb92266
Gas Limit: 30_000_000 | Used: 448_043 | Refunded: 29_551_957
Paid: 0.000020273945750000 ETH (448043 gas * 0.045250 gwei)
Refunded: 0.001337226054250000 ETH

 INFO Starting executing L1 batch #26
TRACE Fee benchmark for transaction with hash afda2c6e413df22b5447860f33b5b38bf09b533ae492b599981a1a3c212acbd0
TRACE Gas Limit: 30000000
TRACE Gas spent on computation: 445032
TRACE Gas spent on pubdata: 1512
TRACE Pubdata published: 18

✅ [SUCCESS] Hash: 0xafda2c6e413df22b5447860f33b5b38bf09b533ae492b599981a1a3c212acbd0
Initiator: 0xf39fd6e51aad88f6f4ce6ab8827279cfffb92266
Payer: 0xf39fd6e51aad88f6f4ce6ab8827279cfffb92266
Gas Limit: 30_000_000 | Used: 446_537 | Refunded: 29_553_463
Paid: 0.000020205799250000 ETH (446537 gas * 0.045250 gwei)
Refunded: 0.001337294200750000 ETH

 INFO Starting executing L1 batch #27
TRACE Fee benchmark for transaction with hash a6caeb87c16ebd61c2982391a7c44ac84cca75a4d498878b535f737610a2394c
TRACE Gas Limit: 30000000
TRACE Gas spent on computation: 444264
TRACE Gas spent on pubdata: 1512
TRACE Pubdata published: 18

✅ [SUCCESS] Hash: 0xa6caeb87c16ebd61c2982391a7c44ac84cca75a4d498878b535f737610a2394c
Initiator: 0xf39fd6e51aad88f6f4ce6ab8827279cfffb92266
Payer: 0xf39fd6e51aad88f6f4ce6ab8827279cfffb92266
Gas Limit: 30_000_000 | Used: 445_769 | Refunded: 29_554_231
Paid: 0.000020171047250000 ETH (445769 gas * 0.045250 gwei)
Refunded: 0.001337328952750000 ETH

 INFO Starting executing L1 batch #28
TRACE Fee benchmark for transaction with hash 4300d7bcfafcb5c5fb1feda743627a7dec02c0f98b81423670143504ce47ab18
TRACE Gas Limit: 30000000
TRACE Gas spent on computation: 448452
TRACE Gas spent on pubdata: 1512
TRACE Pubdata published: 18

✅ [SUCCESS] Hash: 0x4300d7bcfafcb5c5fb1feda743627a7dec02c0f98b81423670143504ce47ab18
Initiator: 0xf39fd6e51aad88f6f4ce6ab8827279cfffb92266
Payer: 0xf39fd6e51aad88f6f4ce6ab8827279cfffb92266
Gas Limit: 30_000_000 | Used: 449_957 | Refunded: 29_550_043
Paid: 0.000020360554250000 ETH (449957 gas * 0.045250 gwei)
Refunded: 0.001337139445750000 ETH

 INFO Starting executing L1 batch #29
TRACE Fee benchmark for transaction with hash 9c895a84db19e89fdcda158cfd0c97f0b830136989eb052deb058a3e587a7b15
TRACE Gas Limit: 30000000
TRACE Gas spent on computation: 118760
TRACE Gas spent on pubdata: 1512
TRACE Pubdata published: 18

❌ [FAILED] Hash: 0x9c895a84db19e89fdcda158cfd0c97f0b830136989eb052deb058a3e587a7b15
Initiator: 0xf39fd6e51aad88f6f4ce6ab8827279cfffb92266
Payer: 0xf39fd6e51aad88f6f4ce6ab8827279cfffb92266
Gas Limit: 30_000_000 | Used: 120_265 | Refunded: 29_879_735
Paid: 0.000005441991250000 ETH (120265 gas * 0.045250 gwei)
Refunded: 0.001352058008750000 ETH

