 INFO initializing system contracts protocol_version=29 use_evm_emulator=false zksync_os.zksync_os=false


                      _  _         _____ _  __
  __ _  _ __  __   __(_)| |       |__  /| |/ / ___  _   _  _ __    ___
 / _` || '_ \ \ \ / /| || | _____   / / | ' / / __|| | | || '_ \  / __|
| (_| || | | | \ V / | || ||_____| / /_ | . \ \__ \| |_| || | | || (__
 \__,_||_| |_|  \_/  |_||_|       /____||_|\_\|___/ \__, ||_| |_| \___|
                                                    |___/

Version:        0.6.11
Repository:     https://github.com/matter-labs/anvil-zksync



Rich Accounts
========================
(0) 0xf39Fd6e51aad88F6F4ce6aB8827279cffFb92266 (10000.000000000000000000 ETH)
(1) 0x70997970C51812dc3A010C7d01b50e0d17dc79C8 (10000.000000000000000000 ETH)



Private Keys
========================
(0) 0xac0974bec39a17e36ba4a6b4d238ff944bacb478cbed5efcae784d7bf4f2ff80
(1) 0x59c6995e998f97a5a0044966f0945389dc9e86dae88c7a8412f4603b6b78690d



Wallet
========================
Mnemonic:            test test test test test test test test test test test junk
Derivation path:     m/44'/60'/0'/0/0


Network Configuration
========================
Chain ID: 260


Gas Configuration
========================
L1 Gas Price (gwei):               2.365348 gwei
L2 Gas Price (gwei):               0.045250 gwei
L1 Pubdata Price (gwei):           0.000000 gwei
Estimated Gas Price Scale Factor:  2
Estimated Gas Limit Scale Factor:  1.3


Genesis Timestamp
========================
1000


Node Configuration
========================
Port:                  18011
EVM Interpreter:       Disabled
Health Check Endpoint: Disabled
ZKsync OS:             Disabled
L1:                    Disabled


========================================
  Listening on 127.0.0.1:18011
========================================

 INFO Starting executing L1 batch #1
TRACE Fee benchmark for transaction with hash 3aea0ef0a655fbf841186f2d0efd927809a509afc9c76962211017323f660467
TRACE Gas Limit: 400000000
TRACE Gas spent on computation: 1942976
TRACE Gas spent on pubdata: 1276380
TRACE Pubdata published: 15195

✅ [SUCCESS] Hash: 0x3aea0ef0a655fbf841186f2d0efd927809a509afc9c76962211017323f660467
Initiator: 0xf39fd6e51aad88f6f4ce6ab8827279cfffb92266
Payer: 0xf39fd6e51aad88f6f4ce6ab8827279cfffb92266
Gas Limit: 400_000_000 | Used: 3_213_834 | Refunded: 396_786_166
Paid: 0.000145425988500000 ETH (3213834 gas * 0.045250 gwei)
Refunded: 0.017954574011500000 ETH

 INFO Starting executing L1 batch #2
TRACE Fee benchmark for transaction with hash 073d905803e45ae4a1cff63f46288874e3093f013560d6f8abeacd52d964dd64
TRACE Gas Limit: 200000000
TRACE Gas spent on computation: 734001
TRACE Gas spent on pubdata: 456036
TRACE Pubdata published: 5429

✅ [SUCCESS] Hash: 0x073d905803e45ae4a1cff63f46288874e3093f013560d6f8abeacd52d964dd64
Initiator: 0xf39fd6e51aad88f6f4ce6ab8827279cfffb92266
Payer: 0xf39fd6e51aad88f6f4ce6ab8827279cfffb92266
Gas Limit: 200_000_000 | Used: 1_188_064 | Refunded: 198_811_936
Paid: 0.000053759896000000 ETH (1188064 gas * 0.045250 gwei)
Refunded: 0.008996240104000000 ETH

 INFO Starting executing L1 batch #3
TRACE Fee benchmark for transaction with hash 161536358035cb033f5a07669678470d417f952749c9e6bebf1f3bfd7b947e10
TRACE Gas Limit: 30000000
TRACE Gas spent on computation: 124477
TRACE Gas spent on pubdata: 4368
TRACE Pubdata published: 52

✅ [SUCCESS] Hash: 0x161536358035cb033f5a07669678470d417f952749c9e6bebf1f3bfd7b947e10
Initiator: 0xf39fd6e51aad88f6f4ce6ab8827279cfffb92266
Payer: 0xf39fd6e51aad88f6f4ce6ab8827279cfffb92266
Gas Limit: 30_000_000 | Used: 128_826 | Refunded: 29_871_174
Paid: 0.000005829376500000 ETH (128826 gas * 0.045250 gwei)
Refunded: 0.001351670623500000 ETH

 INFO Starting executing L1 batch #4
TRACE Fee benchmark for transaction with hash 4b262f4a23ee588c944c83a9e8b5e9615af5808ed2820a097651b2a9d618c783
TRACE Gas Limit: 30000000
TRACE Gas spent on computation: 124797
TRACE Gas spent on pubdata: 4368
TRACE Pubdata published: 52

✅ [SUCCESS] Hash: 0x4b262f4a23ee588c944c83a9e8b5e9615af5808ed2820a097651b2a9d618c783
Initiator: 0xf39fd6e51aad88f6f4ce6ab8827279cfffb92266
Payer: 0xf39fd6e51aad88f6f4ce6ab8827279cfffb92266
Gas Limit: 30_000_000 | Used: 129_146 | Refunded: 29_870_854
Paid: 0.000005843856500000 ETH (129146 gas * 0.045250 gwei)
Refunded: 0.001351656143500000 ETH

 INFO Starting executing L1 batch #5
TRACE Fee benchmark for transaction with hash 64b737f728f81da9255443edb3bfe8ed365954f3dd4b3d74dc9188af7b08a2b9
TRACE Gas Limit: 30000000
TRACE Gas spent on computation: 124797
TRACE Gas spent on pubdata: 4368
TRACE Pubdata published: 52

✅ [SUCCESS] Hash: 0x64b737f728f81da9255443edb3bfe8ed365954f3dd4b3d74dc9188af7b08a2b9
Initiator: 0xf39fd6e51aad88f6f4ce6ab8827279cfffb92266
Payer: 0xf39fd6e51aad88f6f4ce6ab8827279cfffb92266
Gas Limit: 30_000_000 | Used: 129_146 | Refunded: 29_870_854
Paid: 0.000005843856500000 ETH (129146 gas * 0.045250 gwei)
Refunded: 0.001351656143500000 ETH

 INFO Starting executing L1 batch #6
TRACE Fee benchmark for transaction with hash 9579239f5d2370e2e29074b8ddd10bd801d95c95ac52b1291f001544e6455129
TRACE Gas Limit: 30000000
TRACE Gas spent on computation: 124797
TRACE Gas spent on pubdata: 4368
TRACE Pubdata published: 52

✅ [SUCCESS] Hash: 0x9579239f5d2370e2e29074b8ddd10bd801d95c95ac52b1291f001544e6455129
Initiator: 0xf39fd6e51aad88f6f4ce6ab8827279cfffb92266
Payer: 0xf39fd6e51aad88f6f4ce6ab8827279cfffb92266
Gas Limit: 30_000_000 | Used: 129_146 | Refunded: 29_870_854
Paid: 0.000005843856500000 ETH (129146 gas * 0.045250 gwei)
Refunded: 0.001351656143500000 ETH

 INFO Starting executing L1 batch #7
TRACE Fee benchmark for transaction with hash 57b7bb40ede9c655795bee9d3da2656fe4fbac18b65b799bfa139bc980881eda
TRACE Gas Limit: 30000000
TRACE Gas spent on computation: 124797
TRACE Gas spent on pubdata: 4368
TRACE Pubdata published: 52

✅ [SUCCESS] Hash: 0x57b7bb40ede9c655795bee9d3da2656fe4fbac18b65b799bfa139bc980881eda
Initiator: 0xf39fd6e51aad88f6f4ce6ab8827279cfffb92266
Payer: 0xf39fd6e51aad88f6f4ce6ab8827279cfffb92266
Gas Limit: 30_000_000 | Used: 129_146 | Refunded: 29_870_854
Paid: 0.000005843856500000 ETH (129146 gas * 0.045250 gwei)
Refunded: 0.001351656143500000 ETH

 INFO Starting executing L1 batch #8
TRACE Fee benchmark for transaction with hash a8244a8da284c786069056bc2727c753ade54ff21dfc7e554d08c4573774696e
TRACE Gas Limit: 30000000
TRACE Gas spent on computation: 124797
TRACE Gas spent on pubdata: 4368
TRACE Pubdata published: 52

✅ [SUCCESS] Hash: 0xa8244a8da284c786069056bc2727c753ade54ff21dfc7e554d08c4573774696e
Initiator: 0xf39fd6e51aad88f6f4ce6ab8827279cfffb92266
Payer: 0xf39fd6e51aad88f6f4ce6ab8827279cfffb92266
Gas Limit: 30_000_000 | Used: 129_146 | Refunded: 29_870_854
Paid: 0.000005843856500000 ETH (129146 gas * 0.045250 gwei)
Refunded: 0.001351656143500000 ETH

 INFO Starting executing L1 batch #9
TRACE Fee benchmark for transaction with hash 07a6a92247db8d4d7bd52a90c3149bdd74770235d2c83d951fdef209cedca40f
TRACE Gas Limit: 30000000
TRACE Gas spent on computation: 124797
TRACE Gas spent on pubdata: 4368
TRACE Pubdata published: 52

✅ [SUCCESS] Hash: 0x07a6a92247db8d4d7bd52a90c3149bdd74770235d2c83d951fdef209cedca40f
Initiator: 0xf39fd6e51aad88f6f4ce6ab8827279cfffb92266
Payer: 0xf39fd6e51aad88f6f4ce6ab8827279cfffb92266
Gas Limit: 30_000_000 | Used: 129_146 | Refunded: 29_870_854
Paid: 0.000005843856500000 ETH (129146 gas * 0.045250 gwei)
Refunded: 0.001351656143500000 ETH

 INFO Starting executing L1 batch #10
TRACE Fee benchmark for transaction with hash 7d8c9aa558fa49fac28f265988e4576f7d4a2d08da603b7b58847b4ef8aa4676
TRACE Gas Limit: 30000000
TRACE Gas spent on computation: 124797
TRACE Gas spent on pubdata: 4368
TRACE Pubdata published: 52

✅ [SUCCESS] Hash: 0x7d8c9aa558fa49fac28f265988e4576f7d4a2d08da603b7b58847b4ef8aa4676
Initiator: 0xf39fd6e51aad88f6f4ce6ab8827279cfffb92266
Payer: 0xf39fd6e51aad88f6f4ce6ab8827279cfffb92266
Gas Limit: 30_000_000 | Used: 129_146 | Refunded: 29_870_854
Paid: 0.000005843856500000 ETH (129146 gas * 0.045250 gwei)
Refunded: 0.001351656143500000 ETH

 INFO Starting executing L1 batch #11
TRACE Fee benchmark for transaction with hash d0ade75bb8a2dfc9e1a516fe155886c804efe0b0bfcf123490a37e7c30ead4b7
TRACE Gas Limit: 30000000
TRACE Gas spent on computation: 124797
TRACE Gas spent on pubdata: 4368
TRACE Pubdata published: 52

✅ [SUCCESS] Hash: 0xd0ade75bb8a2dfc9e1a516fe155886c804efe0b0bfcf123490a37e7c30ead4b7
Initiator: 0xf39fd6e51aad88f6f4ce6ab8827279cfffb92266
Payer: 0xf39fd6e51aad88f6f4ce6ab8827279cfffb92266
Gas Limit: 30_000_000 | Used: 129_146 | Refunded: 29_870_854
Paid: 0.000005843856500000 ETH (129146 gas * 0.045250 gwei)
Refunded: 0.001351656143500000 ETH

 INFO Starting executing L1 batch #12
TRACE Fee benchmark for transaction with hash 0ca69c3eed159d4eb9b38348b75e05425b01c72a9b14052598b86a175b90ee2d
TRACE Gas Limit: 30000000
TRACE Gas spent on computation: 667943
TRACE Gas spent on pubdata: 1512
TRACE Pubdata published: 18

✅ [SUCCESS] Hash: 0x0ca69c3eed159d4eb9b38348b75e05425b01c72a9b14052598b86a175b90ee2d
Initiator: 0xf39fd6e51aad88f6f4ce6ab8827279cfffb92266
Payer: 0xf39fd6e51aad88f6f4ce6ab8827279cfffb92266
Gas Limit: 30_000_000 | Used: 669_448 | Refunded: 29_330_552
Paid: 0.000030292522000000 ETH (669448 gas * 0.045250 gwei)
Refunded: 0.001327207478000000 ETH

 INFO Starting executing L1 batch #13
TRACE Fee benchmark for transaction with hash 4d0443e319058146af30be5b4c0720c6a9470d1f6df174706e4b2cc1f6bffe93
TRACE Gas Limit: 30000000
TRACE Gas spent on computation: 667943
TRACE Gas spent on pubdata: 1512
TRACE Pubdata published: 18

✅ [SUCCESS] Hash: 0x4d0443e319058146af30be5b4c0720c6a9470d1f6df174706e4b2cc1f6bffe93
Initiator: 0xf39fd6e51aad88f6f4ce6ab8827279cfffb92266
Payer: 0xf39fd6e51aad88f6f4ce6ab8827279cfffb92266
Gas Limit: 30_000_000 | Used: 669_448 | Refunded: 29_330_552
Paid: 0.000030292522000000 ETH (669448 gas * 0.045250 gwei)
Refunded: 0.001327207478000000 ETH

 INFO Starting executing L1 batch #14
TRACE Fee benchmark for transaction with hash 5c2f1285f286fcdce7f16f0b51893092c63cd89681b92622741f60822c96fd3e
TRACE Gas Limit: 30000000
TRACE Gas spent on computation: 667943
TRACE Gas spent on pubdata: 1512
TRACE Pubdata published: 18

✅ [SUCCESS] Hash: 0x5c2f1285f286fcdce7f16f0b51893092c63cd89681b92622741f60822c96fd3e
Initiator: 0xf39fd6e51aad88f6f4ce6ab8827279cfffb92266
Payer: 0xf39fd6e51aad88f6f4ce6ab8827279cfffb92266
Gas Limit: 30_000_000 | Used: 669_448 | Refunded: 29_330_552
Paid: 0.000030292522000000 ETH (669448 gas * 0.045250 gwei)
Refunded: 0.001327207478000000 ETH

 INFO Starting executing L1 batch #15
TRACE Fee benchmark for transaction with hash c09d7fa0b76346fb39c2e98de711abbe1528cbc814d5c2cebc5880b46cb622c5
TRACE Gas Limit: 30000000
TRACE Gas spent on computation: 667943
TRACE Gas spent on pubdata: 1512
TRACE Pubdata published: 18

✅ [SUCCESS] Hash: 0xc09d7fa0b76346fb39c2e98de711abbe1528cbc814d5c2cebc5880b46cb622c5
Initiator: 0xf39fd6e51aad88f6f4ce6ab8827279cfffb92266
Payer: 0xf39fd6e51aad88f6f4ce6ab8827279cfffb92266
Gas Limit: 30_000_000 | Used: 669_448 | Refunded: 29_330_552
Paid: 0.000030292522000000 ETH (669448 gas * 0.045250 gwei)
Refunded: 0.001327207478000000 ETH

 INFO Starting executing L1 batch #16
TRACE Fee benchmark for transaction with hash d3e367d82791180a6a0f68960a6e0a74a26c87a8301da8a5cf36722927c23e4d
TRACE Gas Limit: 30000000
TRACE Gas spent on computation: 667943
TRACE Gas spent on pubdata: 1512
TRACE Pubdata published: 18

✅ [SUCCESS] Hash: 0xd3e367d82791180a6a0f68960a6e0a74a26c87a8301da8a5cf36722927c23e4d
Initiator: 0xf39fd6e51aad88f6f4ce6ab8827279cfffb92266
Payer: 0xf39fd6e51aad88f6f4ce6ab8827279cfffb92266
Gas Limit: 30_000_000 | Used: 669_448 | Refunded: 29_330_552
Paid: 0.000030292522000000 ETH (669448 gas * 0.045250 gwei)
Refunded: 0.001327207478000000 ETH

 INFO Starting executing L1 batch #17
TRACE Fee benchmark for transaction with hash 548fa4adcbb1d3d7d9856af2393bb2b9f8b30685e46204a6e3b9de420e13f246
TRACE Gas Limit: 30000000
TRACE Gas spent on computation: 667943
TRACE Gas spent on pubdata: 1512
TRACE Pubdata published: 18

✅ [SUCCESS] Hash: 0x548fa4adcbb1d3d7d9856af2393bb2b9f8b30685e46204a6e3b9de420e13f246
Initiator: 0xf39fd6e51aad88f6f4ce6ab8827279cfffb92266
Payer: 0xf39fd6e51aad88f6f4ce6ab8827279cfffb92266
Gas Limit: 30_000_000 | Used: 669_448 | Refunded: 29_330_552
Paid: 0.000030292522000000 ETH (669448 gas * 0.045250 gwei)
Refunded: 0.001327207478000000 ETH

 INFO Starting executing L1 batch #18
TRACE Fee benchmark for transaction with hash 49b93f4b6de5ebd2c30ad43f6e47497dc42095f527cb24060e9da67f19841390
TRACE Gas Limit: 30000000
TRACE Gas spent on computation: 667943
TRACE Gas spent on pubdata: 1512
TRACE Pubdata published: 18

✅ [SUCCESS] Hash: 0x49b93f4b6de5ebd2c30ad43f6e47497dc42095f527cb24060e9da67f19841390
Initiator: 0xf39fd6e51aad88f6f4ce6ab8827279cfffb92266
Payer: 0xf39fd6e51aad88f6f4ce6ab8827279cfffb92266
Gas Limit: 30_000_000 | Used: 669_448 | Refunded: 29_330_552
Paid: 0.000030292522000000 ETH (669448 gas * 0.045250 gwei)
Refunded: 0.001327207478000000 ETH

 INFO Starting executing L1 batch #19
TRACE Fee benchmark for transaction with hash 28e73ae7df0ee1255b2050fa403277c8d18998295e270a5a1b7f342ca3399115
TRACE Gas Limit: 30000000
TRACE Gas spent on computation: 667943
TRACE Gas spent on pubdata: 1512
TRACE Pubdata published: 18

✅ [SUCCESS] Hash: 0x28e73ae7df0ee1255b2050fa403277c8d18998295e270a5a1b7f342ca3399115
Initiator: 0xf39fd6e51aad88f6f4ce6ab8827279cfffb92266
Payer: 0xf39fd6e51aad88f6f4ce6ab8827279cfffb92266
Gas Limit: 30_000_000 | Used: 669_448 | Refunded: 29_330_552
Paid: 0.000030292522000000 ETH (669448 gas * 0.045250 gwei)
Refunded: 0.001327207478000000 ETH

 INFO Starting executing L1 batch #20
TRACE Fee benchmark for transaction with hash e20d67c3fd22b04127b32f76675d66e66cdcef658b6213331885469464001419
TRACE Gas Limit: 30000000
TRACE Gas spent on computation: 659944
TRACE Gas spent on pubdata: 1512
TRACE Pubdata published: 18

✅ [SUCCESS] Hash: 0xe20d67c3fd22b04127b32f76675d66e66cdcef658b6213331885469464001419
Initiator: 0xf39fd6e51aad88f6f4ce6ab8827279cfffb92266
Payer: 0xf39fd6e51aad88f6f4ce6ab8827279cfffb92266
Gas Limit: 30_000_000 | Used: 661_449 | Refunded: 29_338_551
Paid: 0.000029930567250000 ETH (661449 gas * 0.045250 gwei)
Refunded: 0.001327569432750000 ETH

 INFO Starting executing L1 batch #21
TRACE Fee benchmark for transaction with hash e779d86ad99e4481d4511d8ca3c6693acf76fb298e9ef871c135536af0dd3b2f
TRACE Gas Limit: 30000000
TRACE Gas spent on computation: 659944
TRACE Gas spent on pubdata: 1512
TRACE Pubdata published: 18

✅ [SUCCESS] Hash: 0xe779d86ad99e4481d4511d8ca3c6693acf76fb298e9ef871c135536af0dd3b2f
Initiator: 0xf39fd6e51aad88f6f4ce6ab8827279cfffb92266
Payer: 0xf39fd6e51aad88f6f4ce6ab8827279cfffb92266
Gas Limit: 30_000_000 | Used: 661_449 | Refunded: 29_338_551
Paid: 0.000029930567250000 ETH (661449 gas * 0.045250 gwei)
Refunded: 0.001327569432750000 ETH

 INFO Starting executing L1 batch #22
TRACE Fee benchmark for transaction with hash 78b99aa755d303998c90e83c198d2b04429f7f047205d25b497876a375be2759
TRACE Gas Limit: 30000000
TRACE Gas spent on computation: 659944
TRACE Gas spent on pubdata: 1512
TRACE Pubdata published: 18

✅ [SUCCESS] Hash: 0x78b99aa755d303998c90e83c198d2b04429f7f047205d25b497876a375be2759
Initiator: 0xf39fd6e51aad88f6f4ce6ab8827279cfffb92266
Payer: 0xf39fd6e51aad88f6f4ce6ab8827279cfffb92266
Gas Limit: 30_000_000 | Used: 661_449 | Refunded: 29_338_551
Paid: 0.000029930567250000 ETH (661449 gas * 0.045250 gwei)
Refunded: 0.001327569432750000 ETH

 INFO Starting executing L1 batch #23
TRACE Fee benchmark for transaction with hash 154da0ab65ca8e56055c770d735eca5f2c19557f95de7ef852b9de4798461d36
TRACE Gas Limit: 30000000
TRACE Gas spent on computation: 659944
TRACE Gas spent on pubdata: 1512
TRACE Pubdata published: 18

✅ [SUCCESS] Hash: 0x154da0ab65ca8e56055c770d735eca5f2c19557f95de7ef852b9de4798461d36
Initiator: 0xf39fd6e51aad88f6f4ce6ab8827279cfffb92266
Payer: 0xf39fd6e51aad88f6f4ce6ab8827279cfffb92266
Gas Limit: 30_000_000 | Used: 661_449 | Refunded: 29_338_551
Paid: 0.000029930567250000 ETH (661449 gas * 0.045250 gwei)
Refunded: 0.001327569432750000 ETH

 INFO Starting executing L1 batch #24
TRACE Fee benchmark for transaction with hash 60478b3d9e4ae33edb8b7f4311a6e351490d9a907bcd434e0ea2a21ee1f02ccf
TRACE Gas Limit: 30000000
TRACE Gas spent on computation: 659944
TRACE Gas spent on pubdata: 1512
TRACE Pubdata published: 18

✅ [SUCCESS] Hash: 0x60478b3d9e4ae33edb8b7f4311a6e351490d9a907bcd434e0ea2a21ee1f02ccf
Initiator: 0xf39fd6e51aad88f6f4ce6ab8827279cfffb92266
Payer: 0xf39fd6e51aad88f6f4ce6ab8827279cfffb92266
Gas Limit: 30_000_000 | Used: 661_449 | Refunded: 29_338_551
Paid: 0.000029930567250000 ETH (661449 gas * 0.045250 gwei)
Refunded: 0.001327569432750000 ETH

 INFO Starting executing L1 batch #25
TRACE Fee benchmark for transaction with hash 1758b43d2c775026336d747dd4c5adfffdbaecd7ae0cc73f0c3f5e38ac622272
TRACE Gas Limit: 30000000
TRACE Gas spent on computation: 659944
TRACE Gas spent on pubdata: 1512
TRACE Pubdata published: 18

✅ [SUCCESS] Hash: 0x1758b43d2c775026336d747dd4c5adfffdbaecd7ae0cc73f0c3f5e38ac622272
Initiator: 0xf39fd6e51aad88f6f4ce6ab8827279cfffb92266
Payer: 0xf39fd6e51aad88f6f4ce6ab8827279cfffb92266
Gas Limit: 30_000_000 | Used: 661_449 | Refunded: 29_338_551
Paid: 0.000029930567250000 ETH (661449 gas * 0.045250 gwei)
Refunded: 0.001327569432750000 ETH

 INFO Starting executing L1 batch #26
TRACE Fee benchmark for transaction with hash f8ea55db1423f3f07954eafffe10e49197941abe9ab77776e3b14487fc9fb887
TRACE Gas Limit: 30000000
TRACE Gas spent on computation: 659944
TRACE Gas spent on pubdata: 1512
TRACE Pubdata published: 18

✅ [SUCCESS] Hash: 0xf8ea55db1423f3f07954eafffe10e49197941abe9ab77776e3b14487fc9fb887
Initiator: 0xf39fd6e51aad88f6f4ce6ab8827279cfffb92266
Payer: 0xf39fd6e51aad88f6f4ce6ab8827279cfffb92266
Gas Limit: 30_000_000 | Used: 661_449 | Refunded: 29_338_551
Paid: 0.000029930567250000 ETH (661449 gas * 0.045250 gwei)
Refunded: 0.001327569432750000 ETH

 INFO Starting executing L1 batch #27
TRACE Fee benchmark for transaction with hash 37dcee2a43b39e9296f3578f622eeb48b392ee1371013b026fb2d47698c36e22
TRACE Gas Limit: 30000000
TRACE Gas spent on computation: 659944
TRACE Gas spent on pubdata: 1512
TRACE Pubdata published: 18

✅ [SUCCESS] Hash: 0x37dcee2a43b39e9296f3578f622eeb48b392ee1371013b026fb2d47698c36e22
Initiator: 0xf39fd6e51aad88f6f4ce6ab8827279cfffb92266
Payer: 0xf39fd6e51aad88f6f4ce6ab8827279cfffb92266
Gas Limit: 30_000_000 | Used: 661_449 | Refunded: 29_338_551
Paid: 0.000029930567250000 ETH (661449 gas * 0.045250 gwei)
Refunded: 0.001327569432750000 ETH

 INFO Starting executing L1 batch #28
TRACE Fee benchmark for transaction with hash 8d77289a9db2e7d05d6b9b2b60e8e499b3ac3fbbec9c9123de949e252beb0b55
TRACE Gas Limit: 30000000
TRACE Gas spent on computation: 659944
TRACE Gas spent on pubdata: 1512
TRACE Pubdata published: 18

✅ [SUCCESS] Hash: 0x8d77289a9db2e7d05d6b9b2b60e8e499b3ac3fbbec9c9123de949e252beb0b55
Initiator: 0xf39fd6e51aad88f6f4ce6ab8827279cfffb92266
Payer: 0xf39fd6e51aad88f6f4ce6ab8827279cfffb92266
Gas Limit: 30_000_000 | Used: 661_449 | Refunded: 29_338_551
Paid: 0.000029930567250000 ETH (661449 gas * 0.045250 gwei)
Refunded: 0.001327569432750000 ETH

 INFO Starting executing L1 batch #29
TRACE Fee benchmark for transaction with hash 6149971ae4718a1e7ddda945cddce94d74c3586215c91f6b5cf157f361602ab1
TRACE Gas Limit: 30000000
TRACE Gas spent on computation: 118936
TRACE Gas spent on pubdata: 1512
TRACE Pubdata published: 18

❌ [FAILED] Hash: 0x6149971ae4718a1e7ddda945cddce94d74c3586215c91f6b5cf157f361602ab1
Initiator: 0xf39fd6e51aad88f6f4ce6ab8827279cfffb92266
Payer: 0xf39fd6e51aad88f6f4ce6ab8827279cfffb92266
Gas Limit: 30_000_000 | Used: 120_441 | Refunded: 29_879_559
Paid: 0.000005449955250000 ETH (120441 gas * 0.045250 gwei)
Refunded: 0.001352050044750000 ETH

