 INFO initializing system contracts protocol_version=29 use_evm_emulator=false zksync_os.zksync_os=false


                      _  _         _____ _  __
  __ _  _ __  __   __(_)| |       |__  /| |/ / ___  _   _  _ __    ___
 / _` || '_ \ \ \ / /| || | _____   / / | ' / / __|| | | || '_ \  / __|
| (_| || | | | \ V / | || ||_____| / /_ | . \ \__ \| |_| || | | || (__
 \__,_||_| |_|  \_/  |_||_|       /____||_|\_\|___/ \__, ||_| |_| \___|
                                                    |___/

Version:        0.6.11
Repository:     https://github.com/matter-labs/anvil-zksync



Rich Accounts
========================
(0) 0xf39Fd6e51aad88F6F4ce6aB8827279cffFb92266 (10000.000000000000000000 ETH)
(1) 0x70997970C51812dc3A010C7d01b50e0d17dc79C8 (10000.000000000000000000 ETH)



Private Keys
========================
(0) 0xac0974bec39a17e36ba4a6b4d238ff944bacb478cbed5efcae784d7bf4f2ff80
(1) 0x59c6995e998f97a5a0044966f0945389dc9e86dae88c7a8412f4603b6b78690d



Wallet
========================
Mnemonic:            test test test test test test test test test test test junk
Derivation path:     m/44'/60'/0'/0/0


Network Configuration
========================
Chain ID: 260


Gas Configuration
========================
L1 Gas Price (gwei):               2.365348 gwei
L2 Gas Price (gwei):               0.045250 gwei
L1 Pubdata Price (gwei):           0.000000 gwei
Estimated Gas Price Scale Factor:  2
Estimated Gas Limit Scale Factor:  1.3


Genesis Timestamp
========================
1000


Node Configuration
========================
Port:                  18011
EVM Interpreter:       Disabled
Health Check Endpoint: Disabled
ZKsync OS:             Disabled
L1:                    Disabled


========================================
  Listening on 127.0.0.1:18011
========================================

 INFO Starting executing L1 batch #1
TRACE Fee benchmark for transaction with hash 31a1983e1079017582448cbe270352b954bc6cda37df25ac78084c8ca9287f5c
TRACE Gas Limit: 400000000
TRACE Gas spent on computation: 3342797
TRACE Gas spent on pubdata: 2385180
TRACE Pubdata published: 28395

✅ [SUCCESS] Hash: 0x31a1983e1079017582448cbe270352b954bc6cda37df25ac78084c8ca9287f5c
Initiator: 0xf39fd6e51aad88f6f4ce6ab8827279cfffb92266
Payer: 0xf39fd6e51aad88f6f4ce6ab8827279cfffb92266
Gas Limit: 400_000_000 | Used: 5_717_659 | Refunded: 394_282_341
Paid: 0.000258724069750000 ETH (5717659 gas * 0.045250 gwei)
Refunded: 0.017841275930250000 ETH

 INFO Starting executing L1 batch #2
TRACE Fee benchmark for transaction with hash ad419843081df7a05fc9cebd41e0b8669f3531b2c45ccb8a09436129644d3ba0
TRACE Gas Limit: 200000000
TRACE Gas spent on computation: 718507
TRACE Gas spent on pubdata: 442596
TRACE Pubdata published: 5269

✅ [SUCCESS] Hash: 0xad419843081df7a05fc9cebd41e0b8669f3531b2c45ccb8a09436129644d3ba0
Initiator: 0xf39fd6e51aad88f6f4ce6ab8827279cfffb92266
Payer: 0xf39fd6e51aad88f6f4ce6ab8827279cfffb92266
Gas Limit: 200_000_000 | Used: 1_159_188 | Refunded: 198_840_812
Paid: 0.000052453257000000 ETH (1159188 gas * 0.045250 gwei)
Refunded: 0.008997546743000000 ETH

 INFO Starting executing L1 batch #3
TRACE Fee benchmark for transaction with hash 161536358035cb033f5a07669678470d417f952749c9e6bebf1f3bfd7b947e10
TRACE Gas Limit: 30000000
TRACE Gas spent on computation: 124473
TRACE Gas spent on pubdata: 4368
TRACE Pubdata published: 52

✅ [SUCCESS] Hash: 0x161536358035cb033f5a07669678470d417f952749c9e6bebf1f3bfd7b947e10
Initiator: 0xf39fd6e51aad88f6f4ce6ab8827279cfffb92266
Payer: 0xf39fd6e51aad88f6f4ce6ab8827279cfffb92266
Gas Limit: 30_000_000 | Used: 128_822 | Refunded: 29_871_178
Paid: 0.000005829195500000 ETH (128822 gas * 0.045250 gwei)
Refunded: 0.001351670804500000 ETH

 INFO Starting executing L1 batch #4
TRACE Fee benchmark for transaction with hash 4b262f4a23ee588c944c83a9e8b5e9615af5808ed2820a097651b2a9d618c783
TRACE Gas Limit: 30000000
TRACE Gas spent on computation: 124781
TRACE Gas spent on pubdata: 4368
TRACE Pubdata published: 52

✅ [SUCCESS] Hash: 0x4b262f4a23ee588c944c83a9e8b5e9615af5808ed2820a097651b2a9d618c783
Initiator: 0xf39fd6e51aad88f6f4ce6ab8827279cfffb92266
Payer: 0xf39fd6e51aad88f6f4ce6ab8827279cfffb92266
Gas Limit: 30_000_000 | Used: 129_130 | Refunded: 29_870_870
Paid: 0.000005843132500000 ETH (129130 gas * 0.045250 gwei)
Refunded: 0.001351656867500000 ETH

 INFO Starting executing L1 batch #5
TRACE Fee benchmark for transaction with hash 64b737f728f81da9255443edb3bfe8ed365954f3dd4b3d74dc9188af7b08a2b9
TRACE Gas Limit: 30000000
TRACE Gas spent on computation: 124781
TRACE Gas spent on pubdata: 4368
TRACE Pubdata published: 52

✅ [SUCCESS] Hash: 0x64b737f728f81da9255443edb3bfe8ed365954f3dd4b3d74dc9188af7b08a2b9
Initiator: 0xf39fd6e51aad88f6f4ce6ab8827279cfffb92266
Payer: 0xf39fd6e51aad88f6f4ce6ab8827279cfffb92266
Gas Limit: 30_000_000 | Used: 129_130 | Refunded: 29_870_870
Paid: 0.000005843132500000 ETH (129130 gas * 0.045250 gwei)
Refunded: 0.001351656867500000 ETH

 INFO Starting executing L1 batch #6
TRACE Fee benchmark for transaction with hash 9579239f5d2370e2e29074b8ddd10bd801d95c95ac52b1291f001544e6455129
TRACE Gas Limit: 30000000
TRACE Gas spent on computation: 124781
TRACE Gas spent on pubdata: 4368
TRACE Pubdata published: 52

✅ [SUCCESS] Hash: 0x9579239f5d2370e2e29074b8ddd10bd801d95c95ac52b1291f001544e6455129
Initiator: 0xf39fd6e51aad88f6f4ce6ab8827279cfffb92266
Payer: 0xf39fd6e51aad88f6f4ce6ab8827279cfffb92266
Gas Limit: 30_000_000 | Used: 129_130 | Refunded: 29_870_870
Paid: 0.000005843132500000 ETH (129130 gas * 0.045250 gwei)
Refunded: 0.001351656867500000 ETH

 INFO Starting executing L1 batch #7
TRACE Fee benchmark for transaction with hash 57b7bb40ede9c655795bee9d3da2656fe4fbac18b65b799bfa139bc980881eda
TRACE Gas Limit: 30000000
TRACE Gas spent on computation: 124781
TRACE Gas spent on pubdata: 4368
TRACE Pubdata published: 52

✅ [SUCCESS] Hash: 0x57b7bb40ede9c655795bee9d3da2656fe4fbac18b65b799bfa139bc980881eda
Initiator: 0xf39fd6e51aad88f6f4ce6ab8827279cfffb92266
Payer: 0xf39fd6e51aad88f6f4ce6ab8827279cfffb92266
Gas Limit: 30_000_000 | Used: 129_130 | Refunded: 29_870_870
Paid: 0.000005843132500000 ETH (129130 gas * 0.045250 gwei)
Refunded: 0.001351656867500000 ETH

 INFO Starting executing L1 batch #8
TRACE Fee benchmark for transaction with hash a8244a8da284c786069056bc2727c753ade54ff21dfc7e554d08c4573774696e
TRACE Gas Limit: 30000000
TRACE Gas spent on computation: 124781
TRACE Gas spent on pubdata: 4368
TRACE Pubdata published: 52

✅ [SUCCESS] Hash: 0xa8244a8da284c786069056bc2727c753ade54ff21dfc7e554d08c4573774696e
Initiator: 0xf39fd6e51aad88f6f4ce6ab8827279cfffb92266
Payer: 0xf39fd6e51aad88f6f4ce6ab8827279cfffb92266
Gas Limit: 30_000_000 | Used: 129_130 | Refunded: 29_870_870
Paid: 0.000005843132500000 ETH (129130 gas * 0.045250 gwei)
Refunded: 0.001351656867500000 ETH

 INFO Starting executing L1 batch #9
TRACE Fee benchmark for transaction with hash 07a6a92247db8d4d7bd52a90c3149bdd74770235d2c83d951fdef209cedca40f
TRACE Gas Limit: 30000000
TRACE Gas spent on computation: 124781
TRACE Gas spent on pubdata: 4368
TRACE Pubdata published: 52

✅ [SUCCESS] Hash: 0x07a6a92247db8d4d7bd52a90c3149bdd74770235d2c83d951fdef209cedca40f
Initiator: 0xf39fd6e51aad88f6f4ce6ab8827279cfffb92266
Payer: 0xf39fd6e51aad88f6f4ce6ab8827279cfffb92266
Gas Limit: 30_000_000 | Used: 129_130 | Refunded: 29_870_870
Paid: 0.000005843132500000 ETH (129130 gas * 0.045250 gwei)
Refunded: 0.001351656867500000 ETH

 INFO Starting executing L1 batch #10
TRACE Fee benchmark for transaction with hash 7d8c9aa558fa49fac28f265988e4576f7d4a2d08da603b7b58847b4ef8aa4676
TRACE Gas Limit: 30000000
TRACE Gas spent on computation: 124781
TRACE Gas spent on pubdata: 4368
TRACE Pubdata published: 52

✅ [SUCCESS] Hash: 0x7d8c9aa558fa49fac28f265988e4576f7d4a2d08da603b7b58847b4ef8aa4676
Initiator: 0xf39fd6e51aad88f6f4ce6ab8827279cfffb92266
Payer: 0xf39fd6e51aad88f6f4ce6ab8827279cfffb92266
Gas Limit: 30_000_000 | Used: 129_130 | Refunded: 29_870_870
Paid: 0.000005843132500000 ETH (129130 gas * 0.045250 gwei)
Refunded: 0.001351656867500000 ETH

 INFO Starting executing L1 batch #11
TRACE Fee benchmark for transaction with hash d0ade75bb8a2dfc9e1a516fe155886c804efe0b0bfcf123490a37e7c30ead4b7
TRACE Gas Limit: 30000000
TRACE Gas spent on computation: 124781
TRACE Gas spent on pubdata: 4368
TRACE Pubdata published: 52

✅ [SUCCESS] Hash: 0xd0ade75bb8a2dfc9e1a516fe155886c804efe0b0bfcf123490a37e7c30ead4b7
Initiator: 0xf39fd6e51aad88f6f4ce6ab8827279cfffb92266
Payer: 0xf39fd6e51aad88f6f4ce6ab8827279cfffb92266
Gas Limit: 30_000_000 | Used: 129_130 | Refunded: 29_870_870
Paid: 0.000005843132500000 ETH (129130 gas * 0.045250 gwei)
Refunded: 0.001351656867500000 ETH

 INFO Starting executing L1 batch #12
TRACE Fee benchmark for transaction with hash 2920a21b263188020dd6c74358cb0856ae25b39f09febed91c8ffb48321666b8
TRACE Gas Limit: 30000000
TRACE Gas spent on computation: 461677
TRACE Gas spent on pubdata: 1512
TRACE Pubdata published: 18

✅ [SUCCESS] Hash: 0x2920a21b263188020dd6c74358cb0856ae25b39f09febed91c8ffb48321666b8
Initiator: 0xf39fd6e51aad88f6f4ce6ab8827279cfffb92266
Payer: 0xf39fd6e51aad88f6f4ce6ab8827279cfffb92266
Gas Limit: 30_000_000 | Used: 463_182 | Refunded: 29_536_818
Paid: 0.000020958985500000 ETH (463182 gas * 0.045250 gwei)
Refunded: 0.001336541014500000 ETH

 INFO Starting executing L1 batch #13
TRACE Fee benchmark for transaction with hash 2833594eb03bc8e3b078907144161f696d5b1864ad110dd79ff899724c7d575d
TRACE Gas Limit: 30000000
TRACE Gas spent on computation: 461569
TRACE Gas spent on pubdata: 1512
TRACE Pubdata published: 18

✅ [SUCCESS] Hash: 0x2833594eb03bc8e3b078907144161f696d5b1864ad110dd79ff899724c7d575d
Initiator: 0xf39fd6e51aad88f6f4ce6ab8827279cfffb92266
Payer: 0xf39fd6e51aad88f6f4ce6ab8827279cfffb92266
Gas Limit: 30_000_000 | Used: 463_074 | Refunded: 29_536_926
Paid: 0.000020954098500000 ETH (463074 gas * 0.045250 gwei)
Refunded: 0.001336545901500000 ETH

 INFO Starting executing L1 batch #14
TRACE Fee benchmark for transaction with hash e392c9e7225b748cb0ee43edb08f8cc885e2759bc42139a5529a4ea6ca71f366
TRACE Gas Limit: 30000000
TRACE Gas spent on computation: 460297
TRACE Gas spent on pubdata: 1512
TRACE Pubdata published: 18

✅ [SUCCESS] Hash: 0xe392c9e7225b748cb0ee43edb08f8cc885e2759bc42139a5529a4ea6ca71f366
Initiator: 0xf39fd6e51aad88f6f4ce6ab8827279cfffb92266
Payer: 0xf39fd6e51aad88f6f4ce6ab8827279cfffb92266
Gas Limit: 30_000_000 | Used: 461_802 | Refunded: 29_538_198
Paid: 0.000020896540500000 ETH (461802 gas * 0.045250 gwei)
Refunded: 0.001336603459500000 ETH

 INFO Starting executing L1 batch #15
TRACE Fee benchmark for transaction with hash d634a832c9f943937cf95ea493c432ae0d2dd4a1ee2d519fa713359da1d65a3f
TRACE Gas Limit: 30000000
TRACE Gas spent on computation: 459115
TRACE Gas spent on pubdata: 1512
TRACE Pubdata published: 18

✅ [SUCCESS] Hash: 0xd634a832c9f943937cf95ea493c432ae0d2dd4a1ee2d519fa713359da1d65a3f
Initiator: 0xf39fd6e51aad88f6f4ce6ab8827279cfffb92266
Payer: 0xf39fd6e51aad88f6f4ce6ab8827279cfffb92266
Gas Limit: 30_000_000 | Used: 460_620 | Refunded: 29_539_380
Paid: 0.000020843055000000 ETH (460620 gas * 0.045250 gwei)
Refunded: 0.001336656945000000 ETH

 INFO Starting executing L1 batch #16
TRACE Fee benchmark for transaction with hash 7ed4bb1722c26cda194085509d6befa72a9b9bc3d79fc04b4d26e6b8fcfdd2d5
TRACE Gas Limit: 30000000
TRACE Gas spent on computation: 461215
TRACE Gas spent on pubdata: 1512
TRACE Pubdata published: 18

✅ [SUCCESS] Hash: 0x7ed4bb1722c26cda194085509d6befa72a9b9bc3d79fc04b4d26e6b8fcfdd2d5
Initiator: 0xf39fd6e51aad88f6f4ce6ab8827279cfffb92266
Payer: 0xf39fd6e51aad88f6f4ce6ab8827279cfffb92266
Gas Limit: 30_000_000 | Used: 462_720 | Refunded: 29_537_280
Paid: 0.000020938080000000 ETH (462720 gas * 0.045250 gwei)
Refunded: 0.001336561920000000 ETH

 INFO Starting executing L1 batch #17
TRACE Fee benchmark for transaction with hash 9a0c30831834c0dcc53bb64b39d605b669bf33ed22e18835eb6c04912788ca2e
TRACE Gas Limit: 30000000
TRACE Gas spent on computation: 459673
TRACE Gas spent on pubdata: 1512
TRACE Pubdata published: 18

✅ [SUCCESS] Hash: 0x9a0c30831834c0dcc53bb64b39d605b669bf33ed22e18835eb6c04912788ca2e
Initiator: 0xf39fd6e51aad88f6f4ce6ab8827279cfffb92266
Payer: 0xf39fd6e51aad88f6f4ce6ab8827279cfffb92266
Gas Limit: 30_000_000 | Used: 461_178 | Refunded: 29_538_822
Paid: 0.000020868304500000 ETH (461178 gas * 0.045250 gwei)
Refunded: 0.001336631695500000 ETH

 INFO Starting executing L1 batch #18
TRACE Fee benchmark for transaction with hash 86a78983791b55729c0ae46f7196b03be41a4d8665b73e7daccea8685ae3e36d
TRACE Gas Limit: 30000000
TRACE Gas spent on computation: 461311
TRACE Gas spent on pubdata: 1512
TRACE Pubdata published: 18

✅ [SUCCESS] Hash: 0x86a78983791b55729c0ae46f7196b03be41a4d8665b73e7daccea8685ae3e36d
Initiator: 0xf39fd6e51aad88f6f4ce6ab8827279cfffb92266
Payer: 0xf39fd6e51aad88f6f4ce6ab8827279cfffb92266
Gas Limit: 30_000_000 | Used: 462_816 | Refunded: 29_537_184
Paid: 0.000020942424000000 ETH (462816 gas * 0.045250 gwei)
Refunded: 0.001336557576000000 ETH

 INFO Starting executing L1 batch #19
TRACE Fee benchmark for transaction with hash 6c3c899ac1914385e5f58e01421c9b2f00d50177f1ef7887560417fbda509a60
TRACE Gas Limit: 30000000
TRACE Gas spent on computation: 462901
TRACE Gas spent on pubdata: 1512
TRACE Pubdata published: 18

✅ [SUCCESS] Hash: 0x6c3c899ac1914385e5f58e01421c9b2f00d50177f1ef7887560417fbda509a60
Initiator: 0xf39fd6e51aad88f6f4ce6ab8827279cfffb92266
Payer: 0xf39fd6e51aad88f6f4ce6ab8827279cfffb92266
Gas Limit: 30_000_000 | Used: 464_406 | Refunded: 29_535_594
Paid: 0.000021014371500000 ETH (464406 gas * 0.045250 gwei)
Refunded: 0.001336485628500000 ETH

 INFO Starting executing L1 batch #20
TRACE Fee benchmark for transaction with hash 345594aa64109581a9c9d5c9c60deba68c2cd1e48edb3f81e5c60c3382a7f74f
TRACE Gas Limit: 30000000
TRACE Gas spent on computation: 454090
TRACE Gas spent on pubdata: 1512
TRACE Pubdata published: 18

✅ [SUCCESS] Hash: 0x345594aa64109581a9c9d5c9c60deba68c2cd1e48edb3f81e5c60c3382a7f74f
Initiator: 0xf39fd6e51aad88f6f4ce6ab8827279cfffb92266
Payer: 0xf39fd6e51aad88f6f4ce6ab8827279cfffb92266
Gas Limit: 30_000_000 | Used: 455_595 | Refunded: 29_544_405
Paid: 0.000020615673750000 ETH (455595 gas * 0.045250 gwei)
Refunded: 0.001336884326250000 ETH

 INFO Starting executing L1 batch #21
TRACE Fee benchmark for transaction with hash 1fe2848aa3364900ebd49f48ff70cb1cbfbd95ddcad957863060eb99ff822668
TRACE Gas Limit: 30000000
TRACE Gas spent on computation: 453982
TRACE Gas spent on pubdata: 1512
TRACE Pubdata published: 18

✅ [SUCCESS] Hash: 0x1fe2848aa3364900ebd49f48ff70cb1cbfbd95ddcad957863060eb99ff822668
Initiator: 0xf39fd6e51aad88f6f4ce6ab8827279cfffb92266
Payer: 0xf39fd6e51aad88f6f4ce6ab8827279cfffb92266
Gas Limit: 30_000_000 | Used: 455_487 | Refunded: 29_544_513
Paid: 0.000020610786750000 ETH (455487 gas * 0.045250 gwei)
Refunded: 0.001336889213250000 ETH

 INFO Starting executing L1 batch #22
TRACE Fee benchmark for transaction with hash d77e79e2b7e5f4213d8c440c866d3893f3564068564c623d34e49d7965503ff2
TRACE Gas Limit: 30000000
TRACE Gas spent on computation: 452710
TRACE Gas spent on pubdata: 1512
TRACE Pubdata published: 18

✅ [SUCCESS] Hash: 0xd77e79e2b7e5f4213d8c440c866d3893f3564068564c623d34e49d7965503ff2
Initiator: 0xf39fd6e51aad88f6f4ce6ab8827279cfffb92266
Payer: 0xf39fd6e51aad88f6f4ce6ab8827279cfffb92266
Gas Limit: 30_000_000 | Used: 454_215 | Refunded: 29_545_785
Paid: 0.000020553228750000 ETH (454215 gas * 0.045250 gwei)
Refunded: 0.001336946771250000 ETH

 INFO Starting executing L1 batch #23
TRACE Fee benchmark for transaction with hash 7ac18e9e871bf1eb5db4801286aa50737a12cb8fd67f4907da835d99d27cccde
TRACE Gas Limit: 30000000
TRACE Gas spent on computation: 451528
TRACE Gas spent on pubdata: 1512
TRACE Pubdata published: 18

✅ [SUCCESS] Hash: 0x7ac18e9e871bf1eb5db4801286aa50737a12cb8fd67f4907da835d99d27cccde
Initiator: 0xf39fd6e51aad88f6f4ce6ab8827279cfffb92266
Payer: 0xf39fd6e51aad88f6f4ce6ab8827279cfffb92266
Gas Limit: 30_000_000 | Used: 453_033 | Refunded: 29_546_967
Paid: 0.000020499743250000 ETH (453033 gas * 0.045250 gwei)
Refunded: 0.001337000256750000 ETH

 INFO Starting executing L1 batch #24
TRACE Fee benchmark for transaction with hash c9d87d8c9fbcd59f90e8475218868b26b41a9152727e344b508a01f507206cb1
TRACE Gas Limit: 30000000
TRACE Gas spent on computation: 453628
TRACE Gas spent on pubdata: 1512
TRACE Pubdata published: 18

✅ [SUCCESS] Hash: 0xc9d87d8c9fbcd59f90e8475218868b26b41a9152727e344b508a01f507206cb1
Initiator: 0xf39fd6e51aad88f6f4ce6ab8827279cfffb92266
Payer: 0xf39fd6e51aad88f6f4ce6ab8827279cfffb92266
Gas Limit: 30_000_000 | Used: 455_133 | Refunded: 29_544_867
Paid: 0.000020594768250000 ETH (455133 gas * 0.045250 gwei)
Refunded: 0.001336905231750000 ETH

 INFO Starting executing L1 batch #25
TRACE Fee benchmark for transaction with hash e4f4c09acfd5c410b0ac6172800d907791c714390c5024a95b2cad5a57e2caea
TRACE Gas Limit: 30000000
TRACE Gas spent on computation: 452086
TRACE Gas spent on pubdata: 1512
TRACE Pubdata published: 18

✅ [SUCCESS] Hash: 0xe4f4c09acfd5c410b0ac6172800d907791c714390c5024a95b2cad5a57e2caea
Initiator: 0xf39fd6e51aad88f6f4ce6ab8827279cfffb92266
Payer: 0xf39fd6e51aad88f6f4ce6ab8827279cfffb92266
Gas Limit: 30_000_000 | Used: 453_591 | Refunded: 29_546_409
Paid: 0.000020524992750000 ETH (453591 gas * 0.045250 gwei)
Refunded: 0.001336975007250000 ETH

 INFO Starting executing L1 batch #26
TRACE Fee benchmark for transaction with hash 43527cc15b4e93f863105e9e243e310e8e14adf6a49b3ea12a60a8f5d0cba099
TRACE Gas Limit: 30000000
TRACE Gas spent on computation: 453724
TRACE Gas spent on pubdata: 1512
TRACE Pubdata published: 18

✅ [SUCCESS] Hash: 0x43527cc15b4e93f863105e9e243e310e8e14adf6a49b3ea12a60a8f5d0cba099
Initiator: 0xf39fd6e51aad88f6f4ce6ab8827279cfffb92266
Payer: 0xf39fd6e51aad88f6f4ce6ab8827279cfffb92266
Gas Limit: 30_000_000 | Used: 455_229 | Refunded: 29_544_771
Paid: 0.000020599112250000 ETH (455229 gas * 0.045250 gwei)
Refunded: 0.001336900887750000 ETH

 INFO Starting executing L1 batch #27
TRACE Fee benchmark for transaction with hash b0314120261bda0ad5eae9304ab53fe86cd5b587d0cb1477aa3453f80b1b39a3
TRACE Gas Limit: 30000000
TRACE Gas spent on computation: 455314
TRACE Gas spent on pubdata: 1512
TRACE Pubdata published: 18

✅ [SUCCESS] Hash: 0xb0314120261bda0ad5eae9304ab53fe86cd5b587d0cb1477aa3453f80b1b39a3
Initiator: 0xf39fd6e51aad88f6f4ce6ab8827279cfffb92266
Payer: 0xf39fd6e51aad88f6f4ce6ab8827279cfffb92266
Gas Limit: 30_000_000 | Used: 456_819 | Refunded: 29_543_181
Paid: 0.000020671059750000 ETH (456819 gas * 0.045250 gwei)
Refunded: 0.001336828940250000 ETH

 INFO Starting executing L1 batch #28
TRACE Fee benchmark for transaction with hash 8e8f41dd5656e68c58a2ed0af95319cdcb1523467f9eebdde592d286c11b41d8
TRACE Gas Limit: 30000000
TRACE Gas spent on computation: 454090
TRACE Gas spent on pubdata: 1512
TRACE Pubdata published: 18

✅ [SUCCESS] Hash: 0x8e8f41dd5656e68c58a2ed0af95319cdcb1523467f9eebdde592d286c11b41d8
Initiator: 0xf39fd6e51aad88f6f4ce6ab8827279cfffb92266
Payer: 0xf39fd6e51aad88f6f4ce6ab8827279cfffb92266
Gas Limit: 30_000_000 | Used: 455_595 | Refunded: 29_544_405
Paid: 0.000020615673750000 ETH (455595 gas * 0.045250 gwei)
Refunded: 0.001336884326250000 ETH

 INFO Starting executing L1 batch #29
TRACE Fee benchmark for transaction with hash 958edcadbfab52bd2143ab5600745ccfd6d18cca08ff91dcccde36bf11299ae1
TRACE Gas Limit: 30000000
TRACE Gas spent on computation: 118824
TRACE Gas spent on pubdata: 1512
TRACE Pubdata published: 18

❌ [FAILED] Hash: 0x958edcadbfab52bd2143ab5600745ccfd6d18cca08ff91dcccde36bf11299ae1
Initiator: 0xf39fd6e51aad88f6f4ce6ab8827279cfffb92266
Payer: 0xf39fd6e51aad88f6f4ce6ab8827279cfffb92266
Gas Limit: 30_000_000 | Used: 120_329 | Refunded: 29_879_671
Paid: 0.000005444887250000 ETH (120329 gas * 0.045250 gwei)
Refunded: 0.001352055112750000 ETH

