 INFO initializing system contracts protocol_version=29 use_evm_emulator=false zksync_os.zksync_os=false


                      _  _         _____ _  __
  __ _  _ __  __   __(_)| |       |__  /| |/ / ___  _   _  _ __    ___
 / _` || '_ \ \ \ / /| || | _____   / / | ' / / __|| | | || '_ \  / __|
| (_| || | | | \ V / | || ||_____| / /_ | . \ \__ \| |_| || | | || (__
 \__,_||_| |_|  \_/  |_||_|       /____||_|\_\|___/ \__, ||_| |_| \___|
                                                    |___/

Version:        0.6.11
Repository:     https://github.com/matter-labs/anvil-zksync



Rich Accounts
========================
(0) 0xf39Fd6e51aad88F6F4ce6aB8827279cffFb92266 (10000.000000000000000000 ETH)
(1) 0x70997970C51812dc3A010C7d01b50e0d17dc79C8 (10000.000000000000000000 ETH)



Private Keys
========================
(0) 0xac0974bec39a17e36ba4a6b4d238ff944bacb478cbed5efcae784d7bf4f2ff80
(1) 0x59c6995e998f97a5a0044966f0945389dc9e86dae88c7a8412f4603b6b78690d



Wallet
========================
Mnemonic:            test test test test test test test test test test test junk
Derivation path:     m/44'/60'/0'/0/0


Network Configuration
========================
Chain ID: 260


Gas Configuration
========================
L1 Gas Price (gwei):               2.365348 gwei
L2 Gas Price (gwei):               0.045250 gwei
L1 Pubdata Price (gwei):           0.000000 gwei
Estimated Gas Price Scale Factor:  2
Estimated Gas Limit Scale Factor:  1.3


Genesis Timestamp
========================
1000


Node Configuration
========================
Port:                  18011
EVM Interpreter:       Disabled
Health Check Endpoint: Disabled
ZKsync OS:             Disabled
L1:                    Disabled


========================================
  Listening on 127.0.0.1:18011
========================================

 INFO Starting executing L1 batch #1
TRACE Fee benchmark for transaction with hash 61c0ffa4d9654e57389b65967dd2e9f9652fe4252544fd747a297f72f53e391d
TRACE Gas Limit: 400000000
TRACE Gas spent on computation: 558417
TRACE Gas spent on pubdata: 338268
TRACE Pubdata published: 4027

✅ [SUCCESS] Hash: 0x61c0ffa4d9654e57389b65967dd2e9f9652fe4252544fd747a297f72f53e391d
Initiator: 0xf39fd6e51aad88f6f4ce6ab8827279cfffb92266
Payer: 0xf39fd6e51aad88f6f4ce6ab8827279cfffb92266
Gas Limit: 400_000_000 | Used: 895_221 | Refunded: 399_104_779
Paid: 0.000040508750250000 ETH (895221 gas * 0.045250 gwei)
Refunded: 0.018059491249750000 ETH

 INFO Starting executing L1 batch #2
TRACE Fee benchmark for transaction with hash d8403d7d4280ce01e867ce2e5c925f00955d278ad5f90a56c6a3aea10a94ccbb
TRACE Gas Limit: 200000000
TRACE Gas spent on computation: 733361
TRACE Gas spent on pubdata: 455364
TRACE Pubdata published: 5421

✅ [SUCCESS] Hash: 0xd8403d7d4280ce01e867ce2e5c925f00955d278ad5f90a56c6a3aea10a94ccbb
Initiator: 0xf39fd6e51aad88f6f4ce6ab8827279cfffb92266
Payer: 0xf39fd6e51aad88f6f4ce6ab8827279cfffb92266
Gas Limit: 200_000_000 | Used: 1_186_755 | Refunded: 198_813_245
Paid: 0.000053700663750000 ETH (1186755 gas * 0.045250 gwei)
Refunded: 0.008996299336250000 ETH

 INFO Starting executing L1 batch #3
TRACE Fee benchmark for transaction with hash 161536358035cb033f5a07669678470d417f952749c9e6bebf1f3bfd7b947e10
TRACE Gas Limit: 30000000
TRACE Gas spent on computation: 124477
TRACE Gas spent on pubdata: 4368
TRACE Pubdata published: 52

✅ [SUCCESS] Hash: 0x161536358035cb033f5a07669678470d417f952749c9e6bebf1f3bfd7b947e10
Initiator: 0xf39fd6e51aad88f6f4ce6ab8827279cfffb92266
Payer: 0xf39fd6e51aad88f6f4ce6ab8827279cfffb92266
Gas Limit: 30_000_000 | Used: 128_826 | Refunded: 29_871_174
Paid: 0.000005829376500000 ETH (128826 gas * 0.045250 gwei)
Refunded: 0.001351670623500000 ETH

 INFO Starting executing L1 batch #4
TRACE Fee benchmark for transaction with hash 4b262f4a23ee588c944c83a9e8b5e9615af5808ed2820a097651b2a9d618c783
TRACE Gas Limit: 30000000
TRACE Gas spent on computation: 124797
TRACE Gas spent on pubdata: 4368
TRACE Pubdata published: 52

✅ [SUCCESS] Hash: 0x4b262f4a23ee588c944c83a9e8b5e9615af5808ed2820a097651b2a9d618c783
Initiator: 0xf39fd6e51aad88f6f4ce6ab8827279cfffb92266
Payer: 0xf39fd6e51aad88f6f4ce6ab8827279cfffb92266
Gas Limit: 30_000_000 | Used: 129_146 | Refunded: 29_870_854
Paid: 0.000005843856500000 ETH (129146 gas * 0.045250 gwei)
Refunded: 0.001351656143500000 ETH

 INFO Starting executing L1 batch #5
TRACE Fee benchmark for transaction with hash 64b737f728f81da9255443edb3bfe8ed365954f3dd4b3d74dc9188af7b08a2b9
TRACE Gas Limit: 30000000
TRACE Gas spent on computation: 124797
TRACE Gas spent on pubdata: 4368
TRACE Pubdata published: 52

✅ [SUCCESS] Hash: 0x64b737f728f81da9255443edb3bfe8ed365954f3dd4b3d74dc9188af7b08a2b9
Initiator: 0xf39fd6e51aad88f6f4ce6ab8827279cfffb92266
Payer: 0xf39fd6e51aad88f6f4ce6ab8827279cfffb92266
Gas Limit: 30_000_000 | Used: 129_146 | Refunded: 29_870_854
Paid: 0.000005843856500000 ETH (129146 gas * 0.045250 gwei)
Refunded: 0.001351656143500000 ETH

 INFO Starting executing L1 batch #6
TRACE Fee benchmark for transaction with hash 9579239f5d2370e2e29074b8ddd10bd801d95c95ac52b1291f001544e6455129
TRACE Gas Limit: 30000000
TRACE Gas spent on computation: 124797
TRACE Gas spent on pubdata: 4368
TRACE Pubdata published: 52

✅ [SUCCESS] Hash: 0x9579239f5d2370e2e29074b8ddd10bd801d95c95ac52b1291f001544e6455129
Initiator: 0xf39fd6e51aad88f6f4ce6ab8827279cfffb92266
Payer: 0xf39fd6e51aad88f6f4ce6ab8827279cfffb92266
Gas Limit: 30_000_000 | Used: 129_146 | Refunded: 29_870_854
Paid: 0.000005843856500000 ETH (129146 gas * 0.045250 gwei)
Refunded: 0.001351656143500000 ETH

 INFO Starting executing L1 batch #7
TRACE Fee benchmark for transaction with hash 57b7bb40ede9c655795bee9d3da2656fe4fbac18b65b799bfa139bc980881eda
TRACE Gas Limit: 30000000
TRACE Gas spent on computation: 124797
TRACE Gas spent on pubdata: 4368
TRACE Pubdata published: 52

✅ [SUCCESS] Hash: 0x57b7bb40ede9c655795bee9d3da2656fe4fbac18b65b799bfa139bc980881eda
Initiator: 0xf39fd6e51aad88f6f4ce6ab8827279cfffb92266
Payer: 0xf39fd6e51aad88f6f4ce6ab8827279cfffb92266
Gas Limit: 30_000_000 | Used: 129_146 | Refunded: 29_870_854
Paid: 0.000005843856500000 ETH (129146 gas * 0.045250 gwei)
Refunded: 0.001351656143500000 ETH

 INFO Starting executing L1 batch #8
TRACE Fee benchmark for transaction with hash a8244a8da284c786069056bc2727c753ade54ff21dfc7e554d08c4573774696e
TRACE Gas Limit: 30000000
TRACE Gas spent on computation: 124797
TRACE Gas spent on pubdata: 4368
TRACE Pubdata published: 52

✅ [SUCCESS] Hash: 0xa8244a8da284c786069056bc2727c753ade54ff21dfc7e554d08c4573774696e
Initiator: 0xf39fd6e51aad88f6f4ce6ab8827279cfffb92266
Payer: 0xf39fd6e51aad88f6f4ce6ab8827279cfffb92266
Gas Limit: 30_000_000 | Used: 129_146 | Refunded: 29_870_854
Paid: 0.000005843856500000 ETH (129146 gas * 0.045250 gwei)
Refunded: 0.001351656143500000 ETH

 INFO Starting executing L1 batch #9
TRACE Fee benchmark for transaction with hash 07a6a92247db8d4d7bd52a90c3149bdd74770235d2c83d951fdef209cedca40f
TRACE Gas Limit: 30000000
TRACE Gas spent on computation: 124797
TRACE Gas spent on pubdata: 4368
TRACE Pubdata published: 52

✅ [SUCCESS] Hash: 0x07a6a92247db8d4d7bd52a90c3149bdd74770235d2c83d951fdef209cedca40f
Initiator: 0xf39fd6e51aad88f6f4ce6ab8827279cfffb92266
Payer: 0xf39fd6e51aad88f6f4ce6ab8827279cfffb92266
Gas Limit: 30_000_000 | Used: 129_146 | Refunded: 29_870_854
Paid: 0.000005843856500000 ETH (129146 gas * 0.045250 gwei)
Refunded: 0.001351656143500000 ETH

 INFO Starting executing L1 batch #10
TRACE Fee benchmark for transaction with hash 7d8c9aa558fa49fac28f265988e4576f7d4a2d08da603b7b58847b4ef8aa4676
TRACE Gas Limit: 30000000
TRACE Gas spent on computation: 124797
TRACE Gas spent on pubdata: 4368
TRACE Pubdata published: 52

✅ [SUCCESS] Hash: 0x7d8c9aa558fa49fac28f265988e4576f7d4a2d08da603b7b58847b4ef8aa4676
Initiator: 0xf39fd6e51aad88f6f4ce6ab8827279cfffb92266
Payer: 0xf39fd6e51aad88f6f4ce6ab8827279cfffb92266
Gas Limit: 30_000_000 | Used: 129_146 | Refunded: 29_870_854
Paid: 0.000005843856500000 ETH (129146 gas * 0.045250 gwei)
Refunded: 0.001351656143500000 ETH

 INFO Starting executing L1 batch #11
TRACE Fee benchmark for transaction with hash d0ade75bb8a2dfc9e1a516fe155886c804efe0b0bfcf123490a37e7c30ead4b7
TRACE Gas Limit: 30000000
TRACE Gas spent on computation: 124797
TRACE Gas spent on pubdata: 4368
TRACE Pubdata published: 52

✅ [SUCCESS] Hash: 0xd0ade75bb8a2dfc9e1a516fe155886c804efe0b0bfcf123490a37e7c30ead4b7
Initiator: 0xf39fd6e51aad88f6f4ce6ab8827279cfffb92266
Payer: 0xf39fd6e51aad88f6f4ce6ab8827279cfffb92266
Gas Limit: 30_000_000 | Used: 129_146 | Refunded: 29_870_854
Paid: 0.000005843856500000 ETH (129146 gas * 0.045250 gwei)
Refunded: 0.001351656143500000 ETH

 INFO Starting executing L1 batch #12
TRACE Fee benchmark for transaction with hash f65b2e8f858bc438bc204c33472217332fd2a6a336c4f3f7d482ed0cf8f6acdb
TRACE Gas Limit: 30000000
TRACE Gas spent on computation: 458326
TRACE Gas spent on pubdata: 1512
TRACE Pubdata published: 18

✅ [SUCCESS] Hash: 0xf65b2e8f858bc438bc204c33472217332fd2a6a336c4f3f7d482ed0cf8f6acdb
Initiator: 0xf39fd6e51aad88f6f4ce6ab8827279cfffb92266
Payer: 0xf39fd6e51aad88f6f4ce6ab8827279cfffb92266
Gas Limit: 30_000_000 | Used: 459_831 | Refunded: 29_540_169
Paid: 0.000020807352750000 ETH (459831 gas * 0.045250 gwei)
Refunded: 0.001336692647250000 ETH

 INFO Starting executing L1 batch #13
TRACE Fee benchmark for transaction with hash 3a490fe2e42044639fc991c94e3ecffeb049fd03a7ab3ff53da675777b826428
TRACE Gas Limit: 30000000
TRACE Gas spent on computation: 458326
TRACE Gas spent on pubdata: 1512
TRACE Pubdata published: 18

✅ [SUCCESS] Hash: 0x3a490fe2e42044639fc991c94e3ecffeb049fd03a7ab3ff53da675777b826428
Initiator: 0xf39fd6e51aad88f6f4ce6ab8827279cfffb92266
Payer: 0xf39fd6e51aad88f6f4ce6ab8827279cfffb92266
Gas Limit: 30_000_000 | Used: 459_831 | Refunded: 29_540_169
Paid: 0.000020807352750000 ETH (459831 gas * 0.045250 gwei)
Refunded: 0.001336692647250000 ETH

 INFO Starting executing L1 batch #14
TRACE Fee benchmark for transaction with hash c0619b7751c588dde1f88314c17cfbd933e9e21bfe6d7f1f3ec31802de75c124
TRACE Gas Limit: 30000000
TRACE Gas spent on computation: 458326
TRACE Gas spent on pubdata: 1512
TRACE Pubdata published: 18

✅ [SUCCESS] Hash: 0xc0619b7751c588dde1f88314c17cfbd933e9e21bfe6d7f1f3ec31802de75c124
Initiator: 0xf39fd6e51aad88f6f4ce6ab8827279cfffb92266
Payer: 0xf39fd6e51aad88f6f4ce6ab8827279cfffb92266
Gas Limit: 30_000_000 | Used: 459_831 | Refunded: 29_540_169
Paid: 0.000020807352750000 ETH (459831 gas * 0.045250 gwei)
Refunded: 0.001336692647250000 ETH

 INFO Starting executing L1 batch #15
TRACE Fee benchmark for transaction with hash 838468e837690a27279cdd6739640355e8c4762a9ba614bd0dda25369ffea994
TRACE Gas Limit: 30000000
TRACE Gas spent on computation: 458326
TRACE Gas spent on pubdata: 1512
TRACE Pubdata published: 18

✅ [SUCCESS] Hash: 0x838468e837690a27279cdd6739640355e8c4762a9ba614bd0dda25369ffea994
Initiator: 0xf39fd6e51aad88f6f4ce6ab8827279cfffb92266
Payer: 0xf39fd6e51aad88f6f4ce6ab8827279cfffb92266
Gas Limit: 30_000_000 | Used: 459_831 | Refunded: 29_540_169
Paid: 0.000020807352750000 ETH (459831 gas * 0.045250 gwei)
Refunded: 0.001336692647250000 ETH

 INFO Starting executing L1 batch #16
TRACE Fee benchmark for transaction with hash fd6fa4680fa96028bd2d984fed7ab7f05e0d22c106d3c089b6fbaee223e87508
TRACE Gas Limit: 30000000
TRACE Gas spent on computation: 458326
TRACE Gas spent on pubdata: 1512
TRACE Pubdata published: 18

✅ [SUCCESS] Hash: 0xfd6fa4680fa96028bd2d984fed7ab7f05e0d22c106d3c089b6fbaee223e87508
Initiator: 0xf39fd6e51aad88f6f4ce6ab8827279cfffb92266
Payer: 0xf39fd6e51aad88f6f4ce6ab8827279cfffb92266
Gas Limit: 30_000_000 | Used: 459_831 | Refunded: 29_540_169
Paid: 0.000020807352750000 ETH (459831 gas * 0.045250 gwei)
Refunded: 0.001336692647250000 ETH

 INFO Starting executing L1 batch #17
TRACE Fee benchmark for transaction with hash 962e76e543c13dbbd70575c126b05ef7b98266240e3010a1f3d5a209c7f4c163
TRACE Gas Limit: 30000000
TRACE Gas spent on computation: 458326
TRACE Gas spent on pubdata: 1512
TRACE Pubdata published: 18

✅ [SUCCESS] Hash: 0x962e76e543c13dbbd70575c126b05ef7b98266240e3010a1f3d5a209c7f4c163
Initiator: 0xf39fd6e51aad88f6f4ce6ab8827279cfffb92266
Payer: 0xf39fd6e51aad88f6f4ce6ab8827279cfffb92266
Gas Limit: 30_000_000 | Used: 459_831 | Refunded: 29_540_169
Paid: 0.000020807352750000 ETH (459831 gas * 0.045250 gwei)
Refunded: 0.001336692647250000 ETH

 INFO Starting executing L1 batch #18
TRACE Fee benchmark for transaction with hash 1f7a4ac6370aa17da2bfd3e7289effb722c740ef7e2d0a7f00c2a95f92562ad3
TRACE Gas Limit: 30000000
TRACE Gas spent on computation: 458326
TRACE Gas spent on pubdata: 1512
TRACE Pubdata published: 18

✅ [SUCCESS] Hash: 0x1f7a4ac6370aa17da2bfd3e7289effb722c740ef7e2d0a7f00c2a95f92562ad3
Initiator: 0xf39fd6e51aad88f6f4ce6ab8827279cfffb92266
Payer: 0xf39fd6e51aad88f6f4ce6ab8827279cfffb92266
Gas Limit: 30_000_000 | Used: 459_831 | Refunded: 29_540_169
Paid: 0.000020807352750000 ETH (459831 gas * 0.045250 gwei)
Refunded: 0.001336692647250000 ETH

 INFO Starting executing L1 batch #19
TRACE Fee benchmark for transaction with hash 71353afe326b29476e3c2d555930ccdbbe32358bb364b1412930ae8674fef937
TRACE Gas Limit: 30000000
TRACE Gas spent on computation: 458326
TRACE Gas spent on pubdata: 1512
TRACE Pubdata published: 18

✅ [SUCCESS] Hash: 0x71353afe326b29476e3c2d555930ccdbbe32358bb364b1412930ae8674fef937
Initiator: 0xf39fd6e51aad88f6f4ce6ab8827279cfffb92266
Payer: 0xf39fd6e51aad88f6f4ce6ab8827279cfffb92266
Gas Limit: 30_000_000 | Used: 459_831 | Refunded: 29_540_169
Paid: 0.000020807352750000 ETH (459831 gas * 0.045250 gwei)
Refunded: 0.001336692647250000 ETH

 INFO Starting executing L1 batch #20
TRACE Fee benchmark for transaction with hash 14d8e2abfcf1a0abaa1979e5e90214d41faed0ed80728533d385769a63c8aecb
TRACE Gas Limit: 30000000
TRACE Gas spent on computation: 451263
TRACE Gas spent on pubdata: 1512
TRACE Pubdata published: 18

✅ [SUCCESS] Hash: 0x14d8e2abfcf1a0abaa1979e5e90214d41faed0ed80728533d385769a63c8aecb
Initiator: 0xf39fd6e51aad88f6f4ce6ab8827279cfffb92266
Payer: 0xf39fd6e51aad88f6f4ce6ab8827279cfffb92266
Gas Limit: 30_000_000 | Used: 452_768 | Refunded: 29_547_232
Paid: 0.000020487752000000 ETH (452768 gas * 0.045250 gwei)
Refunded: 0.001337012248000000 ETH

 INFO Starting executing L1 batch #21
TRACE Fee benchmark for transaction with hash 3568d7b72494f5ea1bd89086401bd39cf9a9bc6da2d83a9a1b63d9a281c676c0
TRACE Gas Limit: 30000000
TRACE Gas spent on computation: 451263
TRACE Gas spent on pubdata: 1512
TRACE Pubdata published: 18

✅ [SUCCESS] Hash: 0x3568d7b72494f5ea1bd89086401bd39cf9a9bc6da2d83a9a1b63d9a281c676c0
Initiator: 0xf39fd6e51aad88f6f4ce6ab8827279cfffb92266
Payer: 0xf39fd6e51aad88f6f4ce6ab8827279cfffb92266
Gas Limit: 30_000_000 | Used: 452_768 | Refunded: 29_547_232
Paid: 0.000020487752000000 ETH (452768 gas * 0.045250 gwei)
Refunded: 0.001337012248000000 ETH

 INFO Starting executing L1 batch #22
TRACE Fee benchmark for transaction with hash 1f538fbdd9d91cc70351a48517962db5679fa7eadc79b36ef8a9dcb733ff8081
TRACE Gas Limit: 30000000
TRACE Gas spent on computation: 451263
TRACE Gas spent on pubdata: 1512
TRACE Pubdata published: 18

✅ [SUCCESS] Hash: 0x1f538fbdd9d91cc70351a48517962db5679fa7eadc79b36ef8a9dcb733ff8081
Initiator: 0xf39fd6e51aad88f6f4ce6ab8827279cfffb92266
Payer: 0xf39fd6e51aad88f6f4ce6ab8827279cfffb92266
Gas Limit: 30_000_000 | Used: 452_768 | Refunded: 29_547_232
Paid: 0.000020487752000000 ETH (452768 gas * 0.045250 gwei)
Refunded: 0.001337012248000000 ETH

 INFO Starting executing L1 batch #23
TRACE Fee benchmark for transaction with hash 4d1cd6ea652342e1b369f4429b8b33ca3973d5c1af541ab1373f5a0621dcbafc
TRACE Gas Limit: 30000000
TRACE Gas spent on computation: 451263
TRACE Gas spent on pubdata: 1512
TRACE Pubdata published: 18

✅ [SUCCESS] Hash: 0x4d1cd6ea652342e1b369f4429b8b33ca3973d5c1af541ab1373f5a0621dcbafc
Initiator: 0xf39fd6e51aad88f6f4ce6ab8827279cfffb92266
Payer: 0xf39fd6e51aad88f6f4ce6ab8827279cfffb92266
Gas Limit: 30_000_000 | Used: 452_768 | Refunded: 29_547_232
Paid: 0.000020487752000000 ETH (452768 gas * 0.045250 gwei)
Refunded: 0.001337012248000000 ETH

 INFO Starting executing L1 batch #24
TRACE Fee benchmark for transaction with hash 81a79d5c7d05b10c2c578e88ce8ae476c3df2408a5956ad68a3403a81554407e
TRACE Gas Limit: 30000000
TRACE Gas spent on computation: 451263
TRACE Gas spent on pubdata: 1512
TRACE Pubdata published: 18

✅ [SUCCESS] Hash: 0x81a79d5c7d05b10c2c578e88ce8ae476c3df2408a5956ad68a3403a81554407e
Initiator: 0xf39fd6e51aad88f6f4ce6ab8827279cfffb92266
Payer: 0xf39fd6e51aad88f6f4ce6ab8827279cfffb92266
Gas Limit: 30_000_000 | Used: 452_768 | Refunded: 29_547_232
Paid: 0.000020487752000000 ETH (452768 gas * 0.045250 gwei)
Refunded: 0.001337012248000000 ETH

 INFO Starting executing L1 batch #25
TRACE Fee benchmark for transaction with hash 28dbf73b0e8837bdefd33e660df1fd0315a7b66133a583f1423ad0f98e81aac0
TRACE Gas Limit: 30000000
TRACE Gas spent on computation: 451263
TRACE Gas spent on pubdata: 1512
TRACE Pubdata published: 18

✅ [SUCCESS] Hash: 0x28dbf73b0e8837bdefd33e660df1fd0315a7b66133a583f1423ad0f98e81aac0
Initiator: 0xf39fd6e51aad88f6f4ce6ab8827279cfffb92266
Payer: 0xf39fd6e51aad88f6f4ce6ab8827279cfffb92266
Gas Limit: 30_000_000 | Used: 452_768 | Refunded: 29_547_232
Paid: 0.000020487752000000 ETH (452768 gas * 0.045250 gwei)
Refunded: 0.001337012248000000 ETH

 INFO Starting executing L1 batch #26
TRACE Fee benchmark for transaction with hash 80f5b47fd5f718f51519c24068b0794a81ffc0145faeab28b4236c0b6f33eb6b
TRACE Gas Limit: 30000000
TRACE Gas spent on computation: 451263
TRACE Gas spent on pubdata: 1512
TRACE Pubdata published: 18

✅ [SUCCESS] Hash: 0x80f5b47fd5f718f51519c24068b0794a81ffc0145faeab28b4236c0b6f33eb6b
Initiator: 0xf39fd6e51aad88f6f4ce6ab8827279cfffb92266
Payer: 0xf39fd6e51aad88f6f4ce6ab8827279cfffb92266
Gas Limit: 30_000_000 | Used: 452_768 | Refunded: 29_547_232
Paid: 0.000020487752000000 ETH (452768 gas * 0.045250 gwei)
Refunded: 0.001337012248000000 ETH

 INFO Starting executing L1 batch #27
TRACE Fee benchmark for transaction with hash a86cfe4057463a0c67ba9899089d941e7a0e5908144964fd74eb99581c4990ba
TRACE Gas Limit: 30000000
TRACE Gas spent on computation: 451263
TRACE Gas spent on pubdata: 1512
TRACE Pubdata published: 18

✅ [SUCCESS] Hash: 0xa86cfe4057463a0c67ba9899089d941e7a0e5908144964fd74eb99581c4990ba
Initiator: 0xf39fd6e51aad88f6f4ce6ab8827279cfffb92266
Payer: 0xf39fd6e51aad88f6f4ce6ab8827279cfffb92266
Gas Limit: 30_000_000 | Used: 452_768 | Refunded: 29_547_232
Paid: 0.000020487752000000 ETH (452768 gas * 0.045250 gwei)
Refunded: 0.001337012248000000 ETH

 INFO Starting executing L1 batch #28
TRACE Fee benchmark for transaction with hash 233b779fe77dfdc04e8013649c6e2a8021c9da8f01384acc2f0506121f46a3a9
TRACE Gas Limit: 30000000
TRACE Gas spent on computation: 451263
TRACE Gas spent on pubdata: 1512
TRACE Pubdata published: 18

✅ [SUCCESS] Hash: 0x233b779fe77dfdc04e8013649c6e2a8021c9da8f01384acc2f0506121f46a3a9
Initiator: 0xf39fd6e51aad88f6f4ce6ab8827279cfffb92266
Payer: 0xf39fd6e51aad88f6f4ce6ab8827279cfffb92266
Gas Limit: 30_000_000 | Used: 452_768 | Refunded: 29_547_232
Paid: 0.000020487752000000 ETH (452768 gas * 0.045250 gwei)
Refunded: 0.001337012248000000 ETH

 INFO Starting executing L1 batch #29
TRACE Fee benchmark for transaction with hash 64ba25bdbb93db28ea9cab42291ee6e0b1e4139b519c7a7f04f31bd1778a55a3
TRACE Gas Limit: 30000000
TRACE Gas spent on computation: 118680
TRACE Gas spent on pubdata: 1512
TRACE Pubdata published: 18

❌ [FAILED] Hash: 0x64ba25bdbb93db28ea9cab42291ee6e0b1e4139b519c7a7f04f31bd1778a55a3
Initiator: 0xf39fd6e51aad88f6f4ce6ab8827279cfffb92266
Payer: 0xf39fd6e51aad88f6f4ce6ab8827279cfffb92266
Gas Limit: 30_000_000 | Used: 120_185 | Refunded: 29_879_815
Paid: 0.000005438371250000 ETH (120185 gas * 0.045250 gwei)
Refunded: 0.001352061628750000 ETH

