 INFO initializing system contracts protocol_version=29 use_evm_emulator=false zksync_os.zksync_os=false


                      _  _         _____ _  __
  __ _  _ __  __   __(_)| |       |__  /| |/ / ___  _   _  _ __    ___
 / _` || '_ \ \ \ / /| || | _____   / / | ' / / __|| | | || '_ \  / __|
| (_| || | | | \ V / | || ||_____| / /_ | . \ \__ \| |_| || | | || (__
 \__,_||_| |_|  \_/  |_||_|       /____||_|\_\|___/ \__, ||_| |_| \___|
                                                    |___/

Version:        0.6.11
Repository:     https://github.com/matter-labs/anvil-zksync



Rich Accounts
========================
(0) 0xf39Fd6e51aad88F6F4ce6aB8827279cffFb92266 (10000.000000000000000000 ETH)
(1) 0x70997970C51812dc3A010C7d01b50e0d17dc79C8 (10000.000000000000000000 ETH)



Private Keys
========================
(0) 0xac0974bec39a17e36ba4a6b4d238ff944bacb478cbed5efcae784d7bf4f2ff80
(1) 0x59c6995e998f97a5a0044966f0945389dc9e86dae88c7a8412f4603b6b78690d



Wallet
========================
Mnemonic:            test test test test test test test test test test test junk
Derivation path:     m/44'/60'/0'/0/0


Network Configuration
========================
Chain ID: 260


Gas Configuration
========================
L1 Gas Price (gwei):               2.365348 gwei
L2 Gas Price (gwei):               0.045250 gwei
L1 Pubdata Price (gwei):           0.000000 gwei
Estimated Gas Price Scale Factor:  2
Estimated Gas Limit Scale Factor:  1.3


Genesis Timestamp
========================
1000


Node Configuration
========================
Port:                  18011
EVM Interpreter:       Disabled
Health Check Endpoint: Disabled
ZKsync OS:             Disabled
L1:                    Disabled


========================================
  Listening on 127.0.0.1:18011
========================================

 INFO Starting executing L1 batch #1
TRACE Fee benchmark for transaction with hash 8dde4d3ea56ed0c86c3b499254390c93b5acc98674eb89155e7665816c75a3a8
TRACE Gas Limit: 400000000
TRACE Gas spent on computation: 3719902
TRACE Gas spent on pubdata: 2657340
TRACE Pubdata published: 31635

✅ [SUCCESS] Hash: 0x8dde4d3ea56ed0c86c3b499254390c93b5acc98674eb89155e7665816c75a3a8
Initiator: 0xf39fd6e51aad88f6f4ce6ab8827279cfffb92266
Payer: 0xf39fd6e51aad88f6f4ce6ab8827279cfffb92266
Gas Limit: 400_000_000 | Used: 6_365_747 | Refunded: 393_634_253
Paid: 0.000288050051750000 ETH (6365747 gas * 0.045250 gwei)
Refunded: 0.017811949948250000 ETH

 INFO Starting executing L1 batch #2
TRACE Fee benchmark for transaction with hash 76b7d447e94914e7e9d15b521b28ea114a2af0e5fa06a284d7871e26ff1c95e2
TRACE Gas Limit: 200000000
TRACE Gas spent on computation: 720491
TRACE Gas spent on pubdata: 444612
TRACE Pubdata published: 5293

✅ [SUCCESS] Hash: 0x76b7d447e94914e7e9d15b521b28ea114a2af0e5fa06a284d7871e26ff1c95e2
Initiator: 0xf39fd6e51aad88f6f4ce6ab8827279cfffb92266
Payer: 0xf39fd6e51aad88f6f4ce6ab8827279cfffb92266
Gas Limit: 200_000_000 | Used: 1_163_179 | Refunded: 198_836_821
Paid: 0.000052633849750000 ETH (1163179 gas * 0.045250 gwei)
Refunded: 0.008997366150250000 ETH

 INFO Starting executing L1 batch #3
TRACE Fee benchmark for transaction with hash 161536358035cb033f5a07669678470d417f952749c9e6bebf1f3bfd7b947e10
TRACE Gas Limit: 30000000
TRACE Gas spent on computation: 124461
TRACE Gas spent on pubdata: 4368
TRACE Pubdata published: 52

✅ [SUCCESS] Hash: 0x161536358035cb033f5a07669678470d417f952749c9e6bebf1f3bfd7b947e10
Initiator: 0xf39fd6e51aad88f6f4ce6ab8827279cfffb92266
Payer: 0xf39fd6e51aad88f6f4ce6ab8827279cfffb92266
Gas Limit: 30_000_000 | Used: 128_810 | Refunded: 29_871_190
Paid: 0.000005828652500000 ETH (128810 gas * 0.045250 gwei)
Refunded: 0.001351671347500000 ETH

 INFO Starting executing L1 batch #4
TRACE Fee benchmark for transaction with hash 6a3a78174c9fcdd7ec217ae0675232482a597838143b3d6069c0a7a0acdba8e6
TRACE Gas Limit: 30000000
TRACE Gas spent on computation: 124781
TRACE Gas spent on pubdata: 4368
TRACE Pubdata published: 52

✅ [SUCCESS] Hash: 0x6a3a78174c9fcdd7ec217ae0675232482a597838143b3d6069c0a7a0acdba8e6
Initiator: 0xf39fd6e51aad88f6f4ce6ab8827279cfffb92266
Payer: 0xf39fd6e51aad88f6f4ce6ab8827279cfffb92266
Gas Limit: 30_000_000 | Used: 129_130 | Refunded: 29_870_870
Paid: 0.000005843132500000 ETH (129130 gas * 0.045250 gwei)
Refunded: 0.001351656867500000 ETH

 INFO Starting executing L1 batch #5
TRACE Fee benchmark for transaction with hash e12939ff7675e3a0f06694c77fbdd3ec18ed96dbf8c19847ee5bc8e6f1ff24d9
TRACE Gas Limit: 30000000
TRACE Gas spent on computation: 124781
TRACE Gas spent on pubdata: 4368
TRACE Pubdata published: 52

✅ [SUCCESS] Hash: 0xe12939ff7675e3a0f06694c77fbdd3ec18ed96dbf8c19847ee5bc8e6f1ff24d9
Initiator: 0xf39fd6e51aad88f6f4ce6ab8827279cfffb92266
Payer: 0xf39fd6e51aad88f6f4ce6ab8827279cfffb92266
Gas Limit: 30_000_000 | Used: 129_130 | Refunded: 29_870_870
Paid: 0.000005843132500000 ETH (129130 gas * 0.045250 gwei)
Refunded: 0.001351656867500000 ETH

 INFO Starting executing L1 batch #6
TRACE Fee benchmark for transaction with hash 860004bd0dea47a18be05959f857ccaa044074a10ec96298ebec16bdd9f39566
TRACE Gas Limit: 30000000
TRACE Gas spent on computation: 124781
TRACE Gas spent on pubdata: 4368
TRACE Pubdata published: 52

✅ [SUCCESS] Hash: 0x860004bd0dea47a18be05959f857ccaa044074a10ec96298ebec16bdd9f39566
Initiator: 0xf39fd6e51aad88f6f4ce6ab8827279cfffb92266
Payer: 0xf39fd6e51aad88f6f4ce6ab8827279cfffb92266
Gas Limit: 30_000_000 | Used: 129_130 | Refunded: 29_870_870
Paid: 0.000005843132500000 ETH (129130 gas * 0.045250 gwei)
Refunded: 0.001351656867500000 ETH

 INFO Starting executing L1 batch #7
TRACE Fee benchmark for transaction with hash 63f9de0746d5c70f997a2a08d646ffb09542b11b823a9d6781227f5f272052ea
TRACE Gas Limit: 30000000
TRACE Gas spent on computation: 124781
TRACE Gas spent on pubdata: 4368
TRACE Pubdata published: 52

✅ [SUCCESS] Hash: 0x63f9de0746d5c70f997a2a08d646ffb09542b11b823a9d6781227f5f272052ea
Initiator: 0xf39fd6e51aad88f6f4ce6ab8827279cfffb92266
Payer: 0xf39fd6e51aad88f6f4ce6ab8827279cfffb92266
Gas Limit: 30_000_000 | Used: 129_130 | Refunded: 29_870_870
Paid: 0.000005843132500000 ETH (129130 gas * 0.045250 gwei)
Refunded: 0.001351656867500000 ETH

 INFO Starting executing L1 batch #8
TRACE Fee benchmark for transaction with hash 84df082ea74270f8e9b62949b2cb57244a11be927fc45a380f7b8168157ee423
TRACE Gas Limit: 30000000
TRACE Gas spent on computation: 124781
TRACE Gas spent on pubdata: 4368
TRACE Pubdata published: 52

✅ [SUCCESS] Hash: 0x84df082ea74270f8e9b62949b2cb57244a11be927fc45a380f7b8168157ee423
Initiator: 0xf39fd6e51aad88f6f4ce6ab8827279cfffb92266
Payer: 0xf39fd6e51aad88f6f4ce6ab8827279cfffb92266
Gas Limit: 30_000_000 | Used: 129_130 | Refunded: 29_870_870
Paid: 0.000005843132500000 ETH (129130 gas * 0.045250 gwei)
Refunded: 0.001351656867500000 ETH

 INFO Starting executing L1 batch #9
TRACE Fee benchmark for transaction with hash d22c27dc49dbce33aa78e985610bb099d84cdb904793968b41d247cd86f72d89
TRACE Gas Limit: 30000000
TRACE Gas spent on computation: 124781
TRACE Gas spent on pubdata: 4368
TRACE Pubdata published: 52

✅ [SUCCESS] Hash: 0xd22c27dc49dbce33aa78e985610bb099d84cdb904793968b41d247cd86f72d89
Initiator: 0xf39fd6e51aad88f6f4ce6ab8827279cfffb92266
Payer: 0xf39fd6e51aad88f6f4ce6ab8827279cfffb92266
Gas Limit: 30_000_000 | Used: 129_130 | Refunded: 29_870_870
Paid: 0.000005843132500000 ETH (129130 gas * 0.045250 gwei)
Refunded: 0.001351656867500000 ETH

 INFO Starting executing L1 batch #10
TRACE Fee benchmark for transaction with hash dc79aab5cab5f1d70d89d42622f9bba57ce4af7ae8e92142ae0c007e384490cd
TRACE Gas Limit: 30000000
TRACE Gas spent on computation: 124781
TRACE Gas spent on pubdata: 4368
TRACE Pubdata published: 52

✅ [SUCCESS] Hash: 0xdc79aab5cab5f1d70d89d42622f9bba57ce4af7ae8e92142ae0c007e384490cd
Initiator: 0xf39fd6e51aad88f6f4ce6ab8827279cfffb92266
Payer: 0xf39fd6e51aad88f6f4ce6ab8827279cfffb92266
Gas Limit: 30_000_000 | Used: 129_130 | Refunded: 29_870_870
Paid: 0.000005843132500000 ETH (129130 gas * 0.045250 gwei)
Refunded: 0.001351656867500000 ETH

 INFO Starting executing L1 batch #11
TRACE Fee benchmark for transaction with hash 97815a4a3ed611fd9e95ad8dcbd2a10dc601129a948fa5ea748cc16348dc656d
TRACE Gas Limit: 30000000
TRACE Gas spent on computation: 124781
TRACE Gas spent on pubdata: 4368
TRACE Pubdata published: 52

✅ [SUCCESS] Hash: 0x97815a4a3ed611fd9e95ad8dcbd2a10dc601129a948fa5ea748cc16348dc656d
Initiator: 0xf39fd6e51aad88f6f4ce6ab8827279cfffb92266
Payer: 0xf39fd6e51aad88f6f4ce6ab8827279cfffb92266
Gas Limit: 30_000_000 | Used: 129_130 | Refunded: 29_870_870
Paid: 0.000005843132500000 ETH (129130 gas * 0.045250 gwei)
Refunded: 0.001351656867500000 ETH

 INFO Starting executing L1 batch #12
TRACE Fee benchmark for transaction with hash 3b1813dc834cd19b5036b5433653c95fef54901a3e12a5603bf9867c3dbe6dae
TRACE Gas Limit: 30000000
TRACE Gas spent on computation: 467009
TRACE Gas spent on pubdata: 1512
TRACE Pubdata published: 18

✅ [SUCCESS] Hash: 0x3b1813dc834cd19b5036b5433653c95fef54901a3e12a5603bf9867c3dbe6dae
Initiator: 0xf39fd6e51aad88f6f4ce6ab8827279cfffb92266
Payer: 0xf39fd6e51aad88f6f4ce6ab8827279cfffb92266
Gas Limit: 30_000_000 | Used: 468_514 | Refunded: 29_531_486
Paid: 0.000021200258500000 ETH (468514 gas * 0.045250 gwei)
Refunded: 0.001336299741500000 ETH

 INFO Starting executing L1 batch #13
TRACE Fee benchmark for transaction with hash cc5475f934ca6517854ae3a0cb1e7ce630c60af1dfe16ad4d01160fa6e7cb518
TRACE Gas Limit: 30000000
TRACE Gas spent on computation: 468755
TRACE Gas spent on pubdata: 1512
TRACE Pubdata published: 18

✅ [SUCCESS] Hash: 0xcc5475f934ca6517854ae3a0cb1e7ce630c60af1dfe16ad4d01160fa6e7cb518
Initiator: 0xf39fd6e51aad88f6f4ce6ab8827279cfffb92266
Payer: 0xf39fd6e51aad88f6f4ce6ab8827279cfffb92266
Gas Limit: 30_000_000 | Used: 470_260 | Refunded: 29_529_740
Paid: 0.000021279265000000 ETH (470260 gas * 0.045250 gwei)
Refunded: 0.001336220735000000 ETH

 INFO Starting executing L1 batch #14
TRACE Fee benchmark for transaction with hash 90adc990bc8f87c85d089b55478d2b33ccbcc25e336bd44435b56842d42c58e8
TRACE Gas Limit: 30000000
TRACE Gas spent on computation: 469607
TRACE Gas spent on pubdata: 1512
TRACE Pubdata published: 18

✅ [SUCCESS] Hash: 0x90adc990bc8f87c85d089b55478d2b33ccbcc25e336bd44435b56842d42c58e8
Initiator: 0xf39fd6e51aad88f6f4ce6ab8827279cfffb92266
Payer: 0xf39fd6e51aad88f6f4ce6ab8827279cfffb92266
Gas Limit: 30_000_000 | Used: 471_112 | Refunded: 29_528_888
Paid: 0.000021317818000000 ETH (471112 gas * 0.045250 gwei)
Refunded: 0.001336182182000000 ETH

 INFO Starting executing L1 batch #15
TRACE Fee benchmark for transaction with hash ce02d88912fa76641ca0de5565a4ff672849227cbdd6b72fff159b03bc65155c
TRACE Gas Limit: 30000000
TRACE Gas spent on computation: 470129
TRACE Gas spent on pubdata: 1512
TRACE Pubdata published: 18

✅ [SUCCESS] Hash: 0xce02d88912fa76641ca0de5565a4ff672849227cbdd6b72fff159b03bc65155c
Initiator: 0xf39fd6e51aad88f6f4ce6ab8827279cfffb92266
Payer: 0xf39fd6e51aad88f6f4ce6ab8827279cfffb92266
Gas Limit: 30_000_000 | Used: 471_634 | Refunded: 29_528_366
Paid: 0.000021341438500000 ETH (471634 gas * 0.045250 gwei)
Refunded: 0.001336158561500000 ETH

 INFO Starting executing L1 batch #16
TRACE Fee benchmark for transaction with hash 7a015c9096f7184d1050023c508b502e156e68410154caeaa3987bfbbc7431d8
TRACE Gas Limit: 30000000
TRACE Gas spent on computation: 467255
TRACE Gas spent on pubdata: 1512
TRACE Pubdata published: 18

✅ [SUCCESS] Hash: 0x7a015c9096f7184d1050023c508b502e156e68410154caeaa3987bfbbc7431d8
Initiator: 0xf39fd6e51aad88f6f4ce6ab8827279cfffb92266
Payer: 0xf39fd6e51aad88f6f4ce6ab8827279cfffb92266
Gas Limit: 30_000_000 | Used: 468_760 | Refunded: 29_531_240
Paid: 0.000021211390000000 ETH (468760 gas * 0.045250 gwei)
Refunded: 0.001336288610000000 ETH

 INFO Starting executing L1 batch #17
TRACE Fee benchmark for transaction with hash 34fbaa90128aa66a20ee91e3d35aff08fab48d9d5c3001c26b40cbc089e2e4be
TRACE Gas Limit: 30000000
TRACE Gas spent on computation: 468941
TRACE Gas spent on pubdata: 1512
TRACE Pubdata published: 18

✅ [SUCCESS] Hash: 0x34fbaa90128aa66a20ee91e3d35aff08fab48d9d5c3001c26b40cbc089e2e4be
Initiator: 0xf39fd6e51aad88f6f4ce6ab8827279cfffb92266
Payer: 0xf39fd6e51aad88f6f4ce6ab8827279cfffb92266
Gas Limit: 30_000_000 | Used: 470_446 | Refunded: 29_529_554
Paid: 0.000021287681500000 ETH (470446 gas * 0.045250 gwei)
Refunded: 0.001336212318500000 ETH

 INFO Starting executing L1 batch #18
TRACE Fee benchmark for transaction with hash 1e607769db0f6ae2521bd892acc025186fedc7e57e591d08a5acc1267348e234
TRACE Gas Limit: 30000000
TRACE Gas spent on computation: 467261
TRACE Gas spent on pubdata: 1512
TRACE Pubdata published: 18

✅ [SUCCESS] Hash: 0x1e607769db0f6ae2521bd892acc025186fedc7e57e591d08a5acc1267348e234
Initiator: 0xf39fd6e51aad88f6f4ce6ab8827279cfffb92266
Payer: 0xf39fd6e51aad88f6f4ce6ab8827279cfffb92266
Gas Limit: 30_000_000 | Used: 468_766 | Refunded: 29_531_234
Paid: 0.000021211661500000 ETH (468766 gas * 0.045250 gwei)
Refunded: 0.001336288338500000 ETH

 INFO Starting executing L1 batch #19
TRACE Fee benchmark for transaction with hash 0aa3eb568cfc63e12a0a6c4844030ffcf8b2ba1b64827693989d134fe7e6e120
TRACE Gas Limit: 30000000
TRACE Gas spent on computation: 468725
TRACE Gas spent on pubdata: 1512
TRACE Pubdata published: 18

✅ [SUCCESS] Hash: 0x0aa3eb568cfc63e12a0a6c4844030ffcf8b2ba1b64827693989d134fe7e6e120
Initiator: 0xf39fd6e51aad88f6f4ce6ab8827279cfffb92266
Payer: 0xf39fd6e51aad88f6f4ce6ab8827279cfffb92266
Gas Limit: 30_000_000 | Used: 470_230 | Refunded: 29_529_770
Paid: 0.000021277907500000 ETH (470230 gas * 0.045250 gwei)
Refunded: 0.001336222092500000 ETH

 INFO Starting executing L1 batch #20
TRACE Fee benchmark for transaction with hash f02d15fd75002bf3d3cfd754cb0f3c7a6e041234a52c7acba695acbee6b55c76
TRACE Gas Limit: 30000000
TRACE Gas spent on computation: 459318
TRACE Gas spent on pubdata: 1512
TRACE Pubdata published: 18

✅ [SUCCESS] Hash: 0xf02d15fd75002bf3d3cfd754cb0f3c7a6e041234a52c7acba695acbee6b55c76
Initiator: 0xf39fd6e51aad88f6f4ce6ab8827279cfffb92266
Payer: 0xf39fd6e51aad88f6f4ce6ab8827279cfffb92266
Gas Limit: 30_000_000 | Used: 460_823 | Refunded: 29_539_177
Paid: 0.000020852240750000 ETH (460823 gas * 0.045250 gwei)
Refunded: 0.001336647759250000 ETH

 INFO Starting executing L1 batch #21
TRACE Fee benchmark for transaction with hash aea466412099518d3cb9f28391750fc20014a7a229909595b8d3c9152d306d3d
TRACE Gas Limit: 30000000
TRACE Gas spent on computation: 461064
TRACE Gas spent on pubdata: 1512
TRACE Pubdata published: 18

✅ [SUCCESS] Hash: 0xaea466412099518d3cb9f28391750fc20014a7a229909595b8d3c9152d306d3d
Initiator: 0xf39fd6e51aad88f6f4ce6ab8827279cfffb92266
Payer: 0xf39fd6e51aad88f6f4ce6ab8827279cfffb92266
Gas Limit: 30_000_000 | Used: 462_569 | Refunded: 29_537_431
Paid: 0.000020931247250000 ETH (462569 gas * 0.045250 gwei)
Refunded: 0.001336568752750000 ETH

 INFO Starting executing L1 batch #22
TRACE Fee benchmark for transaction with hash 3883c9735a59ebaa9f2dda5bd789b6eb73bd5400fda06b4eaaba4f6311f3c6ce
TRACE Gas Limit: 30000000
TRACE Gas spent on computation: 461916
TRACE Gas spent on pubdata: 1512
TRACE Pubdata published: 18

✅ [SUCCESS] Hash: 0x3883c9735a59ebaa9f2dda5bd789b6eb73bd5400fda06b4eaaba4f6311f3c6ce
Initiator: 0xf39fd6e51aad88f6f4ce6ab8827279cfffb92266
Payer: 0xf39fd6e51aad88f6f4ce6ab8827279cfffb92266
Gas Limit: 30_000_000 | Used: 463_421 | Refunded: 29_536_579
Paid: 0.000020969800250000 ETH (463421 gas * 0.045250 gwei)
Refunded: 0.001336530199750000 ETH

 INFO Starting executing L1 batch #23
TRACE Fee benchmark for transaction with hash 1fe52bd5a154875cc813b25d11e50b993f22c942d49b4fb922bf013cc7d1c540
TRACE Gas Limit: 30000000
TRACE Gas spent on computation: 462438
TRACE Gas spent on pubdata: 1512
TRACE Pubdata published: 18

✅ [SUCCESS] Hash: 0x1fe52bd5a154875cc813b25d11e50b993f22c942d49b4fb922bf013cc7d1c540
Initiator: 0xf39fd6e51aad88f6f4ce6ab8827279cfffb92266
Payer: 0xf39fd6e51aad88f6f4ce6ab8827279cfffb92266
Gas Limit: 30_000_000 | Used: 463_943 | Refunded: 29_536_057
Paid: 0.000020993420750000 ETH (463943 gas * 0.045250 gwei)
Refunded: 0.001336506579250000 ETH

 INFO Starting executing L1 batch #24
TRACE Fee benchmark for transaction with hash 7b1071996b776e36d838172c12307677c441554368d4d3c1bfacadf072fa733a
TRACE Gas Limit: 30000000
TRACE Gas spent on computation: 459564
TRACE Gas spent on pubdata: 1512
TRACE Pubdata published: 18

✅ [SUCCESS] Hash: 0x7b1071996b776e36d838172c12307677c441554368d4d3c1bfacadf072fa733a
Initiator: 0xf39fd6e51aad88f6f4ce6ab8827279cfffb92266
Payer: 0xf39fd6e51aad88f6f4ce6ab8827279cfffb92266
Gas Limit: 30_000_000 | Used: 461_069 | Refunded: 29_538_931
Paid: 0.000020863372250000 ETH (461069 gas * 0.045250 gwei)
Refunded: 0.001336636627750000 ETH

 INFO Starting executing L1 batch #25
TRACE Fee benchmark for transaction with hash 4fcb9028ffbc4529ab036ee623b1706f379f5679d5e3e8e7be9db976aa86d1b6
TRACE Gas Limit: 30000000
TRACE Gas spent on computation: 461250
TRACE Gas spent on pubdata: 1512
TRACE Pubdata published: 18

✅ [SUCCESS] Hash: 0x4fcb9028ffbc4529ab036ee623b1706f379f5679d5e3e8e7be9db976aa86d1b6
Initiator: 0xf39fd6e51aad88f6f4ce6ab8827279cfffb92266
Payer: 0xf39fd6e51aad88f6f4ce6ab8827279cfffb92266
Gas Limit: 30_000_000 | Used: 462_755 | Refunded: 29_537_245
Paid: 0.000020939663750000 ETH (462755 gas * 0.045250 gwei)
Refunded: 0.001336560336250000 ETH

 INFO Starting executing L1 batch #26
TRACE Fee benchmark for transaction with hash 6b76352cbab66cedf5d41fa7dcc5601f7b644fc786ca4db5d0cc42a845db9759
TRACE Gas Limit: 30000000
TRACE Gas spent on computation: 459570
TRACE Gas spent on pubdata: 1512
TRACE Pubdata published: 18

✅ [SUCCESS] Hash: 0x6b76352cbab66cedf5d41fa7dcc5601f7b644fc786ca4db5d0cc42a845db9759
Initiator: 0xf39fd6e51aad88f6f4ce6ab8827279cfffb92266
Payer: 0xf39fd6e51aad88f6f4ce6ab8827279cfffb92266
Gas Limit: 30_000_000 | Used: 461_075 | Refunded: 29_538_925
Paid: 0.000020863643750000 ETH (461075 gas * 0.045250 gwei)
Refunded: 0.001336636356250000 ETH

 INFO Starting executing L1 batch #27
TRACE Fee benchmark for transaction with hash 51232a49640b547cc8f381217d9047eb271e50a80f942869d668745f43bfeb91
TRACE Gas Limit: 30000000
TRACE Gas spent on computation: 461034
TRACE Gas spent on pubdata: 1512
TRACE Pubdata published: 18

✅ [SUCCESS] Hash: 0x51232a49640b547cc8f381217d9047eb271e50a80f942869d668745f43bfeb91
Initiator: 0xf39fd6e51aad88f6f4ce6ab8827279cfffb92266
Payer: 0xf39fd6e51aad88f6f4ce6ab8827279cfffb92266
Gas Limit: 30_000_000 | Used: 462_539 | Refunded: 29_537_461
Paid: 0.000020929889750000 ETH (462539 gas * 0.045250 gwei)
Refunded: 0.001336570110250000 ETH

 INFO Starting executing L1 batch #28
TRACE Fee benchmark for transaction with hash a3d38ac3ddf3ef417857c913eef30fd89b7e24cb740a62ab72c7a0a94a678abd
TRACE Gas Limit: 30000000
TRACE Gas spent on computation: 459318
TRACE Gas spent on pubdata: 1512
TRACE Pubdata published: 18

✅ [SUCCESS] Hash: 0xa3d38ac3ddf3ef417857c913eef30fd89b7e24cb740a62ab72c7a0a94a678abd
Initiator: 0xf39fd6e51aad88f6f4ce6ab8827279cfffb92266
Payer: 0xf39fd6e51aad88f6f4ce6ab8827279cfffb92266
Gas Limit: 30_000_000 | Used: 460_823 | Refunded: 29_539_177
Paid: 0.000020852240750000 ETH (460823 gas * 0.045250 gwei)
Refunded: 0.001336647759250000 ETH

 INFO Starting executing L1 batch #29
TRACE Fee benchmark for transaction with hash d1f0eea4aad6e600d771f963fa424b042e08c4aac04e1b866bc9699b5b2ccb65
TRACE Gas Limit: 30000000
TRACE Gas spent on computation: 118840
TRACE Gas spent on pubdata: 1512
TRACE Pubdata published: 18

❌ [FAILED] Hash: 0xd1f0eea4aad6e600d771f963fa424b042e08c4aac04e1b866bc9699b5b2ccb65
Initiator: 0xf39fd6e51aad88f6f4ce6ab8827279cfffb92266
Payer: 0xf39fd6e51aad88f6f4ce6ab8827279cfffb92266
Gas Limit: 30_000_000 | Used: 120_345 | Refunded: 29_879_655
Paid: 0.000005445611250000 ETH (120345 gas * 0.045250 gwei)
Refunded: 0.001352054388750000 ETH

