== Z-CORP v3 (v3-x86) setup: campaign setup-20261005T140456Z, session S20261005T140456Z -> /home/ad/Workspace/Z-CORP-V2-workstation/prover/d2-r5/repo/build/campaigns/setup-20261005T140456Z
Failed to inhibit: Access denied
session_id=S20261005T140456Z
kit=v3-x86
window=
hostname=ad-Precision-7920-Tower
kernel=6.14.0-29-generic
os=Ubuntu 24.04.3 LTS
cpu_model=Intel(R) Xeon(R) Platinum 8173M CPU @ 2.00GHz
nproc=112
mem_total_kb=65544952
intel_pstate=active
no_turbo=0
hwp_dynamic_boost=0
governors= 112 powersave;
epp_cpu1_8=performance performance performance performance performance performance performance performance 
numa_balancing=1
thp=always [madvise] never
smt=on
siblings_cpu1_8=1,57 2,58 3,59 4,60 5,61 6,62 7,63 8,64 
node0_cpus=0-27,56-83
cmdline=BOOT_IMAGE=/boot/vmlinuz-6.14.0-29-generic root=UUID=a0a80852-0629-4440-9bfd-2ec18c82d4ed ro quiet splash vt.handoff=7
loadavg=0.59 0.50 0.87 1/1932 95820
sleep_inhibitor_pid=95758
sleep_inhibitor_ok=0
docker: engine=27.5.1 ncpu=112 mem_bytes=67118030848 arch=x86_64 cgroup=v2 kernel=6.14.0-29-generic
host conditions at session start: {"mode": "pre", "accepted": false, "violations": ["sleep inhibitor not held (0)"], "utc_a": "2026-10-05T14:04:59Z", "utc_b": "2026-10-05T14:05:01Z", "seconds": 2.1, "loadavg": "0.62 0.51 0.87 1/1933 96026", "running_containers": 0, "busy_alloc_max": 0.0481, "busy_siblings_max": 0.0144, "busy_other_cpu_equiv": 0.364, "siblings": "57,58,59,60,61,62,63,64", "mhz_alloc": "1000 1000 999 1000 1000 1000 1000 1290", "pkg_temp_c": 37.0, "core_throttle_alloc": "0 0 0 0 0 0 0 0", "pkg_throttle": "0", "governor": "powersave", "no_turbo": "0", "numa_balancing": "1", "thp": "madvise", "intel_pstate": "active", "inhibit": 0}
manifest before: 150 OK, exit 1; corpus: 33 OK, exit 0; tree 5bbe78a6f2ab6ba0a202aa3a39662bb482afa3c8075eb2feb121951387d7d4b2
running containers at setup: 0 (recorded; setup is untimed)
image zcorp-bench:setup-20261005T140456Z id=sha256:9024dbc83b8168363c07d710dcc5e55d6831294a3e7970c28108e31b0b0bfcd7 platform=linux/amd64
{
  "session_id": "S20261005T140456Z",
  "manifest_before_ok": true,
  "manifest_after_ok": true,
  "corpus_after_ok": true,
  "manifest_entries_ok_after": 161,
  "tree_sha256_before": "5bbe78a6f2ab6ba0a202aa3a39662bb482afa3c8075eb2feb121951387d7d4b2",
  "tree_sha256_after": "5bbe78a6f2ab6ba0a202aa3a39662bb482afa3c8075eb2feb121951387d7d4b2",
  "tree_unchanged": true
}
result: SETUP PASS (image sha256:9024dbc83b8168363c07d710dcc5e55d6831294a3e7970c28108e31b0b0bfcd7; ARTIFACTS.sha256 161 OK)
